F:\Project\Modulo3_FPGA\Clase2\Gpio\implementation\system.ngc 1639247237
F:/Project/Modulo3_FPGA/Clase2/Gpio/implementation/system_dip_switches_wrapper.ngc 1639247167
F:/Project/Modulo3_FPGA/Clase2/Gpio/implementation/system_clock_generator_0_wrapper.ngc 1639247219
F:/Project/Modulo3_FPGA/Clase2/Gpio/implementation/system_proc_sys_reset_0_wrapper.ngc 1639247200
F:/Project/Modulo3_FPGA/Clase2/Gpio/implementation/system_microblaze_0_wrapper.ngc 1639247207
F:/Project/Modulo3_FPGA/Clase2/Gpio/implementation/system_mb_plb_wrapper.ngc 1639247120
F:/Project/Modulo3_FPGA/Clase2/Gpio/implementation/system_ilmb_wrapper.ngc 1639247211
F:/Project/Modulo3_FPGA/Clase2/Gpio/implementation/system_dlmb_wrapper.ngc 1639247215
F:/Project/Modulo3_FPGA/Clase2/Gpio/implementation/system_dlmb_cntlr_wrapper.ngc 1639247139
F:/Project/Modulo3_FPGA/Clase2/Gpio/implementation/system_ilmb_cntlr_wrapper.ngc 1639247147
F:/Project/Modulo3_FPGA/Clase2/Gpio/implementation/system_leds_wrapper.ngc 1639247178
F:/Project/Modulo3_FPGA/Clase2/Gpio/implementation/system_mdm_0_wrapper.ngc 1639247193
F:/Project/Modulo3_FPGA/Clase2/Gpio/implementation/system_lmb_bram_wrapper.ngc 1639247156
OK
