Archive member included to satisfy reference by file (symbol)

e:/quartusprime/nios2eds/bin/gnu/h-x86_64-mingw32/bin/../lib/gcc/nios2-elf/5.3.0/../../../../../H-x86_64-mingw32/nios2-elf/lib/mno-hw-mul\libsmallc.a(lib_a-printf.o)
                              obj/default/hello_world.o (printf)
e:/quartusprime/nios2eds/bin/gnu/h-x86_64-mingw32/bin/../lib/gcc/nios2-elf/5.3.0/../../../../../H-x86_64-mingw32/nios2-elf/lib/mno-hw-mul\libsmallc.a(lib_a-vfprintf.o)
                              e:/quartusprime/nios2eds/bin/gnu/h-x86_64-mingw32/bin/../lib/gcc/nios2-elf/5.3.0/../../../../../H-x86_64-mingw32/nios2-elf/lib/mno-hw-mul\libsmallc.a(lib_a-printf.o) (___vfprintf_internal_r)
e:/quartusprime/nios2eds/bin/gnu/h-x86_64-mingw32/bin/../lib/gcc/nios2-elf/5.3.0/../../../../../H-x86_64-mingw32/nios2-elf/lib/mno-hw-mul\libsmallc.a(lib_a-fvwrite_small_dev.o)
                              e:/quartusprime/nios2eds/bin/gnu/h-x86_64-mingw32/bin/../lib/gcc/nios2-elf/5.3.0/../../../../../H-x86_64-mingw32/nios2-elf/lib/mno-hw-mul\libsmallc.a(lib_a-printf.o) (__sfvwrite_small_dev)
e:/quartusprime/nios2eds/bin/gnu/h-x86_64-mingw32/bin/../lib/gcc/nios2-elf/5.3.0/../../../../../H-x86_64-mingw32/nios2-elf/lib/mno-hw-mul\libsmallc.a(lib_a-impure.o)
                              e:/quartusprime/nios2eds/bin/gnu/h-x86_64-mingw32/bin/../lib/gcc/nios2-elf/5.3.0/../../../../../H-x86_64-mingw32/nios2-elf/lib/mno-hw-mul\libsmallc.a(lib_a-printf.o) (_impure_ptr)
e:/quartusprime/nios2eds/bin/gnu/h-x86_64-mingw32/bin/../lib/gcc/nios2-elf/5.3.0/../../../../../H-x86_64-mingw32/nios2-elf/lib/mno-hw-mul\libsmallc.a(lib_a-strlen.o)
                              e:/quartusprime/nios2eds/bin/gnu/h-x86_64-mingw32/bin/../lib/gcc/nios2-elf/5.3.0/../../../../../H-x86_64-mingw32/nios2-elf/lib/mno-hw-mul\libsmallc.a(lib_a-vfprintf.o) (strlen)
e:/quartusprime/nios2eds/bin/gnu/h-x86_64-mingw32/bin/../lib/gcc/nios2-elf/5.3.0/../../../../../H-x86_64-mingw32/nios2-elf/lib/mno-hw-mul\libsmallc.a(lib_a-writer.o)
                              e:/quartusprime/nios2eds/bin/gnu/h-x86_64-mingw32/bin/../lib/gcc/nios2-elf/5.3.0/../../../../../H-x86_64-mingw32/nios2-elf/lib/mno-hw-mul\libsmallc.a(lib_a-fvwrite_small_dev.o) (_write_r)
e:/quartusprime/nios2eds/bin/gnu/h-x86_64-mingw32/bin/../lib/gcc/nios2-elf/5.3.0/../../../../../H-x86_64-mingw32/nios2-elf/lib/mno-hw-mul\libsmallc.a(lib_a-int_errno.o)
                              e:/quartusprime/nios2eds/bin/gnu/h-x86_64-mingw32/bin/../lib/gcc/nios2-elf/5.3.0/../../../../../H-x86_64-mingw32/nios2-elf/lib/mno-hw-mul\libsmallc.a(lib_a-writer.o) (errno)
e:/quartusprime/nios2eds/bin/gnu/h-x86_64-mingw32/bin/../lib/gcc/nios2-elf/5.3.0/mno-hw-mul\libgcc.a(lib2-divmod.o)
                              e:/quartusprime/nios2eds/bin/gnu/h-x86_64-mingw32/bin/../lib/gcc/nios2-elf/5.3.0/../../../../../H-x86_64-mingw32/nios2-elf/lib/mno-hw-mul\libsmallc.a(lib_a-vfprintf.o) (__udivsi3)
e:/quartusprime/nios2eds/bin/gnu/h-x86_64-mingw32/bin/../lib/gcc/nios2-elf/5.3.0/mno-hw-mul\libgcc.a(lib2-mul.o)
                              e:/quartusprime/nios2eds/bin/gnu/h-x86_64-mingw32/bin/../lib/gcc/nios2-elf/5.3.0/../../../../../H-x86_64-mingw32/nios2-elf/lib/mno-hw-mul\libsmallc.a(lib_a-vfprintf.o) (__mulsi3)
../ADC_nios_bsp/\libhal_bsp.a(alt_load.o)
                              ../ADC_nios_bsp//obj/HAL/src/crt0.o (alt_load)
../ADC_nios_bsp/\libhal_bsp.a(alt_main.o)
                              ../ADC_nios_bsp//obj/HAL/src/crt0.o (alt_main)
../ADC_nios_bsp/\libhal_bsp.a(alt_write.o)
                              e:/quartusprime/nios2eds/bin/gnu/h-x86_64-mingw32/bin/../lib/gcc/nios2-elf/5.3.0/../../../../../H-x86_64-mingw32/nios2-elf/lib/mno-hw-mul\libsmallc.a(lib_a-writer.o) (write)
../ADC_nios_bsp/\libhal_bsp.a(alt_sys_init.o)
                              ../ADC_nios_bsp/\libhal_bsp.a(alt_main.o) (alt_irq_init)
../ADC_nios_bsp/\libhal_bsp.a(altera_avalon_jtag_uart_fd.o)
                              ../ADC_nios_bsp/\libhal_bsp.a(alt_sys_init.o) (altera_avalon_jtag_uart_read_fd)
../ADC_nios_bsp/\libhal_bsp.a(altera_avalon_jtag_uart_init.o)
                              ../ADC_nios_bsp/\libhal_bsp.a(alt_sys_init.o) (altera_avalon_jtag_uart_init)
../ADC_nios_bsp/\libhal_bsp.a(altera_avalon_jtag_uart_ioctl.o)
                              ../ADC_nios_bsp/\libhal_bsp.a(altera_avalon_jtag_uart_fd.o) (altera_avalon_jtag_uart_ioctl)
../ADC_nios_bsp/\libhal_bsp.a(altera_avalon_jtag_uart_read.o)
                              ../ADC_nios_bsp/\libhal_bsp.a(altera_avalon_jtag_uart_fd.o) (altera_avalon_jtag_uart_read)
../ADC_nios_bsp/\libhal_bsp.a(altera_avalon_jtag_uart_write.o)
                              ../ADC_nios_bsp/\libhal_bsp.a(altera_avalon_jtag_uart_fd.o) (altera_avalon_jtag_uart_write)
../ADC_nios_bsp/\libhal_bsp.a(alt_alarm_start.o)
                              ../ADC_nios_bsp/\libhal_bsp.a(altera_avalon_jtag_uart_init.o) (alt_alarm_start)
../ADC_nios_bsp/\libhal_bsp.a(alt_close.o)
                              ../ADC_nios_bsp/\libhal_bsp.a(alt_main.o) (close)
../ADC_nios_bsp/\libhal_bsp.a(alt_dcache_flush_all.o)
                              ../ADC_nios_bsp/\libhal_bsp.a(alt_load.o) (alt_dcache_flush_all)
../ADC_nios_bsp/\libhal_bsp.a(alt_dev.o)
                              ../ADC_nios_bsp/\libhal_bsp.a(alt_sys_init.o) (alt_dev_list)
../ADC_nios_bsp/\libhal_bsp.a(alt_dev_llist_insert.o)
                              ../ADC_nios_bsp/\libhal_bsp.a(alt_sys_init.o) (alt_dev_llist_insert)
../ADC_nios_bsp/\libhal_bsp.a(alt_errno.o)
                              ../ADC_nios_bsp/\libhal_bsp.a(alt_write.o) (alt_errno)
../ADC_nios_bsp/\libhal_bsp.a(alt_icache_flush_all.o)
                              ../ADC_nios_bsp/\libhal_bsp.a(alt_load.o) (alt_icache_flush_all)
../ADC_nios_bsp/\libhal_bsp.a(alt_iic.o)
                              ../ADC_nios_bsp/\libhal_bsp.a(altera_avalon_jtag_uart_init.o) (alt_ic_isr_register)
../ADC_nios_bsp/\libhal_bsp.a(alt_iic_isr_register.o)
                              ../ADC_nios_bsp/\libhal_bsp.a(alt_iic.o) (alt_iic_isr_register)
../ADC_nios_bsp/\libhal_bsp.a(alt_io_redirect.o)
                              ../ADC_nios_bsp/\libhal_bsp.a(alt_main.o) (alt_io_redirect)
../ADC_nios_bsp/\libhal_bsp.a(alt_irq_entry.o)
                              ../ADC_nios_bsp/\libhal_bsp.a(alt_iic_isr_register.o) (alt_irq_entry)
../ADC_nios_bsp/\libhal_bsp.a(alt_irq_handler.o)
                              ../ADC_nios_bsp/\libhal_bsp.a(alt_iic_isr_register.o) (alt_irq)
../ADC_nios_bsp/\libhal_bsp.a(alt_irq_vars.o)
                              ../ADC_nios_bsp/\libhal_bsp.a(alt_iic.o) (alt_irq_active)
../ADC_nios_bsp/\libhal_bsp.a(alt_open.o)
                              ../ADC_nios_bsp/\libhal_bsp.a(alt_io_redirect.o) (open)
../ADC_nios_bsp/\libhal_bsp.a(alt_release_fd.o)
                              ../ADC_nios_bsp/\libhal_bsp.a(alt_close.o) (alt_release_fd)
../ADC_nios_bsp/\libhal_bsp.a(alt_tick.o)
                              ../ADC_nios_bsp/\libhal_bsp.a(altera_avalon_jtag_uart_init.o) (_alt_tick_rate)
../ADC_nios_bsp/\libhal_bsp.a(altera_nios2_qsys_irq.o)
                              ../ADC_nios_bsp/\libhal_bsp.a(alt_sys_init.o) (altera_nios2_qsys_irq_init)
../ADC_nios_bsp/\libhal_bsp.a(alt_exception_entry.o)
                              ../ADC_nios_bsp/\libhal_bsp.a(alt_irq_entry.o) (alt_exception)
../ADC_nios_bsp/\libhal_bsp.a(alt_find_dev.o)
                              ../ADC_nios_bsp/\libhal_bsp.a(alt_open.o) (alt_find_dev)
../ADC_nios_bsp/\libhal_bsp.a(alt_find_file.o)
                              ../ADC_nios_bsp/\libhal_bsp.a(alt_open.o) (alt_find_file)
../ADC_nios_bsp/\libhal_bsp.a(alt_get_fd.o)
                              ../ADC_nios_bsp/\libhal_bsp.a(alt_open.o) (alt_get_fd)
e:/quartusprime/nios2eds/bin/gnu/h-x86_64-mingw32/bin/../lib/gcc/nios2-elf/5.3.0/../../../../../H-x86_64-mingw32/nios2-elf/lib/mno-hw-mul\libsmallc.a(lib_a-exit.o)
                              ../ADC_nios_bsp/\libhal_bsp.a(alt_main.o) (exit)
e:/quartusprime/nios2eds/bin/gnu/h-x86_64-mingw32/bin/../lib/gcc/nios2-elf/5.3.0/../../../../../H-x86_64-mingw32/nios2-elf/lib/mno-hw-mul\libsmallc.a(lib_a-memcmp.o)
                              ../ADC_nios_bsp/\libhal_bsp.a(alt_find_dev.o) (memcmp)
e:/quartusprime/nios2eds/bin/gnu/h-x86_64-mingw32/bin/../lib/gcc/nios2-elf/5.3.0/../../../../../H-x86_64-mingw32/nios2-elf/lib/mno-hw-mul\libsmallc.a(lib_a-memcpy.o)
                              ../ADC_nios_bsp/\libhal_bsp.a(altera_avalon_jtag_uart_read.o) (memcpy)
e:/quartusprime/nios2eds/bin/gnu/h-x86_64-mingw32/bin/../lib/gcc/nios2-elf/5.3.0/../../../../../H-x86_64-mingw32/nios2-elf/lib/mno-hw-mul\libsmallc.a(lib_a-__call_atexit.o)
                              e:/quartusprime/nios2eds/bin/gnu/h-x86_64-mingw32/bin/../lib/gcc/nios2-elf/5.3.0/../../../../../H-x86_64-mingw32/nios2-elf/lib/mno-hw-mul\libsmallc.a(lib_a-exit.o) (__call_exitprocs)
../ADC_nios_bsp/\libhal_bsp.a(alt_exit.o)
                              e:/quartusprime/nios2eds/bin/gnu/h-x86_64-mingw32/bin/../lib/gcc/nios2-elf/5.3.0/../../../../../H-x86_64-mingw32/nios2-elf/lib/mno-hw-mul\libsmallc.a(lib_a-exit.o) (_exit)

Allocating common symbols
Common symbol       size              file

alt_irq             0x100             ../ADC_nios_bsp/\libhal_bsp.a(alt_irq_handler.o)
errno               0x4               e:/quartusprime/nios2eds/bin/gnu/h-x86_64-mingw32/bin/../lib/gcc/nios2-elf/5.3.0/../../../../../H-x86_64-mingw32/nios2-elf/lib/mno-hw-mul\libsmallc.a(lib_a-int_errno.o)

Memory Configuration

Name             Origin             Length             Attributes
reset            0x0000000000010000 0x0000000000000020
memory           0x0000000000010020 0x0000000000009c20
*default*        0x0000000000000000 0xffffffffffffffff

Linker script and memory map

LOAD ../ADC_nios_bsp//obj/HAL/src/crt0.o
LOAD obj/default/hello_world.o
LOAD e:/quartusprime/nios2eds/bin/gnu/h-x86_64-mingw32/bin/../lib/gcc/nios2-elf/5.3.0/../../../../../H-x86_64-mingw32/nios2-elf/lib/mno-hw-mul\libstdc++.a
LOAD e:/quartusprime/nios2eds/bin/gnu/h-x86_64-mingw32/bin/../lib/gcc/nios2-elf/5.3.0/../../../../../H-x86_64-mingw32/nios2-elf/lib/mno-hw-mul\libm.a
LOAD e:/quartusprime/nios2eds/bin/gnu/h-x86_64-mingw32/bin/../lib/gcc/nios2-elf/5.3.0/mno-hw-mul\libgcc.a
START GROUP
LOAD e:/quartusprime/nios2eds/bin/gnu/h-x86_64-mingw32/bin/../lib/gcc/nios2-elf/5.3.0/../../../../../H-x86_64-mingw32/nios2-elf/lib/mno-hw-mul\libsmallc.a
LOAD e:/quartusprime/nios2eds/bin/gnu/h-x86_64-mingw32/bin/../lib/gcc/nios2-elf/5.3.0/mno-hw-mul\libgcc.a
LOAD ../ADC_nios_bsp/\libhal_bsp.a
LOAD e:/quartusprime/nios2eds/bin/gnu/h-x86_64-mingw32/bin/../lib/gcc/nios2-elf/5.3.0/../../../../../H-x86_64-mingw32/nios2-elf/lib/mno-hw-mul\libm.a
END GROUP
LOAD e:/quartusprime/nios2eds/bin/gnu/h-x86_64-mingw32/bin/../lib/gcc/nios2-elf/5.3.0/mno-hw-mul\libgcc.a
                0x0000000000010000                __alt_mem_memory = 0x10000

.entry          0x0000000000010000       0x20
 *(.entry)
 .entry         0x0000000000010000       0x20 ../ADC_nios_bsp//obj/HAL/src/crt0.o
                0x0000000000010000                __reset

.exceptions     0x0000000000010020      0x1a0
                0x0000000000010020                PROVIDE (__ram_exceptions_start, ABSOLUTE (.))
                0x0000000000010020                . = ALIGN (0x20)
 *(.irq)
 *(.exceptions.entry.label)
 .exceptions.entry.label
                0x0000000000010020        0x0 ../ADC_nios_bsp/\libhal_bsp.a(alt_irq_entry.o)
                0x0000000000010020                alt_irq_entry
 .exceptions.entry.label
                0x0000000000010020        0x0 ../ADC_nios_bsp/\libhal_bsp.a(alt_exception_entry.o)
                0x0000000000010020                alt_exception
 *(.exceptions.entry.user)
 *(.exceptions.entry.ecc_fatal)
 *(.exceptions.entry)
 .exceptions.entry
                0x0000000000010020       0x54 ../ADC_nios_bsp/\libhal_bsp.a(alt_exception_entry.o)
 *(.exceptions.irqtest.user)
 *(.exceptions.irqtest)
 .exceptions.irqtest
                0x0000000000010074       0x10 ../ADC_nios_bsp/\libhal_bsp.a(alt_irq_entry.o)
 *(.exceptions.irqhandler.user)
 *(.exceptions.irqhandler)
 .exceptions.irqhandler
                0x0000000000010084        0x4 ../ADC_nios_bsp/\libhal_bsp.a(alt_irq_entry.o)
 *(.exceptions.irqreturn.user)
 *(.exceptions.irqreturn)
 .exceptions.irqreturn
                0x0000000000010088        0x4 ../ADC_nios_bsp/\libhal_bsp.a(alt_irq_entry.o)
 *(.exceptions.notirq.label)
 .exceptions.notirq.label
                0x000000000001008c        0x0 ../ADC_nios_bsp/\libhal_bsp.a(alt_irq_entry.o)
 *(.exceptions.notirq.user)
 *(.exceptions.notirq)
 .exceptions.notirq
                0x000000000001008c        0x8 ../ADC_nios_bsp/\libhal_bsp.a(alt_exception_entry.o)
 *(.exceptions.soft.user)
 *(.exceptions.soft)
 *(.exceptions.unknown.user)
 *(.exceptions.unknown)
 .exceptions.unknown
                0x0000000000010094        0x4 ../ADC_nios_bsp/\libhal_bsp.a(alt_exception_entry.o)
 *(.exceptions.exit.label)
 .exceptions.exit.label
                0x0000000000010098        0x0 ../ADC_nios_bsp/\libhal_bsp.a(alt_irq_entry.o)
 .exceptions.exit.label
                0x0000000000010098        0x0 ../ADC_nios_bsp/\libhal_bsp.a(alt_exception_entry.o)
 *(.exceptions.exit.user)
 *(.exceptions.exit)
 .exceptions.exit
                0x0000000000010098       0x54 ../ADC_nios_bsp/\libhal_bsp.a(alt_exception_entry.o)
 *(.exceptions)
 .exceptions    0x00000000000100ec       0xd4 ../ADC_nios_bsp/\libhal_bsp.a(alt_irq_handler.o)
                0x00000000000100ec                alt_irq_handler
                0x00000000000101c0                PROVIDE (__ram_exceptions_end, ABSOLUTE (.))
                0x0000000000010020                PROVIDE (__flash_exceptions_start, LOADADDR (.exceptions))

.text           0x00000000000101c0     0x28e8
                [!provide]                        PROVIDE (stext, ABSOLUTE (.))
 *(.interp)
 *(.hash)
 *(.dynsym)
 *(.dynstr)
 *(.gnu.version)
 *(.gnu.version_d)
 *(.gnu.version_r)
 *(.rel.init)
 *(.rela.init)
 *(.rel.text .rel.text.* .rel.gnu.linkonce.t.*)
 *(.rela.text .rela.text.* .rela.gnu.linkonce.t.*)
 *(.rel.fini)
 *(.rela.fini)
 *(.rel.rodata .rel.rodata.* .rel.gnu.linkonce.r.*)
 *(.rela.rodata .rela.rodata.* .rela.gnu.linkonce.r.*)
 *(.rel.data .rel.data.* .rel.gnu.linkonce.d.*)
 *(.rela.data .rela.data.* .rela.gnu.linkonce.d.*)
 *(.rel.tdata .rel.tdata.* .rel.gnu.linkonce.td.*)
 *(.rela.tdata .rela.tdata.* .rela.gnu.linkonce.td.*)
 *(.rel.tbss .rel.tbss.* .rel.gnu.linkonce.tb.*)
 *(.rela.tbss .rela.tbss.* .rela.gnu.linkonce.tb.*)
 *(.rel.ctors)
 *(.rela.ctors)
 *(.rel.dtors)
 *(.rela.dtors)
 *(.rel.got)
 *(.rela.got)
 *(.rel.sdata .rel.sdata.* .rel.gnu.linkonce.s.*)
 *(.rela.sdata .rela.sdata.* .rela.gnu.linkonce.s.*)
 *(.rel.sbss .rel.sbss.* .rel.gnu.linkonce.sb.*)
 *(.rela.sbss .rela.sbss.* .rela.gnu.linkonce.sb.*)
 *(.rel.sdata2 .rel.sdata2.* .rel.gnu.linkonce.s2.*)
 *(.rela.sdata2 .rela.sdata2.* .rela.gnu.linkonce.s2.*)
 *(.rel.sbss2 .rel.sbss2.* .rel.gnu.linkonce.sb2.*)
 *(.rela.sbss2 .rela.sbss2.* .rela.gnu.linkonce.sb2.*)
 *(.rel.bss .rel.bss.* .rel.gnu.linkonce.b.*)
 *(.rela.bss .rela.bss.* .rela.gnu.linkonce.b.*)
 *(.rel.plt)
 *(.rela.plt)
 *(.rel.dyn)
 *(.init)
 *(.plt)
 *(.text .stub .text.* .gnu.linkonce.t.*)
 .text          0x00000000000101c0       0x3c ../ADC_nios_bsp//obj/HAL/src/crt0.o
                0x00000000000101c0                _start
 .text          0x00000000000101fc       0xb4 obj/default/hello_world.o
                0x00000000000101fc                main
 .text          0x00000000000102b0        0x0 e:/quartusprime/nios2eds/bin/gnu/h-x86_64-mingw32/bin/../lib/gcc/nios2-elf/5.3.0/../../../../../H-x86_64-mingw32/nios2-elf/lib/mno-hw-mul\libsmallc.a(lib_a-printf.o)
 .text._printf_r
                0x00000000000102b0       0x3c e:/quartusprime/nios2eds/bin/gnu/h-x86_64-mingw32/bin/../lib/gcc/nios2-elf/5.3.0/../../../../../H-x86_64-mingw32/nios2-elf/lib/mno-hw-mul\libsmallc.a(lib_a-printf.o)
                0x00000000000102b0                _printf_r
 .text.printf   0x00000000000102ec       0x4c e:/quartusprime/nios2eds/bin/gnu/h-x86_64-mingw32/bin/../lib/gcc/nios2-elf/5.3.0/../../../../../H-x86_64-mingw32/nios2-elf/lib/mno-hw-mul\libsmallc.a(lib_a-printf.o)
                0x00000000000102ec                printf
 .text          0x0000000000010338        0x0 e:/quartusprime/nios2eds/bin/gnu/h-x86_64-mingw32/bin/../lib/gcc/nios2-elf/5.3.0/../../../../../H-x86_64-mingw32/nios2-elf/lib/mno-hw-mul\libsmallc.a(lib_a-vfprintf.o)
 .text.print_repeat
                0x0000000000010338       0x6c e:/quartusprime/nios2eds/bin/gnu/h-x86_64-mingw32/bin/../lib/gcc/nios2-elf/5.3.0/../../../../../H-x86_64-mingw32/nios2-elf/lib/mno-hw-mul\libsmallc.a(lib_a-vfprintf.o)
 .text.___vfprintf_internal_r
                0x00000000000103a4      0x52c e:/quartusprime/nios2eds/bin/gnu/h-x86_64-mingw32/bin/../lib/gcc/nios2-elf/5.3.0/../../../../../H-x86_64-mingw32/nios2-elf/lib/mno-hw-mul\libsmallc.a(lib_a-vfprintf.o)
                0x00000000000103a4                ___vfprintf_internal_r
 .text.__vfprintf_internal
                0x00000000000108d0       0x1c e:/quartusprime/nios2eds/bin/gnu/h-x86_64-mingw32/bin/../lib/gcc/nios2-elf/5.3.0/../../../../../H-x86_64-mingw32/nios2-elf/lib/mno-hw-mul\libsmallc.a(lib_a-vfprintf.o)
                0x00000000000108d0                __vfprintf_internal
 .text          0x00000000000108ec        0x0 e:/quartusprime/nios2eds/bin/gnu/h-x86_64-mingw32/bin/../lib/gcc/nios2-elf/5.3.0/../../../../../H-x86_64-mingw32/nios2-elf/lib/mno-hw-mul\libsmallc.a(lib_a-fvwrite_small_dev.o)
 .text.__sfvwrite_small_dev
                0x00000000000108ec       0xb8 e:/quartusprime/nios2eds/bin/gnu/h-x86_64-mingw32/bin/../lib/gcc/nios2-elf/5.3.0/../../../../../H-x86_64-mingw32/nios2-elf/lib/mno-hw-mul\libsmallc.a(lib_a-fvwrite_small_dev.o)
                0x00000000000108ec                __sfvwrite_small_dev
 .text          0x00000000000109a4        0x0 e:/quartusprime/nios2eds/bin/gnu/h-x86_64-mingw32/bin/../lib/gcc/nios2-elf/5.3.0/../../../../../H-x86_64-mingw32/nios2-elf/lib/mno-hw-mul\libsmallc.a(lib_a-impure.o)
 .text          0x00000000000109a4        0x0 e:/quartusprime/nios2eds/bin/gnu/h-x86_64-mingw32/bin/../lib/gcc/nios2-elf/5.3.0/../../../../../H-x86_64-mingw32/nios2-elf/lib/mno-hw-mul\libsmallc.a(lib_a-strlen.o)
 .text.strlen   0x00000000000109a4       0x1c e:/quartusprime/nios2eds/bin/gnu/h-x86_64-mingw32/bin/../lib/gcc/nios2-elf/5.3.0/../../../../../H-x86_64-mingw32/nios2-elf/lib/mno-hw-mul\libsmallc.a(lib_a-strlen.o)
                0x00000000000109a4                strlen
 .text          0x00000000000109c0        0x0 e:/quartusprime/nios2eds/bin/gnu/h-x86_64-mingw32/bin/../lib/gcc/nios2-elf/5.3.0/../../../../../H-x86_64-mingw32/nios2-elf/lib/mno-hw-mul\libsmallc.a(lib_a-writer.o)
 .text._write_r
                0x00000000000109c0       0x58 e:/quartusprime/nios2eds/bin/gnu/h-x86_64-mingw32/bin/../lib/gcc/nios2-elf/5.3.0/../../../../../H-x86_64-mingw32/nios2-elf/lib/mno-hw-mul\libsmallc.a(lib_a-writer.o)
                0x00000000000109c0                _write_r
 .text          0x0000000000010a18        0x0 e:/quartusprime/nios2eds/bin/gnu/h-x86_64-mingw32/bin/../lib/gcc/nios2-elf/5.3.0/../../../../../H-x86_64-mingw32/nios2-elf/lib/mno-hw-mul\libsmallc.a(lib_a-int_errno.o)
 .text          0x0000000000010a18      0x1b4 e:/quartusprime/nios2eds/bin/gnu/h-x86_64-mingw32/bin/../lib/gcc/nios2-elf/5.3.0/mno-hw-mul\libgcc.a(lib2-divmod.o)
                0x0000000000010a18                __divsi3
                0x0000000000010a9c                __modsi3
                0x0000000000010b10                __udivsi3
                0x0000000000010b74                __umodsi3
 .text          0x0000000000010bcc       0x28 e:/quartusprime/nios2eds/bin/gnu/h-x86_64-mingw32/bin/../lib/gcc/nios2-elf/5.3.0/mno-hw-mul\libgcc.a(lib2-mul.o)
                0x0000000000010bcc                __mulsi3
 .text          0x0000000000010bf4       0xec ../ADC_nios_bsp/\libhal_bsp.a(alt_load.o)
                0x0000000000010c5c                alt_load
 .text          0x0000000000010ce0       0x6c ../ADC_nios_bsp/\libhal_bsp.a(alt_main.o)
                0x0000000000010ce0                alt_main
 .text          0x0000000000010d4c      0x13c ../ADC_nios_bsp/\libhal_bsp.a(alt_write.o)
                0x0000000000010d88                write
 .text          0x0000000000010e88       0xc4 ../ADC_nios_bsp/\libhal_bsp.a(alt_sys_init.o)
                0x0000000000010ebc                alt_irq_init
                0x0000000000010ef4                alt_sys_init
 .text          0x0000000000010f4c      0x164 ../ADC_nios_bsp/\libhal_bsp.a(altera_avalon_jtag_uart_fd.o)
                0x0000000000010f4c                altera_avalon_jtag_uart_read_fd
                0x0000000000010fac                altera_avalon_jtag_uart_write_fd
                0x000000000001100c                altera_avalon_jtag_uart_close_fd
                0x000000000001105c                altera_avalon_jtag_uart_ioctl_fd
 .text          0x00000000000110b0      0x3d4 ../ADC_nios_bsp/\libhal_bsp.a(altera_avalon_jtag_uart_init.o)
                0x00000000000110b0                altera_avalon_jtag_uart_init
                0x000000000001141c                altera_avalon_jtag_uart_close
 .text          0x0000000000011484       0xf0 ../ADC_nios_bsp/\libhal_bsp.a(altera_avalon_jtag_uart_ioctl.o)
                0x0000000000011484                altera_avalon_jtag_uart_ioctl
 .text          0x0000000000011574      0x21c ../ADC_nios_bsp/\libhal_bsp.a(altera_avalon_jtag_uart_read.o)
                0x0000000000011574                altera_avalon_jtag_uart_read
 .text          0x0000000000011790      0x224 ../ADC_nios_bsp/\libhal_bsp.a(altera_avalon_jtag_uart_write.o)
                0x0000000000011790                altera_avalon_jtag_uart_write
 .text          0x00000000000119b4      0x12c ../ADC_nios_bsp/\libhal_bsp.a(alt_alarm_start.o)
                0x00000000000119b4                alt_alarm_start
 .text          0x0000000000011ae0      0x114 ../ADC_nios_bsp/\libhal_bsp.a(alt_close.o)
                0x0000000000011b1c                close
 .text          0x0000000000011bf4       0x20 ../ADC_nios_bsp/\libhal_bsp.a(alt_dcache_flush_all.o)
                0x0000000000011bf4                alt_dcache_flush_all
 .text          0x0000000000011c14       0x2c ../ADC_nios_bsp/\libhal_bsp.a(alt_dev.o)
 .text          0x0000000000011c40       0xe0 ../ADC_nios_bsp/\libhal_bsp.a(alt_dev_llist_insert.o)
                0x0000000000011c7c                alt_dev_llist_insert
 .text          0x0000000000011d20        0x0 ../ADC_nios_bsp/\libhal_bsp.a(alt_errno.o)
 .text          0x0000000000011d20       0x20 ../ADC_nios_bsp/\libhal_bsp.a(alt_icache_flush_all.o)
                0x0000000000011d20                alt_icache_flush_all
 .text          0x0000000000011d40      0x1b0 ../ADC_nios_bsp/\libhal_bsp.a(alt_iic.o)
                0x0000000000011d40                alt_ic_isr_register
                0x0000000000011d90                alt_ic_irq_enable
                0x0000000000011e18                alt_ic_irq_disable
                0x0000000000011ea4                alt_ic_irq_enabled
 .text          0x0000000000011ef0       0xf0 ../ADC_nios_bsp/\libhal_bsp.a(alt_iic_isr_register.o)
                0x0000000000011ef0                alt_iic_isr_register
 .text          0x0000000000011fe0      0x160 ../ADC_nios_bsp/\libhal_bsp.a(alt_io_redirect.o)
                0x00000000000120c4                alt_io_redirect
 .text          0x0000000000012140        0x0 ../ADC_nios_bsp/\libhal_bsp.a(alt_irq_entry.o)
 .text          0x0000000000012140        0x0 ../ADC_nios_bsp/\libhal_bsp.a(alt_irq_handler.o)
 .text          0x0000000000012140        0x0 ../ADC_nios_bsp/\libhal_bsp.a(alt_irq_vars.o)
 .text          0x0000000000012140      0x284 ../ADC_nios_bsp/\libhal_bsp.a(alt_open.o)
                0x0000000000012268                open
 .text          0x00000000000123c4       0x84 ../ADC_nios_bsp/\libhal_bsp.a(alt_release_fd.o)
                0x00000000000123c4                alt_release_fd
 .text          0x0000000000012448      0x1a4 ../ADC_nios_bsp/\libhal_bsp.a(alt_tick.o)
                0x0000000000012448                alt_alarm_stop
                0x00000000000124e4                alt_tick
 .text          0x00000000000125ec       0x24 ../ADC_nios_bsp/\libhal_bsp.a(altera_nios2_qsys_irq.o)
                0x00000000000125ec                altera_nios2_qsys_irq_init
 .text          0x0000000000012610        0x0 ../ADC_nios_bsp/\libhal_bsp.a(alt_exception_entry.o)
 .text          0x0000000000012610       0x90 ../ADC_nios_bsp/\libhal_bsp.a(alt_find_dev.o)
                0x0000000000012610                alt_find_dev
 .text          0x00000000000126a0      0x108 ../ADC_nios_bsp/\libhal_bsp.a(alt_find_file.o)
                0x00000000000126a0                alt_find_file
 .text          0x00000000000127a8       0xc4 ../ADC_nios_bsp/\libhal_bsp.a(alt_get_fd.o)
                0x00000000000127a8                alt_get_fd
 .text          0x000000000001286c        0x0 e:/quartusprime/nios2eds/bin/gnu/h-x86_64-mingw32/bin/../lib/gcc/nios2-elf/5.3.0/../../../../../H-x86_64-mingw32/nios2-elf/lib/mno-hw-mul\libsmallc.a(lib_a-exit.o)
 .text.exit     0x000000000001286c       0x20 e:/quartusprime/nios2eds/bin/gnu/h-x86_64-mingw32/bin/../lib/gcc/nios2-elf/5.3.0/../../../../../H-x86_64-mingw32/nios2-elf/lib/mno-hw-mul\libsmallc.a(lib_a-exit.o)
                0x000000000001286c                exit
 .text          0x000000000001288c        0x0 e:/quartusprime/nios2eds/bin/gnu/h-x86_64-mingw32/bin/../lib/gcc/nios2-elf/5.3.0/../../../../../H-x86_64-mingw32/nios2-elf/lib/mno-hw-mul\libsmallc.a(lib_a-memcmp.o)
 .text.memcmp   0x000000000001288c       0x30 e:/quartusprime/nios2eds/bin/gnu/h-x86_64-mingw32/bin/../lib/gcc/nios2-elf/5.3.0/../../../../../H-x86_64-mingw32/nios2-elf/lib/mno-hw-mul\libsmallc.a(lib_a-memcmp.o)
                0x000000000001288c                memcmp
 .text          0x00000000000128bc        0x0 e:/quartusprime/nios2eds/bin/gnu/h-x86_64-mingw32/bin/../lib/gcc/nios2-elf/5.3.0/../../../../../H-x86_64-mingw32/nios2-elf/lib/mno-hw-mul\libsmallc.a(lib_a-memcpy.o)
 .text.memcpy   0x00000000000128bc       0x28 e:/quartusprime/nios2eds/bin/gnu/h-x86_64-mingw32/bin/../lib/gcc/nios2-elf/5.3.0/../../../../../H-x86_64-mingw32/nios2-elf/lib/mno-hw-mul\libsmallc.a(lib_a-memcpy.o)
                0x00000000000128bc                memcpy
 .text          0x00000000000128e4        0x0 e:/quartusprime/nios2eds/bin/gnu/h-x86_64-mingw32/bin/../lib/gcc/nios2-elf/5.3.0/../../../../../H-x86_64-mingw32/nios2-elf/lib/mno-hw-mul\libsmallc.a(lib_a-__call_atexit.o)
 .text.__call_exitprocs
                0x00000000000128e4      0x190 e:/quartusprime/nios2eds/bin/gnu/h-x86_64-mingw32/bin/../lib/gcc/nios2-elf/5.3.0/../../../../../H-x86_64-mingw32/nios2-elf/lib/mno-hw-mul\libsmallc.a(lib_a-__call_atexit.o)
                0x00000000000128e4                __call_exitprocs
 .text          0x0000000000012a74       0x34 ../ADC_nios_bsp/\libhal_bsp.a(alt_exit.o)
                0x0000000000012a74                _exit
 *(.gnu.warning.*)
 *(.fini)
                [!provide]                        PROVIDE (__etext, ABSOLUTE (.))
                [!provide]                        PROVIDE (_etext, ABSOLUTE (.))
                [!provide]                        PROVIDE (etext, ABSOLUTE (.))
 *(.eh_frame_hdr)
                0x0000000000012aa8                . = ALIGN (0x4)
                [!provide]                        PROVIDE (__preinit_array_start, ABSOLUTE (.))
 *(.preinit_array)
                [!provide]                        PROVIDE (__preinit_array_end, ABSOLUTE (.))
                [!provide]                        PROVIDE (__init_array_start, ABSOLUTE (.))
 *(.init_array)
                [!provide]                        PROVIDE (__init_array_end, ABSOLUTE (.))
                [!provide]                        PROVIDE (__fini_array_start, ABSOLUTE (.))
 *(.fini_array)
                [!provide]                        PROVIDE (__fini_array_end, ABSOLUTE (.))
 *(.eh_frame)
 *(.gcc_except_table .gcc_except_table.*)
 *(.dynamic)
                [!provide]                        PROVIDE (__CTOR_LIST__, ABSOLUTE (.))
 *(.ctors)
 *(SORT(.ctors.*))
                [!provide]                        PROVIDE (__CTOR_END__, ABSOLUTE (.))
                [!provide]                        PROVIDE (__DTOR_LIST__, ABSOLUTE (.))
 *(.dtors)
 *(SORT(.dtors.*))
                [!provide]                        PROVIDE (__DTOR_END__, ABSOLUTE (.))
 *(.jcr)
                0x0000000000012aa8                . = ALIGN (0x4)

.rodata         0x0000000000012aa8       0x48
                0x0000000000012aa8                PROVIDE (__ram_rodata_start, ABSOLUTE (.))
                0x0000000000012aa8                . = ALIGN (0x4)
 *(.rodata .rodata.* .gnu.linkonce.r.*)
 .rodata        0x0000000000012aa8        0xd obj/default/hello_world.o
 *fill*         0x0000000000012ab5        0x3 
 .rodata        0x0000000000012ab8        0xf ../ADC_nios_bsp/\libhal_bsp.a(alt_main.o)
 *fill*         0x0000000000012ac7        0x1 
 .rodata        0x0000000000012ac8       0x19 ../ADC_nios_bsp/\libhal_bsp.a(alt_sys_init.o)
 *fill*         0x0000000000012ae1        0x3 
 .rodata        0x0000000000012ae4        0xa ../ADC_nios_bsp/\libhal_bsp.a(alt_dev.o)
 *(.rodata1)
                0x0000000000012af0                . = ALIGN (0x4)
 *fill*         0x0000000000012aee        0x2 
                0x0000000000012af0                PROVIDE (__ram_rodata_end, ABSOLUTE (.))
                0x0000000000012aa8                PROVIDE (__flash_rodata_start, LOADADDR (.rodata))

.rwdata         0x0000000000012af0     0x1340 load address 0x0000000000013e30
                0x0000000000012af0                PROVIDE (__ram_rwdata_start, ABSOLUTE (.))
                0x0000000000012af0                . = ALIGN (0x4)
 *(.got.plt)
 *(.got)
 *(.data1)
 *(.data .data.* .gnu.linkonce.d.*)
 .data          0x0000000000012af0        0x0 ../ADC_nios_bsp//obj/HAL/src/crt0.o
 .data          0x0000000000012af0        0x0 obj/default/hello_world.o
 .data          0x0000000000012af0        0x0 e:/quartusprime/nios2eds/bin/gnu/h-x86_64-mingw32/bin/../lib/gcc/nios2-elf/5.3.0/../../../../../H-x86_64-mingw32/nios2-elf/lib/mno-hw-mul\libsmallc.a(lib_a-printf.o)
 .data          0x0000000000012af0        0x0 e:/quartusprime/nios2eds/bin/gnu/h-x86_64-mingw32/bin/../lib/gcc/nios2-elf/5.3.0/../../../../../H-x86_64-mingw32/nios2-elf/lib/mno-hw-mul\libsmallc.a(lib_a-vfprintf.o)
 .data          0x0000000000012af0        0x0 e:/quartusprime/nios2eds/bin/gnu/h-x86_64-mingw32/bin/../lib/gcc/nios2-elf/5.3.0/../../../../../H-x86_64-mingw32/nios2-elf/lib/mno-hw-mul\libsmallc.a(lib_a-fvwrite_small_dev.o)
 .data          0x0000000000012af0        0x0 e:/quartusprime/nios2eds/bin/gnu/h-x86_64-mingw32/bin/../lib/gcc/nios2-elf/5.3.0/../../../../../H-x86_64-mingw32/nios2-elf/lib/mno-hw-mul\libsmallc.a(lib_a-impure.o)
 .data.impure_data
                0x0000000000012af0       0xe0 e:/quartusprime/nios2eds/bin/gnu/h-x86_64-mingw32/bin/../lib/gcc/nios2-elf/5.3.0/../../../../../H-x86_64-mingw32/nios2-elf/lib/mno-hw-mul\libsmallc.a(lib_a-impure.o)
 .data          0x0000000000012bd0        0x0 e:/quartusprime/nios2eds/bin/gnu/h-x86_64-mingw32/bin/../lib/gcc/nios2-elf/5.3.0/../../../../../H-x86_64-mingw32/nios2-elf/lib/mno-hw-mul\libsmallc.a(lib_a-strlen.o)
 .data          0x0000000000012bd0        0x0 e:/quartusprime/nios2eds/bin/gnu/h-x86_64-mingw32/bin/../lib/gcc/nios2-elf/5.3.0/../../../../../H-x86_64-mingw32/nios2-elf/lib/mno-hw-mul\libsmallc.a(lib_a-writer.o)
 .data          0x0000000000012bd0        0x0 e:/quartusprime/nios2eds/bin/gnu/h-x86_64-mingw32/bin/../lib/gcc/nios2-elf/5.3.0/../../../../../H-x86_64-mingw32/nios2-elf/lib/mno-hw-mul\libsmallc.a(lib_a-int_errno.o)
 .data          0x0000000000012bd0        0x0 e:/quartusprime/nios2eds/bin/gnu/h-x86_64-mingw32/bin/../lib/gcc/nios2-elf/5.3.0/mno-hw-mul\libgcc.a(lib2-divmod.o)
 .data          0x0000000000012bd0        0x0 e:/quartusprime/nios2eds/bin/gnu/h-x86_64-mingw32/bin/../lib/gcc/nios2-elf/5.3.0/mno-hw-mul\libgcc.a(lib2-mul.o)
 .data          0x0000000000012bd0        0x0 ../ADC_nios_bsp/\libhal_bsp.a(alt_load.o)
 .data          0x0000000000012bd0        0x0 ../ADC_nios_bsp/\libhal_bsp.a(alt_main.o)
 .data          0x0000000000012bd0        0x0 ../ADC_nios_bsp/\libhal_bsp.a(alt_write.o)
 .data          0x0000000000012bd0     0x108c ../ADC_nios_bsp/\libhal_bsp.a(alt_sys_init.o)
 .data          0x0000000000013c5c        0x0 ../ADC_nios_bsp/\libhal_bsp.a(altera_avalon_jtag_uart_fd.o)
 .data          0x0000000000013c5c        0x0 ../ADC_nios_bsp/\libhal_bsp.a(altera_avalon_jtag_uart_init.o)
 .data          0x0000000000013c5c        0x0 ../ADC_nios_bsp/\libhal_bsp.a(altera_avalon_jtag_uart_ioctl.o)
 .data          0x0000000000013c5c        0x0 ../ADC_nios_bsp/\libhal_bsp.a(altera_avalon_jtag_uart_read.o)
 .data          0x0000000000013c5c        0x0 ../ADC_nios_bsp/\libhal_bsp.a(altera_avalon_jtag_uart_write.o)
 .data          0x0000000000013c5c        0x0 ../ADC_nios_bsp/\libhal_bsp.a(alt_alarm_start.o)
 .data          0x0000000000013c5c        0x0 ../ADC_nios_bsp/\libhal_bsp.a(alt_close.o)
 .data          0x0000000000013c5c        0x0 ../ADC_nios_bsp/\libhal_bsp.a(alt_dcache_flush_all.o)
 .data          0x0000000000013c5c      0x1a8 ../ADC_nios_bsp/\libhal_bsp.a(alt_dev.o)
                0x0000000000013c5c                alt_dev_null
                0x0000000000013c84                alt_fd_list
 .data          0x0000000000013e04        0x0 ../ADC_nios_bsp/\libhal_bsp.a(alt_dev_llist_insert.o)
 .data          0x0000000000013e04        0x0 ../ADC_nios_bsp/\libhal_bsp.a(alt_errno.o)
 .data          0x0000000000013e04        0x0 ../ADC_nios_bsp/\libhal_bsp.a(alt_icache_flush_all.o)
 .data          0x0000000000013e04        0x0 ../ADC_nios_bsp/\libhal_bsp.a(alt_iic.o)
 .data          0x0000000000013e04        0x0 ../ADC_nios_bsp/\libhal_bsp.a(alt_iic_isr_register.o)
 .data          0x0000000000013e04        0x0 ../ADC_nios_bsp/\libhal_bsp.a(alt_io_redirect.o)
 .data          0x0000000000013e04        0x0 ../ADC_nios_bsp/\libhal_bsp.a(alt_irq_entry.o)
 .data          0x0000000000013e04        0x0 ../ADC_nios_bsp/\libhal_bsp.a(alt_irq_handler.o)
 .data          0x0000000000013e04        0x0 ../ADC_nios_bsp/\libhal_bsp.a(alt_irq_vars.o)
 .data          0x0000000000013e04        0x0 ../ADC_nios_bsp/\libhal_bsp.a(alt_open.o)
 .data          0x0000000000013e04        0x0 ../ADC_nios_bsp/\libhal_bsp.a(alt_release_fd.o)
 .data          0x0000000000013e04        0x0 ../ADC_nios_bsp/\libhal_bsp.a(alt_tick.o)
 .data          0x0000000000013e04        0x0 ../ADC_nios_bsp/\libhal_bsp.a(altera_nios2_qsys_irq.o)
 .data          0x0000000000013e04        0x0 ../ADC_nios_bsp/\libhal_bsp.a(alt_exception_entry.o)
 .data          0x0000000000013e04        0x0 ../ADC_nios_bsp/\libhal_bsp.a(alt_find_dev.o)
 .data          0x0000000000013e04        0x0 ../ADC_nios_bsp/\libhal_bsp.a(alt_find_file.o)
 .data          0x0000000000013e04        0x0 ../ADC_nios_bsp/\libhal_bsp.a(alt_get_fd.o)
 .data          0x0000000000013e04        0x0 e:/quartusprime/nios2eds/bin/gnu/h-x86_64-mingw32/bin/../lib/gcc/nios2-elf/5.3.0/../../../../../H-x86_64-mingw32/nios2-elf/lib/mno-hw-mul\libsmallc.a(lib_a-exit.o)
 .data          0x0000000000013e04        0x0 e:/quartusprime/nios2eds/bin/gnu/h-x86_64-mingw32/bin/../lib/gcc/nios2-elf/5.3.0/../../../../../H-x86_64-mingw32/nios2-elf/lib/mno-hw-mul\libsmallc.a(lib_a-memcmp.o)
 .data          0x0000000000013e04        0x0 e:/quartusprime/nios2eds/bin/gnu/h-x86_64-mingw32/bin/../lib/gcc/nios2-elf/5.3.0/../../../../../H-x86_64-mingw32/nios2-elf/lib/mno-hw-mul\libsmallc.a(lib_a-memcpy.o)
 .data          0x0000000000013e04        0x0 e:/quartusprime/nios2eds/bin/gnu/h-x86_64-mingw32/bin/../lib/gcc/nios2-elf/5.3.0/../../../../../H-x86_64-mingw32/nios2-elf/lib/mno-hw-mul\libsmallc.a(lib_a-__call_atexit.o)
 .data          0x0000000000013e04        0x0 ../ADC_nios_bsp/\libhal_bsp.a(alt_exit.o)
                0x000000000001be04                _gp = ABSOLUTE ((. + 0x8000))
                [!provide]                        PROVIDE (gp, _gp)
 *(.rwdata .rwdata.*)
 *(.sdata .sdata.* .gnu.linkonce.s.*)
 .sdata._global_impure_ptr
                0x0000000000013e04        0x4 e:/quartusprime/nios2eds/bin/gnu/h-x86_64-mingw32/bin/../lib/gcc/nios2-elf/5.3.0/../../../../../H-x86_64-mingw32/nios2-elf/lib/mno-hw-mul\libsmallc.a(lib_a-impure.o)
                0x0000000000013e04                _global_impure_ptr
 .sdata._impure_ptr
                0x0000000000013e08        0x4 e:/quartusprime/nios2eds/bin/gnu/h-x86_64-mingw32/bin/../lib/gcc/nios2-elf/5.3.0/../../../../../H-x86_64-mingw32/nios2-elf/lib/mno-hw-mul\libsmallc.a(lib_a-impure.o)
                0x0000000000013e08                _impure_ptr
 .sdata         0x0000000000013e0c       0x14 ../ADC_nios_bsp/\libhal_bsp.a(alt_dev.o)
                0x0000000000013e0c                alt_fs_list
                0x0000000000013e14                alt_dev_list
                0x0000000000013e1c                alt_max_fd
 .sdata         0x0000000000013e20        0x4 ../ADC_nios_bsp/\libhal_bsp.a(alt_errno.o)
                0x0000000000013e20                alt_errno
 .sdata         0x0000000000013e24        0x4 ../ADC_nios_bsp/\libhal_bsp.a(alt_irq_vars.o)
                0x0000000000013e24                alt_priority_mask
 .sdata         0x0000000000013e28        0x8 ../ADC_nios_bsp/\libhal_bsp.a(alt_tick.o)
                0x0000000000013e28                alt_alarm_list
 *(.sdata2 .sdata2.* .gnu.linkonce.s2.*)
                0x0000000000013e30                . = ALIGN (0x4)
                0x0000000000013e30                _edata = ABSOLUTE (.)
                [!provide]                        PROVIDE (edata, ABSOLUTE (.))
                0x0000000000013e30                PROVIDE (__ram_rwdata_end, ABSOLUTE (.))
                0x0000000000013e30                PROVIDE (__flash_rwdata_start, LOADADDR (.rwdata))

.bss            0x0000000000015170      0x11c
                0x0000000000015170                __bss_start = ABSOLUTE (.)
                [!provide]                        PROVIDE (__sbss_start, ABSOLUTE (.))
                [!provide]                        PROVIDE (___sbss_start, ABSOLUTE (.))
 *(.dynsbss)
 *(.sbss .sbss.* .gnu.linkonce.sb.*)
 .sbss          0x0000000000015170        0x4 e:/quartusprime/nios2eds/bin/gnu/h-x86_64-mingw32/bin/../lib/gcc/nios2-elf/5.3.0/../../../../../H-x86_64-mingw32/nios2-elf/lib/mno-hw-mul\libsmallc.a(lib_a-int_errno.o)
                0x0000000000015170                errno
 .sbss          0x0000000000015174        0xc ../ADC_nios_bsp/\libhal_bsp.a(alt_main.o)
                0x0000000000015174                alt_argc
                0x0000000000015178                alt_argv
                0x000000000001517c                alt_envp
 .sbss          0x0000000000015180        0x4 ../ADC_nios_bsp/\libhal_bsp.a(alt_irq_vars.o)
                0x0000000000015180                alt_irq_active
 .sbss          0x0000000000015184        0x8 ../ADC_nios_bsp/\libhal_bsp.a(alt_tick.o)
                0x0000000000015184                _alt_tick_rate
                0x0000000000015188                _alt_nticks
 *(.sbss2 .sbss2.* .gnu.linkonce.sb2.*)
 *(.scommon)
                [!provide]                        PROVIDE (__sbss_end, ABSOLUTE (.))
                [!provide]                        PROVIDE (___sbss_end, ABSOLUTE (.))
 *(.dynbss)
 *(.bss .bss.* .gnu.linkonce.b.*)
 .bss           0x000000000001518c        0x0 ../ADC_nios_bsp//obj/HAL/src/crt0.o
 .bss           0x000000000001518c        0x0 obj/default/hello_world.o
 .bss           0x000000000001518c        0x0 e:/quartusprime/nios2eds/bin/gnu/h-x86_64-mingw32/bin/../lib/gcc/nios2-elf/5.3.0/../../../../../H-x86_64-mingw32/nios2-elf/lib/mno-hw-mul\libsmallc.a(lib_a-printf.o)
 .bss           0x000000000001518c        0x0 e:/quartusprime/nios2eds/bin/gnu/h-x86_64-mingw32/bin/../lib/gcc/nios2-elf/5.3.0/../../../../../H-x86_64-mingw32/nios2-elf/lib/mno-hw-mul\libsmallc.a(lib_a-vfprintf.o)
 .bss           0x000000000001518c        0x0 e:/quartusprime/nios2eds/bin/gnu/h-x86_64-mingw32/bin/../lib/gcc/nios2-elf/5.3.0/../../../../../H-x86_64-mingw32/nios2-elf/lib/mno-hw-mul\libsmallc.a(lib_a-fvwrite_small_dev.o)
 .bss           0x000000000001518c        0x0 e:/quartusprime/nios2eds/bin/gnu/h-x86_64-mingw32/bin/../lib/gcc/nios2-elf/5.3.0/../../../../../H-x86_64-mingw32/nios2-elf/lib/mno-hw-mul\libsmallc.a(lib_a-impure.o)
 .bss           0x000000000001518c        0x0 e:/quartusprime/nios2eds/bin/gnu/h-x86_64-mingw32/bin/../lib/gcc/nios2-elf/5.3.0/../../../../../H-x86_64-mingw32/nios2-elf/lib/mno-hw-mul\libsmallc.a(lib_a-strlen.o)
 .bss           0x000000000001518c        0x0 e:/quartusprime/nios2eds/bin/gnu/h-x86_64-mingw32/bin/../lib/gcc/nios2-elf/5.3.0/../../../../../H-x86_64-mingw32/nios2-elf/lib/mno-hw-mul\libsmallc.a(lib_a-writer.o)
 .bss           0x000000000001518c        0x0 e:/quartusprime/nios2eds/bin/gnu/h-x86_64-mingw32/bin/../lib/gcc/nios2-elf/5.3.0/../../../../../H-x86_64-mingw32/nios2-elf/lib/mno-hw-mul\libsmallc.a(lib_a-int_errno.o)
 .bss           0x000000000001518c        0x0 e:/quartusprime/nios2eds/bin/gnu/h-x86_64-mingw32/bin/../lib/gcc/nios2-elf/5.3.0/mno-hw-mul\libgcc.a(lib2-divmod.o)
 .bss           0x000000000001518c        0x0 e:/quartusprime/nios2eds/bin/gnu/h-x86_64-mingw32/bin/../lib/gcc/nios2-elf/5.3.0/mno-hw-mul\libgcc.a(lib2-mul.o)
 .bss           0x000000000001518c        0x0 ../ADC_nios_bsp/\libhal_bsp.a(alt_load.o)
 .bss           0x000000000001518c        0x0 ../ADC_nios_bsp/\libhal_bsp.a(alt_main.o)
 .bss           0x000000000001518c        0x0 ../ADC_nios_bsp/\libhal_bsp.a(alt_write.o)
 .bss           0x000000000001518c        0x0 ../ADC_nios_bsp/\libhal_bsp.a(alt_sys_init.o)
 .bss           0x000000000001518c        0x0 ../ADC_nios_bsp/\libhal_bsp.a(altera_avalon_jtag_uart_fd.o)
 .bss           0x000000000001518c        0x0 ../ADC_nios_bsp/\libhal_bsp.a(altera_avalon_jtag_uart_init.o)
 .bss           0x000000000001518c        0x0 ../ADC_nios_bsp/\libhal_bsp.a(altera_avalon_jtag_uart_ioctl.o)
 .bss           0x000000000001518c        0x0 ../ADC_nios_bsp/\libhal_bsp.a(altera_avalon_jtag_uart_read.o)
 .bss           0x000000000001518c        0x0 ../ADC_nios_bsp/\libhal_bsp.a(altera_avalon_jtag_uart_write.o)
 .bss           0x000000000001518c        0x0 ../ADC_nios_bsp/\libhal_bsp.a(alt_alarm_start.o)
 .bss           0x000000000001518c        0x0 ../ADC_nios_bsp/\libhal_bsp.a(alt_close.o)
 .bss           0x000000000001518c        0x0 ../ADC_nios_bsp/\libhal_bsp.a(alt_dcache_flush_all.o)
 .bss           0x000000000001518c        0x0 ../ADC_nios_bsp/\libhal_bsp.a(alt_dev.o)
 .bss           0x000000000001518c        0x0 ../ADC_nios_bsp/\libhal_bsp.a(alt_dev_llist_insert.o)
 .bss           0x000000000001518c        0x0 ../ADC_nios_bsp/\libhal_bsp.a(alt_errno.o)
 .bss           0x000000000001518c        0x0 ../ADC_nios_bsp/\libhal_bsp.a(alt_icache_flush_all.o)
 .bss           0x000000000001518c        0x0 ../ADC_nios_bsp/\libhal_bsp.a(alt_iic.o)
 .bss           0x000000000001518c        0x0 ../ADC_nios_bsp/\libhal_bsp.a(alt_iic_isr_register.o)
 .bss           0x000000000001518c        0x0 ../ADC_nios_bsp/\libhal_bsp.a(alt_io_redirect.o)
 .bss           0x000000000001518c        0x0 ../ADC_nios_bsp/\libhal_bsp.a(alt_irq_entry.o)
 .bss           0x000000000001518c        0x0 ../ADC_nios_bsp/\libhal_bsp.a(alt_irq_handler.o)
 .bss           0x000000000001518c        0x0 ../ADC_nios_bsp/\libhal_bsp.a(alt_irq_vars.o)
 .bss           0x000000000001518c        0x0 ../ADC_nios_bsp/\libhal_bsp.a(alt_open.o)
 .bss           0x000000000001518c        0x0 ../ADC_nios_bsp/\libhal_bsp.a(alt_release_fd.o)
 .bss           0x000000000001518c        0x0 ../ADC_nios_bsp/\libhal_bsp.a(alt_tick.o)
 .bss           0x000000000001518c        0x0 ../ADC_nios_bsp/\libhal_bsp.a(altera_nios2_qsys_irq.o)
 .bss           0x000000000001518c        0x0 ../ADC_nios_bsp/\libhal_bsp.a(alt_exception_entry.o)
 .bss           0x000000000001518c        0x0 ../ADC_nios_bsp/\libhal_bsp.a(alt_find_dev.o)
 .bss           0x000000000001518c        0x0 ../ADC_nios_bsp/\libhal_bsp.a(alt_find_file.o)
 .bss           0x000000000001518c        0x0 ../ADC_nios_bsp/\libhal_bsp.a(alt_get_fd.o)
 .bss           0x000000000001518c        0x0 e:/quartusprime/nios2eds/bin/gnu/h-x86_64-mingw32/bin/../lib/gcc/nios2-elf/5.3.0/../../../../../H-x86_64-mingw32/nios2-elf/lib/mno-hw-mul\libsmallc.a(lib_a-exit.o)
 .bss           0x000000000001518c        0x0 e:/quartusprime/nios2eds/bin/gnu/h-x86_64-mingw32/bin/../lib/gcc/nios2-elf/5.3.0/../../../../../H-x86_64-mingw32/nios2-elf/lib/mno-hw-mul\libsmallc.a(lib_a-memcmp.o)
 .bss           0x000000000001518c        0x0 e:/quartusprime/nios2eds/bin/gnu/h-x86_64-mingw32/bin/../lib/gcc/nios2-elf/5.3.0/../../../../../H-x86_64-mingw32/nios2-elf/lib/mno-hw-mul\libsmallc.a(lib_a-memcpy.o)
 .bss           0x000000000001518c        0x0 e:/quartusprime/nios2eds/bin/gnu/h-x86_64-mingw32/bin/../lib/gcc/nios2-elf/5.3.0/../../../../../H-x86_64-mingw32/nios2-elf/lib/mno-hw-mul\libsmallc.a(lib_a-__call_atexit.o)
 .bss           0x000000000001518c        0x0 ../ADC_nios_bsp/\libhal_bsp.a(alt_exit.o)
 *(COMMON)
 COMMON         0x000000000001518c      0x100 ../ADC_nios_bsp/\libhal_bsp.a(alt_irq_handler.o)
                0x000000000001518c                alt_irq
                0x000000000001528c                . = ALIGN (0x4)
                0x000000000001528c                __bss_end = ABSOLUTE (.)

.memory         0x000000000001528c        0x0
                [!provide]                        PROVIDE (_alt_partition_memory_start, ABSOLUTE (.))
 *(.memory .memory. memory.*)
                0x000000000001528c                . = ALIGN (0x4)
                [!provide]                        PROVIDE (_alt_partition_memory_end, ABSOLUTE (.))
                0x000000000001528c                _end = ABSOLUTE (.)
                0x000000000001528c                end = ABSOLUTE (.)
                0x000000000001528c                __alt_stack_base = ABSOLUTE (.)
                [!provide]                        PROVIDE (_alt_partition_memory_load_addr, LOADADDR (.memory))

.stab
 *(.stab)

.stabstr
 *(.stabstr)

.stab.excl
 *(.stab.excl)

.stab.exclstr
 *(.stab.exclstr)

.stab.index
 *(.stab.index)

.stab.indexstr
 *(.stab.indexstr)

.comment        0x0000000000000000       0x23
 *(.comment)
 .comment       0x0000000000000000       0x23 obj/default/hello_world.o
                                         0x24 (size before relaxing)
 .comment       0x0000000000000023       0x24 e:/quartusprime/nios2eds/bin/gnu/h-x86_64-mingw32/bin/../lib/gcc/nios2-elf/5.3.0/../../../../../H-x86_64-mingw32/nios2-elf/lib/mno-hw-mul\libsmallc.a(lib_a-printf.o)
 .comment       0x0000000000000023       0x24 e:/quartusprime/nios2eds/bin/gnu/h-x86_64-mingw32/bin/../lib/gcc/nios2-elf/5.3.0/../../../../../H-x86_64-mingw32/nios2-elf/lib/mno-hw-mul\libsmallc.a(lib_a-vfprintf.o)
 .comment       0x0000000000000023       0x24 e:/quartusprime/nios2eds/bin/gnu/h-x86_64-mingw32/bin/../lib/gcc/nios2-elf/5.3.0/../../../../../H-x86_64-mingw32/nios2-elf/lib/mno-hw-mul\libsmallc.a(lib_a-fvwrite_small_dev.o)
 .comment       0x0000000000000023       0x24 e:/quartusprime/nios2eds/bin/gnu/h-x86_64-mingw32/bin/../lib/gcc/nios2-elf/5.3.0/../../../../../H-x86_64-mingw32/nios2-elf/lib/mno-hw-mul\libsmallc.a(lib_a-impure.o)
 .comment       0x0000000000000023       0x24 e:/quartusprime/nios2eds/bin/gnu/h-x86_64-mingw32/bin/../lib/gcc/nios2-elf/5.3.0/../../../../../H-x86_64-mingw32/nios2-elf/lib/mno-hw-mul\libsmallc.a(lib_a-strlen.o)
 .comment       0x0000000000000023       0x24 e:/quartusprime/nios2eds/bin/gnu/h-x86_64-mingw32/bin/../lib/gcc/nios2-elf/5.3.0/../../../../../H-x86_64-mingw32/nios2-elf/lib/mno-hw-mul\libsmallc.a(lib_a-writer.o)
 .comment       0x0000000000000023       0x24 e:/quartusprime/nios2eds/bin/gnu/h-x86_64-mingw32/bin/../lib/gcc/nios2-elf/5.3.0/../../../../../H-x86_64-mingw32/nios2-elf/lib/mno-hw-mul\libsmallc.a(lib_a-int_errno.o)
 .comment       0x0000000000000023       0x24 e:/quartusprime/nios2eds/bin/gnu/h-x86_64-mingw32/bin/../lib/gcc/nios2-elf/5.3.0/mno-hw-mul\libgcc.a(lib2-divmod.o)
 .comment       0x0000000000000023       0x24 e:/quartusprime/nios2eds/bin/gnu/h-x86_64-mingw32/bin/../lib/gcc/nios2-elf/5.3.0/mno-hw-mul\libgcc.a(lib2-mul.o)
 .comment       0x0000000000000023       0x24 ../ADC_nios_bsp/\libhal_bsp.a(alt_load.o)
 .comment       0x0000000000000023       0x24 ../ADC_nios_bsp/\libhal_bsp.a(alt_main.o)
 .comment       0x0000000000000023       0x24 ../ADC_nios_bsp/\libhal_bsp.a(alt_write.o)
 .comment       0x0000000000000023       0x24 ../ADC_nios_bsp/\libhal_bsp.a(alt_sys_init.o)
 .comment       0x0000000000000023       0x24 ../ADC_nios_bsp/\libhal_bsp.a(altera_avalon_jtag_uart_fd.o)
 .comment       0x0000000000000023       0x24 ../ADC_nios_bsp/\libhal_bsp.a(altera_avalon_jtag_uart_init.o)
 .comment       0x0000000000000023       0x24 ../ADC_nios_bsp/\libhal_bsp.a(altera_avalon_jtag_uart_ioctl.o)
 .comment       0x0000000000000023       0x24 ../ADC_nios_bsp/\libhal_bsp.a(altera_avalon_jtag_uart_read.o)
 .comment       0x0000000000000023       0x24 ../ADC_nios_bsp/\libhal_bsp.a(altera_avalon_jtag_uart_write.o)
 .comment       0x0000000000000023       0x24 ../ADC_nios_bsp/\libhal_bsp.a(alt_alarm_start.o)
 .comment       0x0000000000000023       0x24 ../ADC_nios_bsp/\libhal_bsp.a(alt_close.o)
 .comment       0x0000000000000023       0x24 ../ADC_nios_bsp/\libhal_bsp.a(alt_dcache_flush_all.o)
 .comment       0x0000000000000023       0x24 ../ADC_nios_bsp/\libhal_bsp.a(alt_dev.o)
 .comment       0x0000000000000023       0x24 ../ADC_nios_bsp/\libhal_bsp.a(alt_dev_llist_insert.o)
 .comment       0x0000000000000023       0x24 ../ADC_nios_bsp/\libhal_bsp.a(alt_errno.o)
 .comment       0x0000000000000023       0x24 ../ADC_nios_bsp/\libhal_bsp.a(alt_icache_flush_all.o)
 .comment       0x0000000000000023       0x24 ../ADC_nios_bsp/\libhal_bsp.a(alt_iic.o)
 .comment       0x0000000000000023       0x24 ../ADC_nios_bsp/\libhal_bsp.a(alt_iic_isr_register.o)
 .comment       0x0000000000000023       0x24 ../ADC_nios_bsp/\libhal_bsp.a(alt_io_redirect.o)
 .comment       0x0000000000000023       0x24 ../ADC_nios_bsp/\libhal_bsp.a(alt_irq_handler.o)
 .comment       0x0000000000000023       0x24 ../ADC_nios_bsp/\libhal_bsp.a(alt_irq_vars.o)
 .comment       0x0000000000000023       0x24 ../ADC_nios_bsp/\libhal_bsp.a(alt_open.o)
 .comment       0x0000000000000023       0x24 ../ADC_nios_bsp/\libhal_bsp.a(alt_release_fd.o)
 .comment       0x0000000000000023       0x24 ../ADC_nios_bsp/\libhal_bsp.a(alt_tick.o)
 .comment       0x0000000000000023       0x24 ../ADC_nios_bsp/\libhal_bsp.a(altera_nios2_qsys_irq.o)
 .comment       0x0000000000000023       0x24 ../ADC_nios_bsp/\libhal_bsp.a(alt_find_dev.o)
 .comment       0x0000000000000023       0x24 ../ADC_nios_bsp/\libhal_bsp.a(alt_find_file.o)
 .comment       0x0000000000000023       0x24 ../ADC_nios_bsp/\libhal_bsp.a(alt_get_fd.o)
 .comment       0x0000000000000023       0x24 e:/quartusprime/nios2eds/bin/gnu/h-x86_64-mingw32/bin/../lib/gcc/nios2-elf/5.3.0/../../../../../H-x86_64-mingw32/nios2-elf/lib/mno-hw-mul\libsmallc.a(lib_a-exit.o)
 .comment       0x0000000000000023       0x24 e:/quartusprime/nios2eds/bin/gnu/h-x86_64-mingw32/bin/../lib/gcc/nios2-elf/5.3.0/../../../../../H-x86_64-mingw32/nios2-elf/lib/mno-hw-mul\libsmallc.a(lib_a-memcmp.o)
 .comment       0x0000000000000023       0x24 e:/quartusprime/nios2eds/bin/gnu/h-x86_64-mingw32/bin/../lib/gcc/nios2-elf/5.3.0/../../../../../H-x86_64-mingw32/nios2-elf/lib/mno-hw-mul\libsmallc.a(lib_a-memcpy.o)
 .comment       0x0000000000000023       0x24 e:/quartusprime/nios2eds/bin/gnu/h-x86_64-mingw32/bin/../lib/gcc/nios2-elf/5.3.0/../../../../../H-x86_64-mingw32/nios2-elf/lib/mno-hw-mul\libsmallc.a(lib_a-__call_atexit.o)
 .comment       0x0000000000000023       0x24 ../ADC_nios_bsp/\libhal_bsp.a(alt_exit.o)

.debug
 *(.debug)

.line
 *(.line)

.debug_srcinfo
 *(.debug_srcinfo)

.debug_sfnames
 *(.debug_sfnames)

.debug_aranges  0x0000000000000000      0x5e8
 *(.debug_aranges)
 .debug_aranges
                0x0000000000000000       0x28 ../ADC_nios_bsp//obj/HAL/src/crt0.o
 .debug_aranges
                0x0000000000000028       0x20 obj/default/hello_world.o
 .debug_aranges
                0x0000000000000048       0x28 e:/quartusprime/nios2eds/bin/gnu/h-x86_64-mingw32/bin/../lib/gcc/nios2-elf/5.3.0/../../../../../H-x86_64-mingw32/nios2-elf/lib/mno-hw-mul\libsmallc.a(lib_a-printf.o)
 .debug_aranges
                0x0000000000000070       0x30 e:/quartusprime/nios2eds/bin/gnu/h-x86_64-mingw32/bin/../lib/gcc/nios2-elf/5.3.0/../../../../../H-x86_64-mingw32/nios2-elf/lib/mno-hw-mul\libsmallc.a(lib_a-vfprintf.o)
 .debug_aranges
                0x00000000000000a0       0x20 e:/quartusprime/nios2eds/bin/gnu/h-x86_64-mingw32/bin/../lib/gcc/nios2-elf/5.3.0/../../../../../H-x86_64-mingw32/nios2-elf/lib/mno-hw-mul\libsmallc.a(lib_a-fvwrite_small_dev.o)
 .debug_aranges
                0x00000000000000c0       0x18 e:/quartusprime/nios2eds/bin/gnu/h-x86_64-mingw32/bin/../lib/gcc/nios2-elf/5.3.0/../../../../../H-x86_64-mingw32/nios2-elf/lib/mno-hw-mul\libsmallc.a(lib_a-impure.o)
 .debug_aranges
                0x00000000000000d8       0x20 e:/quartusprime/nios2eds/bin/gnu/h-x86_64-mingw32/bin/../lib/gcc/nios2-elf/5.3.0/../../../../../H-x86_64-mingw32/nios2-elf/lib/mno-hw-mul\libsmallc.a(lib_a-strlen.o)
 .debug_aranges
                0x00000000000000f8       0x20 e:/quartusprime/nios2eds/bin/gnu/h-x86_64-mingw32/bin/../lib/gcc/nios2-elf/5.3.0/../../../../../H-x86_64-mingw32/nios2-elf/lib/mno-hw-mul\libsmallc.a(lib_a-writer.o)
 .debug_aranges
                0x0000000000000118       0x18 e:/quartusprime/nios2eds/bin/gnu/h-x86_64-mingw32/bin/../lib/gcc/nios2-elf/5.3.0/../../../../../H-x86_64-mingw32/nios2-elf/lib/mno-hw-mul\libsmallc.a(lib_a-int_errno.o)
 .debug_aranges
                0x0000000000000130       0x20 e:/quartusprime/nios2eds/bin/gnu/h-x86_64-mingw32/bin/../lib/gcc/nios2-elf/5.3.0/mno-hw-mul\libgcc.a(lib2-divmod.o)
 .debug_aranges
                0x0000000000000150       0x20 e:/quartusprime/nios2eds/bin/gnu/h-x86_64-mingw32/bin/../lib/gcc/nios2-elf/5.3.0/mno-hw-mul\libgcc.a(lib2-mul.o)
 .debug_aranges
                0x0000000000000170       0x20 ../ADC_nios_bsp/\libhal_bsp.a(alt_load.o)
 .debug_aranges
                0x0000000000000190       0x20 ../ADC_nios_bsp/\libhal_bsp.a(alt_main.o)
 .debug_aranges
                0x00000000000001b0       0x20 ../ADC_nios_bsp/\libhal_bsp.a(alt_write.o)
 .debug_aranges
                0x00000000000001d0       0x20 ../ADC_nios_bsp/\libhal_bsp.a(alt_sys_init.o)
 .debug_aranges
                0x00000000000001f0       0x20 ../ADC_nios_bsp/\libhal_bsp.a(altera_avalon_jtag_uart_fd.o)
 .debug_aranges
                0x0000000000000210       0x20 ../ADC_nios_bsp/\libhal_bsp.a(altera_avalon_jtag_uart_init.o)
 .debug_aranges
                0x0000000000000230       0x20 ../ADC_nios_bsp/\libhal_bsp.a(altera_avalon_jtag_uart_ioctl.o)
 .debug_aranges
                0x0000000000000250       0x20 ../ADC_nios_bsp/\libhal_bsp.a(altera_avalon_jtag_uart_read.o)
 .debug_aranges
                0x0000000000000270       0x20 ../ADC_nios_bsp/\libhal_bsp.a(altera_avalon_jtag_uart_write.o)
 .debug_aranges
                0x0000000000000290       0x20 ../ADC_nios_bsp/\libhal_bsp.a(alt_alarm_start.o)
 .debug_aranges
                0x00000000000002b0       0x20 ../ADC_nios_bsp/\libhal_bsp.a(alt_close.o)
 .debug_aranges
                0x00000000000002d0       0x20 ../ADC_nios_bsp/\libhal_bsp.a(alt_dcache_flush_all.o)
 .debug_aranges
                0x00000000000002f0       0x20 ../ADC_nios_bsp/\libhal_bsp.a(alt_dev.o)
 .debug_aranges
                0x0000000000000310       0x20 ../ADC_nios_bsp/\libhal_bsp.a(alt_dev_llist_insert.o)
 .debug_aranges
                0x0000000000000330       0x18 ../ADC_nios_bsp/\libhal_bsp.a(alt_errno.o)
 .debug_aranges
                0x0000000000000348       0x20 ../ADC_nios_bsp/\libhal_bsp.a(alt_icache_flush_all.o)
 .debug_aranges
                0x0000000000000368       0x20 ../ADC_nios_bsp/\libhal_bsp.a(alt_iic.o)
 .debug_aranges
                0x0000000000000388       0x20 ../ADC_nios_bsp/\libhal_bsp.a(alt_iic_isr_register.o)
 .debug_aranges
                0x00000000000003a8       0x20 ../ADC_nios_bsp/\libhal_bsp.a(alt_io_redirect.o)
 .debug_aranges
                0x00000000000003c8       0x30 ../ADC_nios_bsp/\libhal_bsp.a(alt_irq_entry.o)
 .debug_aranges
                0x00000000000003f8       0x20 ../ADC_nios_bsp/\libhal_bsp.a(alt_irq_handler.o)
 .debug_aranges
                0x0000000000000418       0x18 ../ADC_nios_bsp/\libhal_bsp.a(alt_irq_vars.o)
 .debug_aranges
                0x0000000000000430       0x20 ../ADC_nios_bsp/\libhal_bsp.a(alt_open.o)
 .debug_aranges
                0x0000000000000450       0x20 ../ADC_nios_bsp/\libhal_bsp.a(alt_release_fd.o)
 .debug_aranges
                0x0000000000000470       0x20 ../ADC_nios_bsp/\libhal_bsp.a(alt_tick.o)
 .debug_aranges
                0x0000000000000490       0x20 ../ADC_nios_bsp/\libhal_bsp.a(altera_nios2_qsys_irq.o)
 .debug_aranges
                0x00000000000004b0       0x38 ../ADC_nios_bsp/\libhal_bsp.a(alt_exception_entry.o)
 .debug_aranges
                0x00000000000004e8       0x20 ../ADC_nios_bsp/\libhal_bsp.a(alt_find_dev.o)
 .debug_aranges
                0x0000000000000508       0x20 ../ADC_nios_bsp/\libhal_bsp.a(alt_find_file.o)
 .debug_aranges
                0x0000000000000528       0x20 ../ADC_nios_bsp/\libhal_bsp.a(alt_get_fd.o)
 .debug_aranges
                0x0000000000000548       0x20 e:/quartusprime/nios2eds/bin/gnu/h-x86_64-mingw32/bin/../lib/gcc/nios2-elf/5.3.0/../../../../../H-x86_64-mingw32/nios2-elf/lib/mno-hw-mul\libsmallc.a(lib_a-exit.o)
 .debug_aranges
                0x0000000000000568       0x20 e:/quartusprime/nios2eds/bin/gnu/h-x86_64-mingw32/bin/../lib/gcc/nios2-elf/5.3.0/../../../../../H-x86_64-mingw32/nios2-elf/lib/mno-hw-mul\libsmallc.a(lib_a-memcmp.o)
 .debug_aranges
                0x0000000000000588       0x20 e:/quartusprime/nios2eds/bin/gnu/h-x86_64-mingw32/bin/../lib/gcc/nios2-elf/5.3.0/../../../../../H-x86_64-mingw32/nios2-elf/lib/mno-hw-mul\libsmallc.a(lib_a-memcpy.o)
 .debug_aranges
                0x00000000000005a8       0x20 e:/quartusprime/nios2eds/bin/gnu/h-x86_64-mingw32/bin/../lib/gcc/nios2-elf/5.3.0/../../../../../H-x86_64-mingw32/nios2-elf/lib/mno-hw-mul\libsmallc.a(lib_a-__call_atexit.o)
 .debug_aranges
                0x00000000000005c8       0x20 ../ADC_nios_bsp/\libhal_bsp.a(alt_exit.o)

.debug_pubnames
 *(.debug_pubnames)

.debug_info     0x0000000000000000     0x8044
 *(.debug_info .gnu.linkonce.wi.*)
 .debug_info    0x0000000000000000       0x6b ../ADC_nios_bsp//obj/HAL/src/crt0.o
 .debug_info    0x000000000000006b      0x195 obj/default/hello_world.o
 .debug_info    0x0000000000000200      0x699 e:/quartusprime/nios2eds/bin/gnu/h-x86_64-mingw32/bin/../lib/gcc/nios2-elf/5.3.0/../../../../../H-x86_64-mingw32/nios2-elf/lib/mno-hw-mul\libsmallc.a(lib_a-printf.o)
 .debug_info    0x0000000000000899      0xb2b e:/quartusprime/nios2eds/bin/gnu/h-x86_64-mingw32/bin/../lib/gcc/nios2-elf/5.3.0/../../../../../H-x86_64-mingw32/nios2-elf/lib/mno-hw-mul\libsmallc.a(lib_a-vfprintf.o)
 .debug_info    0x00000000000013c4      0x62b e:/quartusprime/nios2eds/bin/gnu/h-x86_64-mingw32/bin/../lib/gcc/nios2-elf/5.3.0/../../../../../H-x86_64-mingw32/nios2-elf/lib/mno-hw-mul\libsmallc.a(lib_a-fvwrite_small_dev.o)
 .debug_info    0x00000000000019ef      0x5a9 e:/quartusprime/nios2eds/bin/gnu/h-x86_64-mingw32/bin/../lib/gcc/nios2-elf/5.3.0/../../../../../H-x86_64-mingw32/nios2-elf/lib/mno-hw-mul\libsmallc.a(lib_a-impure.o)
 .debug_info    0x0000000000001f98       0xc9 e:/quartusprime/nios2eds/bin/gnu/h-x86_64-mingw32/bin/../lib/gcc/nios2-elf/5.3.0/../../../../../H-x86_64-mingw32/nios2-elf/lib/mno-hw-mul\libsmallc.a(lib_a-strlen.o)
 .debug_info    0x0000000000002061      0x630 e:/quartusprime/nios2eds/bin/gnu/h-x86_64-mingw32/bin/../lib/gcc/nios2-elf/5.3.0/../../../../../H-x86_64-mingw32/nios2-elf/lib/mno-hw-mul\libsmallc.a(lib_a-writer.o)
 .debug_info    0x0000000000002691       0x8a e:/quartusprime/nios2eds/bin/gnu/h-x86_64-mingw32/bin/../lib/gcc/nios2-elf/5.3.0/../../../../../H-x86_64-mingw32/nios2-elf/lib/mno-hw-mul\libsmallc.a(lib_a-int_errno.o)
 .debug_info    0x000000000000271b      0x2c6 e:/quartusprime/nios2eds/bin/gnu/h-x86_64-mingw32/bin/../lib/gcc/nios2-elf/5.3.0/mno-hw-mul\libgcc.a(lib2-divmod.o)
 .debug_info    0x00000000000029e1       0xb4 e:/quartusprime/nios2eds/bin/gnu/h-x86_64-mingw32/bin/../lib/gcc/nios2-elf/5.3.0/mno-hw-mul\libgcc.a(lib2-mul.o)
 .debug_info    0x0000000000002a95      0x145 ../ADC_nios_bsp/\libhal_bsp.a(alt_load.o)
 .debug_info    0x0000000000002bda      0x131 ../ADC_nios_bsp/\libhal_bsp.a(alt_main.o)
 .debug_info    0x0000000000002d0b      0x4b7 ../ADC_nios_bsp/\libhal_bsp.a(alt_write.o)
 .debug_info    0x00000000000031c2      0x504 ../ADC_nios_bsp/\libhal_bsp.a(alt_sys_init.o)
 .debug_info    0x00000000000036c6      0x52e ../ADC_nios_bsp/\libhal_bsp.a(altera_avalon_jtag_uart_fd.o)
 .debug_info    0x0000000000003bf4      0x3a0 ../ADC_nios_bsp/\libhal_bsp.a(altera_avalon_jtag_uart_init.o)
 .debug_info    0x0000000000003f94      0x280 ../ADC_nios_bsp/\libhal_bsp.a(altera_avalon_jtag_uart_ioctl.o)
 .debug_info    0x0000000000004214      0x345 ../ADC_nios_bsp/\libhal_bsp.a(altera_avalon_jtag_uart_read.o)
 .debug_info    0x0000000000004559      0x340 ../ADC_nios_bsp/\libhal_bsp.a(altera_avalon_jtag_uart_write.o)
 .debug_info    0x0000000000004899      0x2cc ../ADC_nios_bsp/\libhal_bsp.a(alt_alarm_start.o)
 .debug_info    0x0000000000004b65      0x321 ../ADC_nios_bsp/\libhal_bsp.a(alt_close.o)
 .debug_info    0x0000000000004e86       0x92 ../ADC_nios_bsp/\libhal_bsp.a(alt_dcache_flush_all.o)
 .debug_info    0x0000000000004f18      0x49c ../ADC_nios_bsp/\libhal_bsp.a(alt_dev.o)
 .debug_info    0x00000000000053b4      0x1a9 ../ADC_nios_bsp/\libhal_bsp.a(alt_dev_llist_insert.o)
 .debug_info    0x000000000000555d       0xa6 ../ADC_nios_bsp/\libhal_bsp.a(alt_errno.o)
 .debug_info    0x0000000000005603       0x92 ../ADC_nios_bsp/\libhal_bsp.a(alt_icache_flush_all.o)
 .debug_info    0x0000000000005695      0x350 ../ADC_nios_bsp/\libhal_bsp.a(alt_iic.o)
 .debug_info    0x00000000000059e5      0x1ef ../ADC_nios_bsp/\libhal_bsp.a(alt_iic_isr_register.o)
 .debug_info    0x0000000000005bd4      0x4a5 ../ADC_nios_bsp/\libhal_bsp.a(alt_io_redirect.o)
 .debug_info    0x0000000000006079       0x74 ../ADC_nios_bsp/\libhal_bsp.a(alt_irq_entry.o)
 .debug_info    0x00000000000060ed      0x187 ../ADC_nios_bsp/\libhal_bsp.a(alt_irq_handler.o)
 .debug_info    0x0000000000006274       0x88 ../ADC_nios_bsp/\libhal_bsp.a(alt_irq_vars.o)
 .debug_info    0x00000000000062fc      0x3bb ../ADC_nios_bsp/\libhal_bsp.a(alt_open.o)
 .debug_info    0x00000000000066b7      0x2b0 ../ADC_nios_bsp/\libhal_bsp.a(alt_release_fd.o)
 .debug_info    0x0000000000006967      0x299 ../ADC_nios_bsp/\libhal_bsp.a(alt_tick.o)
 .debug_info    0x0000000000006c00       0x92 ../ADC_nios_bsp/\libhal_bsp.a(altera_nios2_qsys_irq.o)
 .debug_info    0x0000000000006c92       0x7a ../ADC_nios_bsp/\libhal_bsp.a(alt_exception_entry.o)
 .debug_info    0x0000000000006d0c      0x2e9 ../ADC_nios_bsp/\libhal_bsp.a(alt_find_dev.o)
 .debug_info    0x0000000000006ff5      0x2e6 ../ADC_nios_bsp/\libhal_bsp.a(alt_find_file.o)
 .debug_info    0x00000000000072db      0x310 ../ADC_nios_bsp/\libhal_bsp.a(alt_get_fd.o)
 .debug_info    0x00000000000075eb       0xe5 e:/quartusprime/nios2eds/bin/gnu/h-x86_64-mingw32/bin/../lib/gcc/nios2-elf/5.3.0/../../../../../H-x86_64-mingw32/nios2-elf/lib/mno-hw-mul\libsmallc.a(lib_a-exit.o)
 .debug_info    0x00000000000076d0       0xf4 e:/quartusprime/nios2eds/bin/gnu/h-x86_64-mingw32/bin/../lib/gcc/nios2-elf/5.3.0/../../../../../H-x86_64-mingw32/nios2-elf/lib/mno-hw-mul\libsmallc.a(lib_a-memcmp.o)
 .debug_info    0x00000000000077c4      0x119 e:/quartusprime/nios2eds/bin/gnu/h-x86_64-mingw32/bin/../lib/gcc/nios2-elf/5.3.0/../../../../../H-x86_64-mingw32/nios2-elf/lib/mno-hw-mul\libsmallc.a(lib_a-memcpy.o)
 .debug_info    0x00000000000078dd      0x67b e:/quartusprime/nios2eds/bin/gnu/h-x86_64-mingw32/bin/../lib/gcc/nios2-elf/5.3.0/../../../../../H-x86_64-mingw32/nios2-elf/lib/mno-hw-mul\libsmallc.a(lib_a-__call_atexit.o)
 .debug_info    0x0000000000007f58       0xec ../ADC_nios_bsp/\libhal_bsp.a(alt_exit.o)

.debug_abbrev   0x0000000000000000     0x2d1e
 *(.debug_abbrev)
 .debug_abbrev  0x0000000000000000       0x12 ../ADC_nios_bsp//obj/HAL/src/crt0.o
 .debug_abbrev  0x0000000000000012       0xae obj/default/hello_world.o
 .debug_abbrev  0x00000000000000c0      0x1ee e:/quartusprime/nios2eds/bin/gnu/h-x86_64-mingw32/bin/../lib/gcc/nios2-elf/5.3.0/../../../../../H-x86_64-mingw32/nios2-elf/lib/mno-hw-mul\libsmallc.a(lib_a-printf.o)
 .debug_abbrev  0x00000000000002ae      0x2a1 e:/quartusprime/nios2eds/bin/gnu/h-x86_64-mingw32/bin/../lib/gcc/nios2-elf/5.3.0/../../../../../H-x86_64-mingw32/nios2-elf/lib/mno-hw-mul\libsmallc.a(lib_a-vfprintf.o)
 .debug_abbrev  0x000000000000054f      0x1bc e:/quartusprime/nios2eds/bin/gnu/h-x86_64-mingw32/bin/../lib/gcc/nios2-elf/5.3.0/../../../../../H-x86_64-mingw32/nios2-elf/lib/mno-hw-mul\libsmallc.a(lib_a-fvwrite_small_dev.o)
 .debug_abbrev  0x000000000000070b      0x14a e:/quartusprime/nios2eds/bin/gnu/h-x86_64-mingw32/bin/../lib/gcc/nios2-elf/5.3.0/../../../../../H-x86_64-mingw32/nios2-elf/lib/mno-hw-mul\libsmallc.a(lib_a-impure.o)
 .debug_abbrev  0x0000000000000855       0x7f e:/quartusprime/nios2eds/bin/gnu/h-x86_64-mingw32/bin/../lib/gcc/nios2-elf/5.3.0/../../../../../H-x86_64-mingw32/nios2-elf/lib/mno-hw-mul\libsmallc.a(lib_a-strlen.o)
 .debug_abbrev  0x00000000000008d4      0x1a6 e:/quartusprime/nios2eds/bin/gnu/h-x86_64-mingw32/bin/../lib/gcc/nios2-elf/5.3.0/../../../../../H-x86_64-mingw32/nios2-elf/lib/mno-hw-mul\libsmallc.a(lib_a-writer.o)
 .debug_abbrev  0x0000000000000a7a       0x37 e:/quartusprime/nios2eds/bin/gnu/h-x86_64-mingw32/bin/../lib/gcc/nios2-elf/5.3.0/../../../../../H-x86_64-mingw32/nios2-elf/lib/mno-hw-mul\libsmallc.a(lib_a-int_errno.o)
 .debug_abbrev  0x0000000000000ab1      0x10e e:/quartusprime/nios2eds/bin/gnu/h-x86_64-mingw32/bin/../lib/gcc/nios2-elf/5.3.0/mno-hw-mul\libgcc.a(lib2-divmod.o)
 .debug_abbrev  0x0000000000000bbf       0x6f e:/quartusprime/nios2eds/bin/gnu/h-x86_64-mingw32/bin/../lib/gcc/nios2-elf/5.3.0/mno-hw-mul\libgcc.a(lib2-mul.o)
 .debug_abbrev  0x0000000000000c2e       0x9f ../ADC_nios_bsp/\libhal_bsp.a(alt_load.o)
 .debug_abbrev  0x0000000000000ccd       0xba ../ADC_nios_bsp/\libhal_bsp.a(alt_main.o)
 .debug_abbrev  0x0000000000000d87      0x133 ../ADC_nios_bsp/\libhal_bsp.a(alt_write.o)
 .debug_abbrev  0x0000000000000eba      0x196 ../ADC_nios_bsp/\libhal_bsp.a(alt_sys_init.o)
 .debug_abbrev  0x0000000000001050      0x127 ../ADC_nios_bsp/\libhal_bsp.a(altera_avalon_jtag_uart_fd.o)
 .debug_abbrev  0x0000000000001177      0x19e ../ADC_nios_bsp/\libhal_bsp.a(altera_avalon_jtag_uart_init.o)
 .debug_abbrev  0x0000000000001315      0x111 ../ADC_nios_bsp/\libhal_bsp.a(altera_avalon_jtag_uart_ioctl.o)
 .debug_abbrev  0x0000000000001426      0x1aa ../ADC_nios_bsp/\libhal_bsp.a(altera_avalon_jtag_uart_read.o)
 .debug_abbrev  0x00000000000015d0      0x1a8 ../ADC_nios_bsp/\libhal_bsp.a(altera_avalon_jtag_uart_write.o)
 .debug_abbrev  0x0000000000001778      0x162 ../ADC_nios_bsp/\libhal_bsp.a(alt_alarm_start.o)
 .debug_abbrev  0x00000000000018da      0x11f ../ADC_nios_bsp/\libhal_bsp.a(alt_close.o)
 .debug_abbrev  0x00000000000019f9       0x42 ../ADC_nios_bsp/\libhal_bsp.a(alt_dcache_flush_all.o)
 .debug_abbrev  0x0000000000001a3b       0xd9 ../ADC_nios_bsp/\libhal_bsp.a(alt_dev.o)
 .debug_abbrev  0x0000000000001b14      0x114 ../ADC_nios_bsp/\libhal_bsp.a(alt_dev_llist_insert.o)
 .debug_abbrev  0x0000000000001c28       0x5a ../ADC_nios_bsp/\libhal_bsp.a(alt_errno.o)
 .debug_abbrev  0x0000000000001c82       0x42 ../ADC_nios_bsp/\libhal_bsp.a(alt_icache_flush_all.o)
 .debug_abbrev  0x0000000000001cc4      0x163 ../ADC_nios_bsp/\libhal_bsp.a(alt_iic.o)
 .debug_abbrev  0x0000000000001e27      0x169 ../ADC_nios_bsp/\libhal_bsp.a(alt_iic_isr_register.o)
 .debug_abbrev  0x0000000000001f90      0x114 ../ADC_nios_bsp/\libhal_bsp.a(alt_io_redirect.o)
 .debug_abbrev  0x00000000000020a4       0x12 ../ADC_nios_bsp/\libhal_bsp.a(alt_irq_entry.o)
 .debug_abbrev  0x00000000000020b6      0x122 ../ADC_nios_bsp/\libhal_bsp.a(alt_irq_handler.o)
 .debug_abbrev  0x00000000000021d8       0x40 ../ADC_nios_bsp/\libhal_bsp.a(alt_irq_vars.o)
 .debug_abbrev  0x0000000000002218      0x148 ../ADC_nios_bsp/\libhal_bsp.a(alt_open.o)
 .debug_abbrev  0x0000000000002360       0xde ../ADC_nios_bsp/\libhal_bsp.a(alt_release_fd.o)
 .debug_abbrev  0x000000000000243e      0x15a ../ADC_nios_bsp/\libhal_bsp.a(alt_tick.o)
 .debug_abbrev  0x0000000000002598       0x42 ../ADC_nios_bsp/\libhal_bsp.a(altera_nios2_qsys_irq.o)
 .debug_abbrev  0x00000000000025da       0x12 ../ADC_nios_bsp/\libhal_bsp.a(alt_exception_entry.o)
 .debug_abbrev  0x00000000000025ec       0xf0 ../ADC_nios_bsp/\libhal_bsp.a(alt_find_dev.o)
 .debug_abbrev  0x00000000000026dc       0xf0 ../ADC_nios_bsp/\libhal_bsp.a(alt_find_file.o)
 .debug_abbrev  0x00000000000027cc      0x10d ../ADC_nios_bsp/\libhal_bsp.a(alt_get_fd.o)
 .debug_abbrev  0x00000000000028d9       0x8b e:/quartusprime/nios2eds/bin/gnu/h-x86_64-mingw32/bin/../lib/gcc/nios2-elf/5.3.0/../../../../../H-x86_64-mingw32/nios2-elf/lib/mno-hw-mul\libsmallc.a(lib_a-exit.o)
 .debug_abbrev  0x0000000000002964       0x7f e:/quartusprime/nios2eds/bin/gnu/h-x86_64-mingw32/bin/../lib/gcc/nios2-elf/5.3.0/../../../../../H-x86_64-mingw32/nios2-elf/lib/mno-hw-mul\libsmallc.a(lib_a-memcmp.o)
 .debug_abbrev  0x00000000000029e3       0x9c e:/quartusprime/nios2eds/bin/gnu/h-x86_64-mingw32/bin/../lib/gcc/nios2-elf/5.3.0/../../../../../H-x86_64-mingw32/nios2-elf/lib/mno-hw-mul\libsmallc.a(lib_a-memcpy.o)
 .debug_abbrev  0x0000000000002a7f      0x1f6 e:/quartusprime/nios2eds/bin/gnu/h-x86_64-mingw32/bin/../lib/gcc/nios2-elf/5.3.0/../../../../../H-x86_64-mingw32/nios2-elf/lib/mno-hw-mul\libsmallc.a(lib_a-__call_atexit.o)
 .debug_abbrev  0x0000000000002c75       0xa9 ../ADC_nios_bsp/\libhal_bsp.a(alt_exit.o)

.debug_line     0x0000000000000000     0x311e
 *(.debug_line)
 .debug_line    0x0000000000000000       0x66 ../ADC_nios_bsp//obj/HAL/src/crt0.o
 .debug_line    0x0000000000000066      0x18c obj/default/hello_world.o
 .debug_line    0x00000000000001f2      0x203 e:/quartusprime/nios2eds/bin/gnu/h-x86_64-mingw32/bin/../lib/gcc/nios2-elf/5.3.0/../../../../../H-x86_64-mingw32/nios2-elf/lib/mno-hw-mul\libsmallc.a(lib_a-printf.o)
 .debug_line    0x00000000000003f5      0x351 e:/quartusprime/nios2eds/bin/gnu/h-x86_64-mingw32/bin/../lib/gcc/nios2-elf/5.3.0/../../../../../H-x86_64-mingw32/nios2-elf/lib/mno-hw-mul\libsmallc.a(lib_a-vfprintf.o)
 .debug_line    0x0000000000000746      0x1f0 e:/quartusprime/nios2eds/bin/gnu/h-x86_64-mingw32/bin/../lib/gcc/nios2-elf/5.3.0/../../../../../H-x86_64-mingw32/nios2-elf/lib/mno-hw-mul\libsmallc.a(lib_a-fvwrite_small_dev.o)
 .debug_line    0x0000000000000936      0x156 e:/quartusprime/nios2eds/bin/gnu/h-x86_64-mingw32/bin/../lib/gcc/nios2-elf/5.3.0/../../../../../H-x86_64-mingw32/nios2-elf/lib/mno-hw-mul\libsmallc.a(lib_a-impure.o)
 .debug_line    0x0000000000000a8c      0x15c e:/quartusprime/nios2eds/bin/gnu/h-x86_64-mingw32/bin/../lib/gcc/nios2-elf/5.3.0/../../../../../H-x86_64-mingw32/nios2-elf/lib/mno-hw-mul\libsmallc.a(lib_a-strlen.o)
 .debug_line    0x0000000000000be8      0x1ed e:/quartusprime/nios2eds/bin/gnu/h-x86_64-mingw32/bin/../lib/gcc/nios2-elf/5.3.0/../../../../../H-x86_64-mingw32/nios2-elf/lib/mno-hw-mul\libsmallc.a(lib_a-writer.o)
 .debug_line    0x0000000000000dd5       0x5f e:/quartusprime/nios2eds/bin/gnu/h-x86_64-mingw32/bin/../lib/gcc/nios2-elf/5.3.0/../../../../../H-x86_64-mingw32/nios2-elf/lib/mno-hw-mul\libsmallc.a(lib_a-int_errno.o)
 .debug_line    0x0000000000000e34      0x105 e:/quartusprime/nios2eds/bin/gnu/h-x86_64-mingw32/bin/../lib/gcc/nios2-elf/5.3.0/mno-hw-mul\libgcc.a(lib2-divmod.o)
 .debug_line    0x0000000000000f39       0x80 e:/quartusprime/nios2eds/bin/gnu/h-x86_64-mingw32/bin/../lib/gcc/nios2-elf/5.3.0/mno-hw-mul\libgcc.a(lib2-mul.o)
 .debug_line    0x0000000000000fb9       0x8e ../ADC_nios_bsp/\libhal_bsp.a(alt_load.o)
 .debug_line    0x0000000000001047       0x9e ../ADC_nios_bsp/\libhal_bsp.a(alt_main.o)
 .debug_line    0x00000000000010e5      0x1cd ../ADC_nios_bsp/\libhal_bsp.a(alt_write.o)
 .debug_line    0x00000000000012b2      0x152 ../ADC_nios_bsp/\libhal_bsp.a(alt_sys_init.o)
 .debug_line    0x0000000000001404      0x12f ../ADC_nios_bsp/\libhal_bsp.a(altera_avalon_jtag_uart_fd.o)
 .debug_line    0x0000000000001533      0x18b ../ADC_nios_bsp/\libhal_bsp.a(altera_avalon_jtag_uart_init.o)
 .debug_line    0x00000000000016be      0x131 ../ADC_nios_bsp/\libhal_bsp.a(altera_avalon_jtag_uart_ioctl.o)
 .debug_line    0x00000000000017ef      0x171 ../ADC_nios_bsp/\libhal_bsp.a(altera_avalon_jtag_uart_read.o)
 .debug_line    0x0000000000001960      0x170 ../ADC_nios_bsp/\libhal_bsp.a(altera_avalon_jtag_uart_write.o)
 .debug_line    0x0000000000001ad0       0xf9 ../ADC_nios_bsp/\libhal_bsp.a(alt_alarm_start.o)
 .debug_line    0x0000000000001bc9      0x15e ../ADC_nios_bsp/\libhal_bsp.a(alt_close.o)
 .debug_line    0x0000000000001d27       0x51 ../ADC_nios_bsp/\libhal_bsp.a(alt_dcache_flush_all.o)
 .debug_line    0x0000000000001d78       0xf1 ../ADC_nios_bsp/\libhal_bsp.a(alt_dev.o)
 .debug_line    0x0000000000001e69       0xcf ../ADC_nios_bsp/\libhal_bsp.a(alt_dev_llist_insert.o)
 .debug_line    0x0000000000001f38       0x51 ../ADC_nios_bsp/\libhal_bsp.a(alt_errno.o)
 .debug_line    0x0000000000001f89       0x4f ../ADC_nios_bsp/\libhal_bsp.a(alt_icache_flush_all.o)
 .debug_line    0x0000000000001fd8       0xeb ../ADC_nios_bsp/\libhal_bsp.a(alt_iic.o)
 .debug_line    0x00000000000020c3       0xdb ../ADC_nios_bsp/\libhal_bsp.a(alt_iic_isr_register.o)
 .debug_line    0x000000000000219e      0x12e ../ADC_nios_bsp/\libhal_bsp.a(alt_io_redirect.o)
 .debug_line    0x00000000000022cc       0x6b ../ADC_nios_bsp/\libhal_bsp.a(alt_irq_entry.o)
 .debug_line    0x0000000000002337       0xaa ../ADC_nios_bsp/\libhal_bsp.a(alt_irq_handler.o)
 .debug_line    0x00000000000023e1       0x50 ../ADC_nios_bsp/\libhal_bsp.a(alt_irq_vars.o)
 .debug_line    0x0000000000002431      0x12b ../ADC_nios_bsp/\libhal_bsp.a(alt_open.o)
 .debug_line    0x000000000000255c       0xb0 ../ADC_nios_bsp/\libhal_bsp.a(alt_release_fd.o)
 .debug_line    0x000000000000260c       0xff ../ADC_nios_bsp/\libhal_bsp.a(alt_tick.o)
 .debug_line    0x000000000000270b       0x51 ../ADC_nios_bsp/\libhal_bsp.a(altera_nios2_qsys_irq.o)
 .debug_line    0x000000000000275c       0xab ../ADC_nios_bsp/\libhal_bsp.a(alt_exception_entry.o)
 .debug_line    0x0000000000002807       0xb5 ../ADC_nios_bsp/\libhal_bsp.a(alt_find_dev.o)
 .debug_line    0x00000000000028bc       0xd1 ../ADC_nios_bsp/\libhal_bsp.a(alt_find_file.o)
 .debug_line    0x000000000000298d       0xd7 ../ADC_nios_bsp/\libhal_bsp.a(alt_get_fd.o)
 .debug_line    0x0000000000002a64      0x159 e:/quartusprime/nios2eds/bin/gnu/h-x86_64-mingw32/bin/../lib/gcc/nios2-elf/5.3.0/../../../../../H-x86_64-mingw32/nios2-elf/lib/mno-hw-mul\libsmallc.a(lib_a-exit.o)
 .debug_line    0x0000000000002bbd      0x160 e:/quartusprime/nios2eds/bin/gnu/h-x86_64-mingw32/bin/../lib/gcc/nios2-elf/5.3.0/../../../../../H-x86_64-mingw32/nios2-elf/lib/mno-hw-mul\libsmallc.a(lib_a-memcmp.o)
 .debug_line    0x0000000000002d1d      0x15e e:/quartusprime/nios2eds/bin/gnu/h-x86_64-mingw32/bin/../lib/gcc/nios2-elf/5.3.0/../../../../../H-x86_64-mingw32/nios2-elf/lib/mno-hw-mul\libsmallc.a(lib_a-memcpy.o)
 .debug_line    0x0000000000002e7b      0x232 e:/quartusprime/nios2eds/bin/gnu/h-x86_64-mingw32/bin/../lib/gcc/nios2-elf/5.3.0/../../../../../H-x86_64-mingw32/nios2-elf/lib/mno-hw-mul\libsmallc.a(lib_a-__call_atexit.o)
 .debug_line    0x00000000000030ad       0x71 ../ADC_nios_bsp/\libhal_bsp.a(alt_exit.o)

.debug_frame    0x0000000000000000      0xb7c
 *(.debug_frame)
 .debug_frame   0x0000000000000000       0x2c obj/default/hello_world.o
 .debug_frame   0x000000000000002c       0x48 e:/quartusprime/nios2eds/bin/gnu/h-x86_64-mingw32/bin/../lib/gcc/nios2-elf/5.3.0/../../../../../H-x86_64-mingw32/nios2-elf/lib/mno-hw-mul\libsmallc.a(lib_a-printf.o)
 .debug_frame   0x0000000000000074       0x8c e:/quartusprime/nios2eds/bin/gnu/h-x86_64-mingw32/bin/../lib/gcc/nios2-elf/5.3.0/../../../../../H-x86_64-mingw32/nios2-elf/lib/mno-hw-mul\libsmallc.a(lib_a-vfprintf.o)
 .debug_frame   0x0000000000000100       0x58 e:/quartusprime/nios2eds/bin/gnu/h-x86_64-mingw32/bin/../lib/gcc/nios2-elf/5.3.0/../../../../../H-x86_64-mingw32/nios2-elf/lib/mno-hw-mul\libsmallc.a(lib_a-fvwrite_small_dev.o)
 .debug_frame   0x0000000000000158       0x20 e:/quartusprime/nios2eds/bin/gnu/h-x86_64-mingw32/bin/../lib/gcc/nios2-elf/5.3.0/../../../../../H-x86_64-mingw32/nios2-elf/lib/mno-hw-mul\libsmallc.a(lib_a-strlen.o)
 .debug_frame   0x0000000000000178       0x38 e:/quartusprime/nios2eds/bin/gnu/h-x86_64-mingw32/bin/../lib/gcc/nios2-elf/5.3.0/../../../../../H-x86_64-mingw32/nios2-elf/lib/mno-hw-mul\libsmallc.a(lib_a-writer.o)
 .debug_frame   0x00000000000001b0       0x50 e:/quartusprime/nios2eds/bin/gnu/h-x86_64-mingw32/bin/../lib/gcc/nios2-elf/5.3.0/mno-hw-mul\libgcc.a(lib2-divmod.o)
 .debug_frame   0x0000000000000200       0x20 e:/quartusprime/nios2eds/bin/gnu/h-x86_64-mingw32/bin/../lib/gcc/nios2-elf/5.3.0/mno-hw-mul\libgcc.a(lib2-mul.o)
 .debug_frame   0x0000000000000220       0x5c ../ADC_nios_bsp/\libhal_bsp.a(alt_load.o)
 .debug_frame   0x000000000000027c       0x2c ../ADC_nios_bsp/\libhal_bsp.a(alt_main.o)
 .debug_frame   0x00000000000002a8       0x60 ../ADC_nios_bsp/\libhal_bsp.a(alt_write.o)
 .debug_frame   0x0000000000000308       0x88 ../ADC_nios_bsp/\libhal_bsp.a(alt_sys_init.o)
 .debug_frame   0x0000000000000390       0xb0 ../ADC_nios_bsp/\libhal_bsp.a(altera_avalon_jtag_uart_fd.o)
 .debug_frame   0x0000000000000440       0xa4 ../ADC_nios_bsp/\libhal_bsp.a(altera_avalon_jtag_uart_init.o)
 .debug_frame   0x00000000000004e4       0x34 ../ADC_nios_bsp/\libhal_bsp.a(altera_avalon_jtag_uart_ioctl.o)
 .debug_frame   0x0000000000000518       0x38 ../ADC_nios_bsp/\libhal_bsp.a(altera_avalon_jtag_uart_read.o)
 .debug_frame   0x0000000000000550       0x38 ../ADC_nios_bsp/\libhal_bsp.a(altera_avalon_jtag_uart_write.o)
 .debug_frame   0x0000000000000588       0x34 ../ADC_nios_bsp/\libhal_bsp.a(alt_alarm_start.o)
 .debug_frame   0x00000000000005bc       0x60 ../ADC_nios_bsp/\libhal_bsp.a(alt_close.o)
 .debug_frame   0x000000000000061c       0x34 ../ADC_nios_bsp/\libhal_bsp.a(alt_dcache_flush_all.o)
 .debug_frame   0x0000000000000650       0x34 ../ADC_nios_bsp/\libhal_bsp.a(alt_dev.o)
 .debug_frame   0x0000000000000684       0x60 ../ADC_nios_bsp/\libhal_bsp.a(alt_dev_llist_insert.o)
 .debug_frame   0x00000000000006e4       0x34 ../ADC_nios_bsp/\libhal_bsp.a(alt_icache_flush_all.o)
 .debug_frame   0x0000000000000718       0xa4 ../ADC_nios_bsp/\libhal_bsp.a(alt_iic.o)
 .debug_frame   0x00000000000007bc       0x38 ../ADC_nios_bsp/\libhal_bsp.a(alt_iic_isr_register.o)
 .debug_frame   0x00000000000007f4       0x64 ../ADC_nios_bsp/\libhal_bsp.a(alt_io_redirect.o)
 .debug_frame   0x0000000000000858       0x38 ../ADC_nios_bsp/\libhal_bsp.a(alt_irq_handler.o)
 .debug_frame   0x0000000000000890       0x8c ../ADC_nios_bsp/\libhal_bsp.a(alt_open.o)
 .debug_frame   0x000000000000091c       0x3c ../ADC_nios_bsp/\libhal_bsp.a(alt_release_fd.o)
 .debug_frame   0x0000000000000958       0x5c ../ADC_nios_bsp/\libhal_bsp.a(alt_tick.o)
 .debug_frame   0x00000000000009b4       0x34 ../ADC_nios_bsp/\libhal_bsp.a(altera_nios2_qsys_irq.o)
 .debug_frame   0x00000000000009e8       0x38 ../ADC_nios_bsp/\libhal_bsp.a(alt_find_dev.o)
 .debug_frame   0x0000000000000a20       0x38 ../ADC_nios_bsp/\libhal_bsp.a(alt_find_file.o)
 .debug_frame   0x0000000000000a58       0x3c ../ADC_nios_bsp/\libhal_bsp.a(alt_get_fd.o)
 .debug_frame   0x0000000000000a94       0x28 e:/quartusprime/nios2eds/bin/gnu/h-x86_64-mingw32/bin/../lib/gcc/nios2-elf/5.3.0/../../../../../H-x86_64-mingw32/nios2-elf/lib/mno-hw-mul\libsmallc.a(lib_a-exit.o)
 .debug_frame   0x0000000000000abc       0x20 e:/quartusprime/nios2eds/bin/gnu/h-x86_64-mingw32/bin/../lib/gcc/nios2-elf/5.3.0/../../../../../H-x86_64-mingw32/nios2-elf/lib/mno-hw-mul\libsmallc.a(lib_a-memcmp.o)
 .debug_frame   0x0000000000000adc       0x20 e:/quartusprime/nios2eds/bin/gnu/h-x86_64-mingw32/bin/../lib/gcc/nios2-elf/5.3.0/../../../../../H-x86_64-mingw32/nios2-elf/lib/mno-hw-mul\libsmallc.a(lib_a-memcpy.o)
 .debug_frame   0x0000000000000afc       0x54 e:/quartusprime/nios2eds/bin/gnu/h-x86_64-mingw32/bin/../lib/gcc/nios2-elf/5.3.0/../../../../../H-x86_64-mingw32/nios2-elf/lib/mno-hw-mul\libsmallc.a(lib_a-__call_atexit.o)
 .debug_frame   0x0000000000000b50       0x2c ../ADC_nios_bsp/\libhal_bsp.a(alt_exit.o)

.debug_str      0x0000000000000000     0x195d
 *(.debug_str)
 .debug_str     0x0000000000000000      0x16f obj/default/hello_world.o
                                        0x1d1 (size before relaxing)
 .debug_str     0x000000000000016f      0x431 e:/quartusprime/nios2eds/bin/gnu/h-x86_64-mingw32/bin/../lib/gcc/nios2-elf/5.3.0/../../../../../H-x86_64-mingw32/nios2-elf/lib/mno-hw-mul\libsmallc.a(lib_a-printf.o)
                                        0x504 (size before relaxing)
 .debug_str     0x00000000000005a0      0x1ff e:/quartusprime/nios2eds/bin/gnu/h-x86_64-mingw32/bin/../lib/gcc/nios2-elf/5.3.0/../../../../../H-x86_64-mingw32/nios2-elf/lib/mno-hw-mul\libsmallc.a(lib_a-vfprintf.o)
                                        0x67f (size before relaxing)
 .debug_str     0x000000000000079f       0x78 e:/quartusprime/nios2eds/bin/gnu/h-x86_64-mingw32/bin/../lib/gcc/nios2-elf/5.3.0/../../../../../H-x86_64-mingw32/nios2-elf/lib/mno-hw-mul\libsmallc.a(lib_a-fvwrite_small_dev.o)
                                        0x4d4 (size before relaxing)
 .debug_str     0x0000000000000817       0xef e:/quartusprime/nios2eds/bin/gnu/h-x86_64-mingw32/bin/../lib/gcc/nios2-elf/5.3.0/../../../../../H-x86_64-mingw32/nios2-elf/lib/mno-hw-mul\libsmallc.a(lib_a-impure.o)
                                        0x4be (size before relaxing)
 .debug_str     0x0000000000000906       0xd2 e:/quartusprime/nios2eds/bin/gnu/h-x86_64-mingw32/bin/../lib/gcc/nios2-elf/5.3.0/../../../../../H-x86_64-mingw32/nios2-elf/lib/mno-hw-mul\libsmallc.a(lib_a-strlen.o)
                                        0x1e5 (size before relaxing)
 .debug_str     0x00000000000009d8       0x45 e:/quartusprime/nios2eds/bin/gnu/h-x86_64-mingw32/bin/../lib/gcc/nios2-elf/5.3.0/../../../../../H-x86_64-mingw32/nios2-elf/lib/mno-hw-mul\libsmallc.a(lib_a-writer.o)
                                        0x4b8 (size before relaxing)
 .debug_str     0x0000000000000a1d       0x3f e:/quartusprime/nios2eds/bin/gnu/h-x86_64-mingw32/bin/../lib/gcc/nios2-elf/5.3.0/../../../../../H-x86_64-mingw32/nios2-elf/lib/mno-hw-mul\libsmallc.a(lib_a-int_errno.o)
                                        0x1d8 (size before relaxing)
 .debug_str     0x0000000000000a5c      0x187 e:/quartusprime/nios2eds/bin/gnu/h-x86_64-mingw32/bin/../lib/gcc/nios2-elf/5.3.0/mno-hw-mul\libgcc.a(lib2-divmod.o)
                                        0x1d2 (size before relaxing)
 .debug_str     0x0000000000000be3       0x40 e:/quartusprime/nios2eds/bin/gnu/h-x86_64-mingw32/bin/../lib/gcc/nios2-elf/5.3.0/mno-hw-mul\libgcc.a(lib2-mul.o)
                                        0x193 (size before relaxing)
 .debug_str     0x0000000000000c23      0x120 ../ADC_nios_bsp/\libhal_bsp.a(alt_load.o)
                                        0x20f (size before relaxing)
 .debug_str     0x0000000000000d43       0x44 ../ADC_nios_bsp/\libhal_bsp.a(alt_main.o)
                                        0x19a (size before relaxing)
 .debug_str     0x0000000000000d87      0x15a ../ADC_nios_bsp/\libhal_bsp.a(alt_write.o)
                                        0x2f5 (size before relaxing)
 .debug_str     0x0000000000000ee1      0x14c ../ADC_nios_bsp/\libhal_bsp.a(alt_sys_init.o)
                                        0x362 (size before relaxing)
 .debug_str     0x000000000000102d       0xb9 ../ADC_nios_bsp/\libhal_bsp.a(altera_avalon_jtag_uart_fd.o)
                                        0x3a1 (size before relaxing)
 .debug_str     0x00000000000010e6       0xd1 ../ADC_nios_bsp/\libhal_bsp.a(altera_avalon_jtag_uart_init.o)
                                        0x335 (size before relaxing)
 .debug_str     0x00000000000011b7       0x4a ../ADC_nios_bsp/\libhal_bsp.a(altera_avalon_jtag_uart_ioctl.o)
                                        0x290 (size before relaxing)
 .debug_str     0x0000000000001201       0x7f ../ADC_nios_bsp/\libhal_bsp.a(altera_avalon_jtag_uart_read.o)
                                        0x2e5 (size before relaxing)
 .debug_str     0x0000000000001280       0x4a ../ADC_nios_bsp/\libhal_bsp.a(altera_avalon_jtag_uart_write.o)
                                        0x2e6 (size before relaxing)
 .debug_str     0x00000000000012ca       0x5f ../ADC_nios_bsp/\libhal_bsp.a(alt_alarm_start.o)
                                        0x27b (size before relaxing)
 .debug_str     0x0000000000001329       0x1b ../ADC_nios_bsp/\libhal_bsp.a(alt_close.o)
                                        0x208 (size before relaxing)
 .debug_str     0x0000000000001344       0x34 ../ADC_nios_bsp/\libhal_bsp.a(alt_dcache_flush_all.o)
                                        0x152 (size before relaxing)
 .debug_str     0x0000000000001378       0x50 ../ADC_nios_bsp/\libhal_bsp.a(alt_dev.o)
                                        0x302 (size before relaxing)
 .debug_str     0x00000000000013c8       0x34 ../ADC_nios_bsp/\libhal_bsp.a(alt_dev_llist_insert.o)
                                        0x1c9 (size before relaxing)
 .debug_str     0x00000000000013fc       0x14 ../ADC_nios_bsp/\libhal_bsp.a(alt_errno.o)
                                        0x142 (size before relaxing)
 .debug_str     0x0000000000001410       0x34 ../ADC_nios_bsp/\libhal_bsp.a(alt_icache_flush_all.o)
                                        0x152 (size before relaxing)
 .debug_str     0x0000000000001444       0xc4 ../ADC_nios_bsp/\libhal_bsp.a(alt_iic.o)
                                        0x23b (size before relaxing)
 .debug_str     0x0000000000001508       0x4c ../ADC_nios_bsp/\libhal_bsp.a(alt_iic_isr_register.o)
                                        0x1e5 (size before relaxing)
 .debug_str     0x0000000000001554       0x56 ../ADC_nios_bsp/\libhal_bsp.a(alt_io_redirect.o)
                                        0x313 (size before relaxing)
 .debug_str     0x00000000000015aa       0x3a ../ADC_nios_bsp/\libhal_bsp.a(alt_irq_handler.o)
                                        0x194 (size before relaxing)
 .debug_str     0x00000000000015e4       0x17 ../ADC_nios_bsp/\libhal_bsp.a(alt_irq_vars.o)
                                        0x137 (size before relaxing)
 .debug_str     0x00000000000015fb       0x2f ../ADC_nios_bsp/\libhal_bsp.a(alt_open.o)
                                        0x248 (size before relaxing)
 .debug_str     0x000000000000162a       0x28 ../ADC_nios_bsp/\libhal_bsp.a(alt_release_fd.o)
                                        0x1d0 (size before relaxing)
 .debug_str     0x0000000000001652       0x4a ../ADC_nios_bsp/\libhal_bsp.a(alt_tick.o)
                                        0x24f (size before relaxing)
 .debug_str     0x000000000000169c       0x3b ../ADC_nios_bsp/\libhal_bsp.a(altera_nios2_qsys_irq.o)
                                        0x159 (size before relaxing)
 .debug_str     0x00000000000016d7       0x24 ../ADC_nios_bsp/\libhal_bsp.a(alt_find_dev.o)
                                        0x1e9 (size before relaxing)
 .debug_str     0x00000000000016fb       0x26 ../ADC_nios_bsp/\libhal_bsp.a(alt_find_file.o)
                                        0x1f7 (size before relaxing)
 .debug_str     0x0000000000001721       0x30 ../ADC_nios_bsp/\libhal_bsp.a(alt_get_fd.o)
                                        0x219 (size before relaxing)
 .debug_str     0x0000000000001751       0xe1 e:/quartusprime/nios2eds/bin/gnu/h-x86_64-mingw32/bin/../lib/gcc/nios2-elf/5.3.0/../../../../../H-x86_64-mingw32/nios2-elf/lib/mno-hw-mul\libsmallc.a(lib_a-exit.o)
                                        0x1f0 (size before relaxing)
 .debug_str     0x0000000000001832       0x44 e:/quartusprime/nios2eds/bin/gnu/h-x86_64-mingw32/bin/../lib/gcc/nios2-elf/5.3.0/../../../../../H-x86_64-mingw32/nios2-elf/lib/mno-hw-mul\libsmallc.a(lib_a-memcmp.o)
                                        0x1df (size before relaxing)
 .debug_str     0x0000000000001876       0x58 e:/quartusprime/nios2eds/bin/gnu/h-x86_64-mingw32/bin/../lib/gcc/nios2-elf/5.3.0/../../../../../H-x86_64-mingw32/nios2-elf/lib/mno-hw-mul\libsmallc.a(lib_a-memcpy.o)
                                        0x1f3 (size before relaxing)
 .debug_str     0x00000000000018ce       0x65 e:/quartusprime/nios2eds/bin/gnu/h-x86_64-mingw32/bin/../lib/gcc/nios2-elf/5.3.0/../../../../../H-x86_64-mingw32/nios2-elf/lib/mno-hw-mul\libsmallc.a(lib_a-__call_atexit.o)
                                        0x4eb (size before relaxing)
 .debug_str     0x0000000000001933       0x2a ../ADC_nios_bsp/\libhal_bsp.a(alt_exit.o)
                                        0x14e (size before relaxing)

.debug_loc      0x0000000000000000     0x148c
 *(.debug_loc)
 .debug_loc     0x0000000000000000       0xc6 e:/quartusprime/nios2eds/bin/gnu/h-x86_64-mingw32/bin/../lib/gcc/nios2-elf/5.3.0/../../../../../H-x86_64-mingw32/nios2-elf/lib/mno-hw-mul\libsmallc.a(lib_a-printf.o)
 .debug_loc     0x00000000000000c6      0x954 e:/quartusprime/nios2eds/bin/gnu/h-x86_64-mingw32/bin/../lib/gcc/nios2-elf/5.3.0/../../../../../H-x86_64-mingw32/nios2-elf/lib/mno-hw-mul\libsmallc.a(lib_a-vfprintf.o)
 .debug_loc     0x0000000000000a1a      0x110 e:/quartusprime/nios2eds/bin/gnu/h-x86_64-mingw32/bin/../lib/gcc/nios2-elf/5.3.0/../../../../../H-x86_64-mingw32/nios2-elf/lib/mno-hw-mul\libsmallc.a(lib_a-fvwrite_small_dev.o)
 .debug_loc     0x0000000000000b2a       0x1e e:/quartusprime/nios2eds/bin/gnu/h-x86_64-mingw32/bin/../lib/gcc/nios2-elf/5.3.0/../../../../../H-x86_64-mingw32/nios2-elf/lib/mno-hw-mul\libsmallc.a(lib_a-strlen.o)
 .debug_loc     0x0000000000000b48       0xa5 e:/quartusprime/nios2eds/bin/gnu/h-x86_64-mingw32/bin/../lib/gcc/nios2-elf/5.3.0/../../../../../H-x86_64-mingw32/nios2-elf/lib/mno-hw-mul\libsmallc.a(lib_a-writer.o)
 .debug_loc     0x0000000000000bed      0x4ce e:/quartusprime/nios2eds/bin/gnu/h-x86_64-mingw32/bin/../lib/gcc/nios2-elf/5.3.0/mno-hw-mul\libgcc.a(lib2-divmod.o)
 .debug_loc     0x00000000000010bb       0x93 e:/quartusprime/nios2eds/bin/gnu/h-x86_64-mingw32/bin/../lib/gcc/nios2-elf/5.3.0/mno-hw-mul\libgcc.a(lib2-mul.o)
 .debug_loc     0x000000000000114e       0x1e e:/quartusprime/nios2eds/bin/gnu/h-x86_64-mingw32/bin/../lib/gcc/nios2-elf/5.3.0/../../../../../H-x86_64-mingw32/nios2-elf/lib/mno-hw-mul\libsmallc.a(lib_a-exit.o)
 .debug_loc     0x000000000000116c       0x94 e:/quartusprime/nios2eds/bin/gnu/h-x86_64-mingw32/bin/../lib/gcc/nios2-elf/5.3.0/../../../../../H-x86_64-mingw32/nios2-elf/lib/mno-hw-mul\libsmallc.a(lib_a-memcmp.o)
 .debug_loc     0x0000000000001200      0x135 e:/quartusprime/nios2eds/bin/gnu/h-x86_64-mingw32/bin/../lib/gcc/nios2-elf/5.3.0/../../../../../H-x86_64-mingw32/nios2-elf/lib/mno-hw-mul\libsmallc.a(lib_a-memcpy.o)
 .debug_loc     0x0000000000001335      0x157 e:/quartusprime/nios2eds/bin/gnu/h-x86_64-mingw32/bin/../lib/gcc/nios2-elf/5.3.0/../../../../../H-x86_64-mingw32/nios2-elf/lib/mno-hw-mul\libsmallc.a(lib_a-__call_atexit.o)

.debug_macinfo
 *(.debug_macinfo)

.debug_weaknames
 *(.debug_weaknames)

.debug_funcnames
 *(.debug_funcnames)

.debug_typenames
 *(.debug_typenames)

.debug_varnames
 *(.debug_varnames)

.debug_alt_sim_info
                0x0000000000000000       0x10
 *(.debug_alt_sim_info)
 .debug_alt_sim_info
                0x0000000000000000       0x10 ../ADC_nios_bsp//obj/HAL/src/crt0.o
                0x0000000000019c40                __alt_data_end = 0x19c40
                0x0000000000019c40                PROVIDE (__alt_stack_pointer, __alt_data_end)
                [!provide]                        PROVIDE (__alt_stack_limit, __alt_stack_base)
                [!provide]                        PROVIDE (__alt_heap_start, end)
                [!provide]                        PROVIDE (__alt_heap_limit, 0x19c40)
OUTPUT(ADC_nios.elf elf32-littlenios2)

.debug_ranges   0x0000000000000000      0x2b0
 .debug_ranges  0x0000000000000000       0x20 ../ADC_nios_bsp//obj/HAL/src/crt0.o
 .debug_ranges  0x0000000000000020       0x18 e:/quartusprime/nios2eds/bin/gnu/h-x86_64-mingw32/bin/../lib/gcc/nios2-elf/5.3.0/../../../../../H-x86_64-mingw32/nios2-elf/lib/mno-hw-mul\libsmallc.a(lib_a-printf.o)
 .debug_ranges  0x0000000000000038       0xc8 e:/quartusprime/nios2eds/bin/gnu/h-x86_64-mingw32/bin/../lib/gcc/nios2-elf/5.3.0/../../../../../H-x86_64-mingw32/nios2-elf/lib/mno-hw-mul\libsmallc.a(lib_a-vfprintf.o)
 .debug_ranges  0x0000000000000100       0x28 e:/quartusprime/nios2eds/bin/gnu/h-x86_64-mingw32/bin/../lib/gcc/nios2-elf/5.3.0/../../../../../H-x86_64-mingw32/nios2-elf/lib/mno-hw-mul\libsmallc.a(lib_a-fvwrite_small_dev.o)
 .debug_ranges  0x0000000000000128       0x10 e:/quartusprime/nios2eds/bin/gnu/h-x86_64-mingw32/bin/../lib/gcc/nios2-elf/5.3.0/../../../../../H-x86_64-mingw32/nios2-elf/lib/mno-hw-mul\libsmallc.a(lib_a-strlen.o)
 .debug_ranges  0x0000000000000138       0x10 e:/quartusprime/nios2eds/bin/gnu/h-x86_64-mingw32/bin/../lib/gcc/nios2-elf/5.3.0/../../../../../H-x86_64-mingw32/nios2-elf/lib/mno-hw-mul\libsmallc.a(lib_a-writer.o)
 .debug_ranges  0x0000000000000148       0x60 e:/quartusprime/nios2eds/bin/gnu/h-x86_64-mingw32/bin/../lib/gcc/nios2-elf/5.3.0/mno-hw-mul\libgcc.a(lib2-divmod.o)
 .debug_ranges  0x00000000000001a8       0x30 ../ADC_nios_bsp/\libhal_bsp.a(altera_avalon_jtag_uart_init.o)
 .debug_ranges  0x00000000000001d8       0x18 ../ADC_nios_bsp/\libhal_bsp.a(altera_avalon_jtag_uart_read.o)
 .debug_ranges  0x00000000000001f0       0x28 ../ADC_nios_bsp/\libhal_bsp.a(alt_irq_entry.o)
 .debug_ranges  0x0000000000000218       0x10 ../ADC_nios_bsp/\libhal_bsp.a(alt_irq_handler.o)
 .debug_ranges  0x0000000000000228       0x30 ../ADC_nios_bsp/\libhal_bsp.a(alt_exception_entry.o)
 .debug_ranges  0x0000000000000258       0x10 e:/quartusprime/nios2eds/bin/gnu/h-x86_64-mingw32/bin/../lib/gcc/nios2-elf/5.3.0/../../../../../H-x86_64-mingw32/nios2-elf/lib/mno-hw-mul\libsmallc.a(lib_a-exit.o)
 .debug_ranges  0x0000000000000268       0x10 e:/quartusprime/nios2eds/bin/gnu/h-x86_64-mingw32/bin/../lib/gcc/nios2-elf/5.3.0/../../../../../H-x86_64-mingw32/nios2-elf/lib/mno-hw-mul\libsmallc.a(lib_a-memcmp.o)
 .debug_ranges  0x0000000000000278       0x10 e:/quartusprime/nios2eds/bin/gnu/h-x86_64-mingw32/bin/../lib/gcc/nios2-elf/5.3.0/../../../../../H-x86_64-mingw32/nios2-elf/lib/mno-hw-mul\libsmallc.a(lib_a-memcpy.o)
 .debug_ranges  0x0000000000000288       0x28 e:/quartusprime/nios2eds/bin/gnu/h-x86_64-mingw32/bin/../lib/gcc/nios2-elf/5.3.0/../../../../../H-x86_64-mingw32/nios2-elf/lib/mno-hw-mul\libsmallc.a(lib_a-__call_atexit.o)
