13:31:08 **** Build of project Gpio_bsp ****
make -k all 
libgen -hw ../Gpio_hw_platform/system.xml\
	       \
	       -pe microblaze_0 \
	       -log libgen.log \
	       system.mss
libgen
Xilinx EDK 14.7 Build EDK_P.20131013
Copyright (c) 1995-2012 Xilinx, Inc.  All rights reserved.

Command Line: libgen -hw ../Gpio_hw_platform/system.xml -pe microblaze_0 -log
libgen.log system.mss 


Staging source files.
Running DRCs.
Running generate.
Running post_generate.
Running include - 'make -s include "COMPILER=mb-gcc" "ARCHIVER=mb-ar"
"COMPILER_FLAGS=-mno-xl-soft-mul -mxl-barrel-shift -mxl-pattern-compare
-mcpu=v8.50.c  -O2 -c" "EXTRA_COMPILER_FLAGS=-g -ffunction-sections
-fdata-sections"'.

Running libs - 'make -s libs "COMPILER=mb-gcc" "ARCHIVER=mb-ar"
"COMPILER_FLAGS=-mno-xl-soft-mul -mxl-barrel-shift -mxl-pattern-compare
-mcpu=v8.50.c  -O2 -c" "EXTRA_COMPILER_FLAGS=-g -ffunction-sections
-fdata-sections"'.
"Compiling common"
"Compiling standalone";
"Compiling gpio"
"Compiling bram"
"Compiling uartlite"
"Compiling cpu"
Running execs_generate.
'Finished building libraries'
13:31:33 **** Build of configuration Debug for project Gpio ****
make all 
'Building file: ../src/helloworld.c'
'Invoking: MicroBlaze gcc compiler'
mb-gcc -Wall -O0 -g3 -c -fmessage-length=0 -I../../Gpio_bsp/microblaze_0/include -mxl-barrel-shift -mxl-pattern-compare -mcpu=v8.50.c -mno-xl-soft-mul -Wl,--no-relax -ffunction-sections -fdata-sections -MMD -MP -MF"src/helloworld.d" -MT"src/helloworld.d" -o "src/helloworld.o" "../src/helloworld.c"
'Finished building: ../src/helloworld.c'
' '
'Building file: ../src/platform.c'
'Invoking: MicroBlaze gcc compiler'
mb-gcc -Wall -O0 -g3 -c -fmessage-length=0 -I../../Gpio_bsp/microblaze_0/include -mxl-barrel-shift -mxl-pattern-compare -mcpu=v8.50.c -mno-xl-soft-mul -Wl,--no-relax -ffunction-sections -fdata-sections -MMD -MP -MF"src/platform.d" -MT"src/platform.d" -o "src/platform.o" "../src/platform.c"
'Finished building: ../src/platform.c'
' '
'Building target: Gpio.elf'
'Invoking: MicroBlaze gcc linker'
mb-gcc -Wl,-T -Wl,../src/lscript.ld -L../../Gpio_bsp/microblaze_0/lib -mxl-barrel-shift -mxl-pattern-compare -mcpu=v8.50.c -mno-xl-soft-mul -Wl,--no-relax -Wl,--gc-sections -o "Gpio.elf"  ./src/helloworld.o ./src/platform.o   -Wl,--start-group,-lxil,-lgcc,-lc,--end-group
'Finished building target: Gpio.elf'
' '
'Invoking: MicroBlaze Print Size'
mb-size Gpio.elf  |tee "Gpio.elf.size"
   text	   data	    bss	    dec	    hex	filename
   2174	    268	   2084	   4526	   11ae	Gpio.elf
'Finished building: Gpio.elf.size'
' '
'Invoking: Xilinx ELF Check'
elfcheck Gpio.elf -hw ../../Gpio_hw_platform/system.xml -pe microblaze_0  |tee "Gpio.elf.elfcheck"
elfcheck
Xilinx EDK 14.7 Build EDK_P.20131013
Copyright (c) 1995-2012 Xilinx, Inc.  All rights reserved.

Command Line: elfcheck -hw ../../Gpio_hw_platform/system.xml -pe microblaze_0
Gpio.elf 

ELF file	: Gpio.elf
elfcheck passed.
'Finished building: Gpio.elf.elfcheck'
' '
13:32:37 **** Auto Build of configuration Debug for project Gpio ****
make all 
'Building file: ../src/helloworld.c'
'Invoking: MicroBlaze gcc compiler'
mb-gcc -Wall -O0 -g3 -c -fmessage-length=0 -I../../Gpio_bsp/microblaze_0/include -mxl-barrel-shift -mxl-pattern-compare -mcpu=v8.50.c -mno-xl-soft-mul -Wl,--no-relax -ffunction-sections -fdata-sections -MMD -MP -MF"src/helloworld.d" -MT"src/helloworld.d" -o "src/helloworld.o" "../src/helloworld.c"
'Finished building: ../src/helloworld.c'
' '
'Building target: Gpio.elf'
'Invoking: MicroBlaze gcc linker'
mb-gcc -Wl,-T -Wl,../src/lscript.ld -L../../Gpio_bsp/microblaze_0/lib -mxl-barrel-shift -mxl-pattern-compare -mcpu=v8.50.c -mno-xl-soft-mul -Wl,--no-relax -Wl,--gc-sections -o "Gpio.elf"  ./src/helloworld.o ./src/platform.o   -Wl,--start-group,-lxil,-lgcc,-lc,--end-group
'Finished building target: Gpio.elf'
' '
'Invoking: MicroBlaze Print Size'
mb-size Gpio.elf  |tee "Gpio.elf.size"
   text	   data	    bss	    dec	    hex	filename
   1734	    268	   2084	   4086	    ff6	Gpio.elf
'Finished building: Gpio.elf.size'
' '
'Invoking: Xilinx ELF Check'
elfcheck Gpio.elf -hw ../../Gpio_hw_platform/system.xml -pe microblaze_0  |tee "Gpio.elf.elfcheck"
elfcheck
Xilinx EDK 14.7 Build EDK_P.20131013
Copyright (c) 1995-2012 Xilinx, Inc.  All rights reserved.

Command Line: elfcheck -hw ../../Gpio_hw_platform/system.xml -pe microblaze_0
Gpio.elf 

ELF file	: Gpio.elf
elfcheck passed.
'Finished building: Gpio.elf.elfcheck'
' '
13:39:27 **** Auto Build of configuration Debug for project Gpio ****
make all 
'Building file: ../src/helloworld.c'
'Invoking: MicroBlaze gcc compiler'
mb-gcc -Wall -O0 -g3 -c -fmessage-length=0 -I../../Gpio_bsp/microblaze_0/include -mxl-barrel-shift -mxl-pattern-compare -mcpu=v8.50.c -mno-xl-soft-mul -Wl,--no-relax -ffunction-sections -fdata-sections -MMD -MP -MF"src/helloworld.d" -MT"src/helloworld.d" -o "src/helloworld.o" "../src/helloworld.c"
'Finished building: ../src/helloworld.c'
' '
'Building target: Gpio.elf'
'Invoking: MicroBlaze gcc linker'
mb-gcc -Wl,-T -Wl,../src/lscript.ld -L../../Gpio_bsp/microblaze_0/lib -mxl-barrel-shift -mxl-pattern-compare -mcpu=v8.50.c -mno-xl-soft-mul -Wl,--no-relax -Wl,--gc-sections -o "Gpio.elf"  ./src/helloworld.o ./src/platform.o   -Wl,--start-group,-lxil,-lgcc,-lc,--end-group
'Finished building target: Gpio.elf'
' '
'Invoking: MicroBlaze Print Size'
mb-size Gpio.elf  |tee "Gpio.elf.size"
   text	   data	    bss	    dec	    hex	filename
   2398	    304	   2120	   4822	   12d6	Gpio.elf
'Finished building: Gpio.elf.size'
' '
'Invoking: Xilinx ELF Check'
elfcheck Gpio.elf -hw ../../Gpio_hw_platform/system.xml -pe microblaze_0  |tee "Gpio.elf.elfcheck"
elfcheck
Xilinx EDK 14.7 Build EDK_P.20131013
Copyright (c) 1995-2012 Xilinx, Inc.  All rights reserved.

Command Line: elfcheck -hw ../../Gpio_hw_platform/system.xml -pe microblaze_0
Gpio.elf 

ELF file	: Gpio.elf
elfcheck passed.
'Finished building: Gpio.elf.elfcheck'
' '
13:42:12 **** Auto Build of configuration Debug for project Gpio ****
make all 
'Building file: ../src/helloworld.c'
'Invoking: MicroBlaze gcc compiler'
mb-gcc -Wall -O0 -g3 -c -fmessage-length=0 -I../../Gpio_bsp/microblaze_0/include -mxl-barrel-shift -mxl-pattern-compare -mcpu=v8.50.c -mno-xl-soft-mul -Wl,--no-relax -ffunction-sections -fdata-sections -MMD -MP -MF"src/helloworld.d" -MT"src/helloworld.d" -o "src/helloworld.o" "../src/helloworld.c"
'Finished building: ../src/helloworld.c'
' '
'Building target: Gpio.elf'
'Invoking: MicroBlaze gcc linker'
mb-gcc -Wl,-T -Wl,../src/lscript.ld -L../../Gpio_bsp/microblaze_0/lib -mxl-barrel-shift -mxl-pattern-compare -mcpu=v8.50.c -mno-xl-soft-mul -Wl,--no-relax -Wl,--gc-sections -o "Gpio.elf"  ./src/helloworld.o ./src/platform.o   -Wl,--start-group,-lxil,-lgcc,-lc,--end-group
'Finished building target: Gpio.elf'
' '
'Invoking: MicroBlaze Print Size'
mb-size Gpio.elf  |tee "Gpio.elf.size"
   text	   data	    bss	    dec	    hex	filename
   2398	    304	   2120	   4822	   12d6	Gpio.elf
'Finished building: Gpio.elf.size'
' '
'Invoking: Xilinx ELF Check'
elfcheck Gpio.elf -hw ../../Gpio_hw_platform/system.xml -pe microblaze_0  |tee "Gpio.elf.elfcheck"
elfcheck
Xilinx EDK 14.7 Build EDK_P.20131013
Copyright (c) 1995-2012 Xilinx, Inc.  All rights reserved.

Command Line: elfcheck -hw ../../Gpio_hw_platform/system.xml -pe microblaze_0
Gpio.elf 

ELF file	: Gpio.elf
elfcheck passed.
'Finished building: Gpio.elf.elfcheck'
' '
13:48:14 **** Auto Build of configuration Debug for project Gpio ****
make all 
'Building file: ../src/helloworld.c'
'Invoking: MicroBlaze gcc compiler'
mb-gcc -Wall -O0 -g3 -c -fmessage-length=0 -I../../Gpio_bsp/microblaze_0/include -mxl-barrel-shift -mxl-pattern-compare -mcpu=v8.50.c -mno-xl-soft-mul -Wl,--no-relax -ffunction-sections -fdata-sections -MMD -MP -MF"src/helloworld.d" -MT"src/helloworld.d" -o "src/helloworld.o" "../src/helloworld.c"
'Finished building: ../src/helloworld.c'
' '
'Building target: Gpio.elf'
'Invoking: MicroBlaze gcc linker'
mb-gcc -Wl,-T -Wl,../src/lscript.ld -L../../Gpio_bsp/microblaze_0/lib -mxl-barrel-shift -mxl-pattern-compare -mcpu=v8.50.c -mno-xl-soft-mul -Wl,--no-relax -Wl,--gc-sections -o "Gpio.elf"  ./src/helloworld.o ./src/platform.o   -Wl,--start-group,-lxil,-lgcc,-lc,--end-group
'Finished building target: Gpio.elf'
' '
'Invoking: MicroBlaze Print Size'
mb-size Gpio.elf  |tee "Gpio.elf.size"
   text	   data	    bss	    dec	    hex	filename
   2538	    304	   2134	   4976	   1370	Gpio.elf
'Finished building: Gpio.elf.size'
' '
'Invoking: Xilinx ELF Check'
elfcheck Gpio.elf -hw ../../Gpio_hw_platform/system.xml -pe microblaze_0  |tee "Gpio.elf.elfcheck"
elfcheck
Xilinx EDK 14.7 Build EDK_P.20131013
Copyright (c) 1995-2012 Xilinx, Inc.  All rights reserved.

Command Line: elfcheck -hw ../../Gpio_hw_platform/system.xml -pe microblaze_0
Gpio.elf 

ELF file	: Gpio.elf
elfcheck passed.
'Finished building: Gpio.elf.elfcheck'
' '
13:48:48 **** Auto Build of configuration Debug for project Gpio ****
make all 
'Building file: ../src/helloworld.c'
'Invoking: MicroBlaze gcc compiler'
mb-gcc -Wall -O0 -g3 -c -fmessage-length=0 -I../../Gpio_bsp/microblaze_0/include -mxl-barrel-shift -mxl-pattern-compare -mcpu=v8.50.c -mno-xl-soft-mul -Wl,--no-relax -ffunction-sections -fdata-sections -MMD -MP -MF"src/helloworld.d" -MT"src/helloworld.d" -o "src/helloworld.o" "../src/helloworld.c"
'Finished building: ../src/helloworld.c'
' '
'Building target: Gpio.elf'
'Invoking: MicroBlaze gcc linker'
mb-gcc -Wl,-T -Wl,../src/lscript.ld -L../../Gpio_bsp/microblaze_0/lib -mxl-barrel-shift -mxl-pattern-compare -mcpu=v8.50.c -mno-xl-soft-mul -Wl,--no-relax -Wl,--gc-sections -o "Gpio.elf"  ./src/helloworld.o ./src/platform.o   -Wl,--start-group,-lxil,-lgcc,-lc,--end-group
'Finished building target: Gpio.elf'
' '
'Invoking: MicroBlaze Print Size'
mb-size Gpio.elf  |tee "Gpio.elf.size"
   text	   data	    bss	    dec	    hex	filename
   2538	    304	   2134	   4976	   1370	Gpio.elf
'Finished building: Gpio.elf.size'
' '
'Invoking: Xilinx ELF Check'
elfcheck Gpio.elf -hw ../../Gpio_hw_platform/system.xml -pe microblaze_0  |tee "Gpio.elf.elfcheck"
elfcheck
Xilinx EDK 14.7 Build EDK_P.20131013
Copyright (c) 1995-2012 Xilinx, Inc.  All rights reserved.

Command Line: elfcheck -hw ../../Gpio_hw_platform/system.xml -pe microblaze_0
Gpio.elf 

ELF file	: Gpio.elf
elfcheck passed.
'Finished building: Gpio.elf.elfcheck'
' '
13:55:25 **** Auto Build of configuration Debug for project Gpio ****
make all 
'Building file: ../src/helloworld.c'
'Invoking: MicroBlaze gcc compiler'
mb-gcc -Wall -O0 -g3 -c -fmessage-length=0 -I../../Gpio_bsp/microblaze_0/include -mxl-barrel-shift -mxl-pattern-compare -mcpu=v8.50.c -mno-xl-soft-mul -Wl,--no-relax -ffunction-sections -fdata-sections -MMD -MP -MF"src/helloworld.d" -MT"src/helloworld.d" -o "src/helloworld.o" "../src/helloworld.c"
'Finished building: ../src/helloworld.c'
' '
'Building target: Gpio.elf'
'Invoking: MicroBlaze gcc linker'
mb-gcc -Wl,-T -Wl,../src/lscript.ld -L../../Gpio_bsp/microblaze_0/lib -mxl-barrel-shift -mxl-pattern-compare -mcpu=v8.50.c -mno-xl-soft-mul -Wl,--no-relax -Wl,--gc-sections -o "Gpio.elf"  ./src/helloworld.o ./src/platform.o   -Wl,--start-group,-lxil,-lgcc,-lc,--end-group
'Finished building target: Gpio.elf'
' '
'Invoking: MicroBlaze Print Size'
mb-size Gpio.elf  |tee "Gpio.elf.size"
   text	   data	    bss	    dec	    hex	filename
   2638	    304	   2128	   5070	   13ce	Gpio.elf
'Finished building: Gpio.elf.size'
' '
'Invoking: Xilinx ELF Check'
elfcheck Gpio.elf -hw ../../Gpio_hw_platform/system.xml -pe microblaze_0  |tee "Gpio.elf.elfcheck"
elfcheck
Xilinx EDK 14.7 Build EDK_P.20131013
Copyright (c) 1995-2012 Xilinx, Inc.  All rights reserved.

Command Line: elfcheck -hw ../../Gpio_hw_platform/system.xml -pe microblaze_0
Gpio.elf 

ELF file	: Gpio.elf
elfcheck passed.
'Finished building: Gpio.elf.elfcheck'
' '
13:56:17 **** Auto Build of configuration Debug for project Gpio ****
make all 
'Building file: ../src/helloworld.c'
'Invoking: MicroBlaze gcc compiler'
mb-gcc -Wall -O0 -g3 -c -fmessage-length=0 -I../../Gpio_bsp/microblaze_0/include -mxl-barrel-shift -mxl-pattern-compare -mcpu=v8.50.c -mno-xl-soft-mul -Wl,--no-relax -ffunction-sections -fdata-sections -MMD -MP -MF"src/helloworld.d" -MT"src/helloworld.d" -o "src/helloworld.o" "../src/helloworld.c"
'Finished building: ../src/helloworld.c'
' '
'Building target: Gpio.elf'
'Invoking: MicroBlaze gcc linker'
mb-gcc -Wl,-T -Wl,../src/lscript.ld -L../../Gpio_bsp/microblaze_0/lib -mxl-barrel-shift -mxl-pattern-compare -mcpu=v8.50.c -mno-xl-soft-mul -Wl,--no-relax -Wl,--gc-sections -o "Gpio.elf"  ./src/helloworld.o ./src/platform.o   -Wl,--start-group,-lxil,-lgcc,-lc,--end-group
'Finished building target: Gpio.elf'
' '
'Invoking: MicroBlaze Print Size'
mb-size Gpio.elf  |tee "Gpio.elf.size"
   text	   data	    bss	    dec	    hex	filename
   2638	    304	   2128	   5070	   13ce	Gpio.elf
'Finished building: Gpio.elf.size'
' '
'Invoking: Xilinx ELF Check'
elfcheck Gpio.elf -hw ../../Gpio_hw_platform/system.xml -pe microblaze_0  |tee "Gpio.elf.elfcheck"
elfcheck
Xilinx EDK 14.7 Build EDK_P.20131013
Copyright (c) 1995-2012 Xilinx, Inc.  All rights reserved.

Command Line: elfcheck -hw ../../Gpio_hw_platform/system.xml -pe microblaze_0
Gpio.elf 

ELF file	: Gpio.elf
elfcheck passed.
'Finished building: Gpio.elf.elfcheck'
' '
14:03:01 **** Auto Build of configuration Debug for project Gpio ****
make all 
'Building file: ../src/helloworld.c'
'Invoking: MicroBlaze gcc compiler'
mb-gcc -Wall -O0 -g3 -c -fmessage-length=0 -I../../Gpio_bsp/microblaze_0/include -mxl-barrel-shift -mxl-pattern-compare -mcpu=v8.50.c -mno-xl-soft-mul -Wl,--no-relax -ffunction-sections -fdata-sections -MMD -MP -MF"src/helloworld.d" -MT"src/helloworld.d" -o "src/helloworld.o" "../src/helloworld.c"
'Finished building: ../src/helloworld.c'
' '
'Building target: Gpio.elf'
'Invoking: MicroBlaze gcc linker'
mb-gcc -Wl,-T -Wl,../src/lscript.ld -L../../Gpio_bsp/microblaze_0/lib -mxl-barrel-shift -mxl-pattern-compare -mcpu=v8.50.c -mno-xl-soft-mul -Wl,--no-relax -Wl,--gc-sections -o "Gpio.elf"  ./src/helloworld.o ./src/platform.o   -Wl,--start-group,-lxil,-lgcc,-lc,--end-group
'Finished building target: Gpio.elf'
' '
'Invoking: MicroBlaze Print Size'
mb-size Gpio.elf  |tee "Gpio.elf.size"
   text	   data	    bss	    dec	    hex	filename
  18796	    308	   2136	  21240	   52f8	Gpio.elf
'Finished building: Gpio.elf.size'
' '
'Invoking: Xilinx ELF Check'
elfcheck Gpio.elf -hw ../../Gpio_hw_platform/system.xml -pe microblaze_0  |tee "Gpio.elf.elfcheck"
elfcheck
Xilinx EDK 14.7 Build EDK_P.20131013
Copyright (c) 1995-2012 Xilinx, Inc.  All rights reserved.

Command Line: elfcheck -hw ../../Gpio_hw_platform/system.xml -pe microblaze_0
Gpio.elf 

ELF file	: Gpio.elf
elfcheck passed.
'Finished building: Gpio.elf.elfcheck'
' '
14:06:19 **** Auto Build of configuration Debug for project Gpio ****
make all 
'Building file: ../src/helloworld.c'
'Invoking: MicroBlaze gcc compiler'
mb-gcc -Wall -O0 -g3 -c -fmessage-length=0 -I../../Gpio_bsp/microblaze_0/include -mxl-barrel-shift -mxl-pattern-compare -mcpu=v8.50.c -mno-xl-soft-mul -Wl,--no-relax -ffunction-sections -fdata-sections -MMD -MP -MF"src/helloworld.d" -MT"src/helloworld.d" -o "src/helloworld.o" "../src/helloworld.c"
../src/helloworld.c: In function 'main':
../src/helloworld.c:33:3: error: too few arguments to function 'XGpio_DiscreteWrite'
../../Gpio_bsp/microblaze_0/include/xgpio.h:174:6: note: declared here
make: *** [src/helloworld.o] Error 1
14:06:44 **** Auto Build of configuration Debug for project Gpio ****
make all 
'Building file: ../src/helloworld.c'
'Invoking: MicroBlaze gcc compiler'
mb-gcc -Wall -O0 -g3 -c -fmessage-length=0 -I../../Gpio_bsp/microblaze_0/include -mxl-barrel-shift -mxl-pattern-compare -mcpu=v8.50.c -mno-xl-soft-mul -Wl,--no-relax -ffunction-sections -fdata-sections -MMD -MP -MF"src/helloworld.d" -MT"src/helloworld.d" -o "src/helloworld.o" "../src/helloworld.c"
'Finished building: ../src/helloworld.c'
' '
'Building target: Gpio.elf'
'Invoking: MicroBlaze gcc linker'
mb-gcc -Wl,-T -Wl,../src/lscript.ld -L../../Gpio_bsp/microblaze_0/lib -mxl-barrel-shift -mxl-pattern-compare -mcpu=v8.50.c -mno-xl-soft-mul -Wl,--no-relax -Wl,--gc-sections -o "Gpio.elf"  ./src/helloworld.o ./src/platform.o   -Wl,--start-group,-lxil,-lgcc,-lc,--end-group
'Finished building target: Gpio.elf'
' '
'Invoking: MicroBlaze Print Size'
mb-size Gpio.elf  |tee "Gpio.elf.size"
   text	   data	    bss	    dec	    hex	filename
   2690	    304	   2142	   5136	   1410	Gpio.elf
'Finished building: Gpio.elf.size'
' '
'Invoking: Xilinx ELF Check'
elfcheck Gpio.elf -hw ../../Gpio_hw_platform/system.xml -pe microblaze_0  |tee "Gpio.elf.elfcheck"
elfcheck
Xilinx EDK 14.7 Build EDK_P.20131013
Copyright (c) 1995-2012 Xilinx, Inc.  All rights reserved.

Command Line: elfcheck -hw ../../Gpio_hw_platform/system.xml -pe microblaze_0
Gpio.elf 

ELF file	: Gpio.elf
elfcheck passed.
'Finished building: Gpio.elf.elfcheck'
' '
14:20:09 **** Auto Build of configuration Debug for project Gpio ****
make all 
'Building file: ../src/helloworld.c'
'Invoking: MicroBlaze gcc compiler'
mb-gcc -Wall -O0 -g3 -c -fmessage-length=0 -I../../Gpio_bsp/microblaze_0/include -mxl-barrel-shift -mxl-pattern-compare -mcpu=v8.50.c -mno-xl-soft-mul -Wl,--no-relax -ffunction-sections -fdata-sections -MMD -MP -MF"src/helloworld.d" -MT"src/helloworld.d" -o "src/helloworld.o" "../src/helloworld.c"
../src/helloworld.c:20:2: error: unknown type name 'uin8_t'
make: *** [src/helloworld.o] Error 1
14:20:20 **** Auto Build of configuration Debug for project Gpio ****
make all 
'Building file: ../src/helloworld.c'
'Invoking: MicroBlaze gcc compiler'
mb-gcc -Wall -O0 -g3 -c -fmessage-length=0 -I../../Gpio_bsp/microblaze_0/include -mxl-barrel-shift -mxl-pattern-compare -mcpu=v8.50.c -mno-xl-soft-mul -Wl,--no-relax -ffunction-sections -fdata-sections -MMD -MP -MF"src/helloworld.d" -MT"src/helloworld.d" -o "src/helloworld.o" "../src/helloworld.c"
'Finished building: ../src/helloworld.c'
' '
'Building target: Gpio.elf'
'Invoking: MicroBlaze gcc linker'
mb-gcc -Wl,-T -Wl,../src/lscript.ld -L../../Gpio_bsp/microblaze_0/lib -mxl-barrel-shift -mxl-pattern-compare -mcpu=v8.50.c -mno-xl-soft-mul -Wl,--no-relax -Wl,--gc-sections -o "Gpio.elf"  ./src/helloworld.o ./src/platform.o   -Wl,--start-group,-lxil,-lgcc,-lc,--end-group
'Finished building target: Gpio.elf'
' '
'Invoking: MicroBlaze Print Size'
mb-size Gpio.elf  |tee "Gpio.elf.size"
   text	   data	    bss	    dec	    hex	filename
   2150	    304	   2136	   4590	   11ee	Gpio.elf
'Finished building: Gpio.elf.size'
' '
'Invoking: Xilinx ELF Check'
elfcheck Gpio.elf -hw ../../Gpio_hw_platform/system.xml -pe microblaze_0  |tee "Gpio.elf.elfcheck"
elfcheck
Xilinx EDK 14.7 Build EDK_P.20131013
Copyright (c) 1995-2012 Xilinx, Inc.  All rights reserved.

Command Line: elfcheck -hw ../../Gpio_hw_platform/system.xml -pe microblaze_0
Gpio.elf 

ELF file	: Gpio.elf
elfcheck passed.
'Finished building: Gpio.elf.elfcheck'
' '
14:27:29 **** Auto Build of configuration Debug for project Gpio ****
make all 
'Building file: ../src/helloworld.c'
'Invoking: MicroBlaze gcc compiler'
mb-gcc -Wall -O0 -g3 -c -fmessage-length=0 -I../../Gpio_bsp/microblaze_0/include -mxl-barrel-shift -mxl-pattern-compare -mcpu=v8.50.c -mno-xl-soft-mul -Wl,--no-relax -ffunction-sections -fdata-sections -MMD -MP -MF"src/helloworld.d" -MT"src/helloworld.d" -o "src/helloworld.o" "../src/helloworld.c"
../src/helloworld.c: In function 'main':
../src/helloworld.c:52:3: warning: enumeration value 'Compara' not handled in switch [-Wswitch]
'Finished building: ../src/helloworld.c'
' '
'Building target: Gpio.elf'
'Invoking: MicroBlaze gcc linker'
mb-gcc -Wl,-T -Wl,../src/lscript.ld -L../../Gpio_bsp/microblaze_0/lib -mxl-barrel-shift -mxl-pattern-compare -mcpu=v8.50.c -mno-xl-soft-mul -Wl,--no-relax -Wl,--gc-sections -o "Gpio.elf"  ./src/helloworld.o ./src/platform.o   -Wl,--start-group,-lxil,-lgcc,-lc,--end-group
'Finished building target: Gpio.elf'
' '
'Invoking: MicroBlaze Print Size'
mb-size Gpio.elf  |tee "Gpio.elf.size"
   text	   data	    bss	    dec	    hex	filename
   2654	    304	   2144	   5102	   13ee	Gpio.elf
'Finished building: Gpio.elf.size'
' '
'Invoking: Xilinx ELF Check'
elfcheck Gpio.elf -hw ../../Gpio_hw_platform/system.xml -pe microblaze_0  |tee "Gpio.elf.elfcheck"
elfcheck
Xilinx EDK 14.7 Build EDK_P.20131013
Copyright (c) 1995-2012 Xilinx, Inc.  All rights reserved.

Command Line: elfcheck -hw ../../Gpio_hw_platform/system.xml -pe microblaze_0
Gpio.elf 

ELF file	: Gpio.elf
elfcheck passed.
'Finished building: Gpio.elf.elfcheck'
' '
14:29:03 **** Auto Build of configuration Debug for project Gpio ****
make all 
'Building file: ../src/helloworld.c'
'Invoking: MicroBlaze gcc compiler'
mb-gcc -Wall -O0 -g3 -c -fmessage-length=0 -I../../Gpio_bsp/microblaze_0/include -mxl-barrel-shift -mxl-pattern-compare -mcpu=v8.50.c -mno-xl-soft-mul -Wl,--no-relax -ffunction-sections -fdata-sections -MMD -MP -MF"src/helloworld.d" -MT"src/helloworld.d" -o "src/helloworld.o" "../src/helloworld.c"
../src/helloworld.c: In function 'main':
../src/helloworld.c:52:3: warning: enumeration value 'Compara' not handled in switch [-Wswitch]
'Finished building: ../src/helloworld.c'
' '
'Building target: Gpio.elf'
'Invoking: MicroBlaze gcc linker'
mb-gcc -Wl,-T -Wl,../src/lscript.ld -L../../Gpio_bsp/microblaze_0/lib -mxl-barrel-shift -mxl-pattern-compare -mcpu=v8.50.c -mno-xl-soft-mul -Wl,--no-relax -Wl,--gc-sections -o "Gpio.elf"  ./src/helloworld.o ./src/platform.o   -Wl,--start-group,-lxil,-lgcc,-lc,--end-group
'Finished building target: Gpio.elf'
' '
'Invoking: MicroBlaze Print Size'
mb-size Gpio.elf  |tee "Gpio.elf.size"
   text	   data	    bss	    dec	    hex	filename
   2654	    304	   2144	   5102	   13ee	Gpio.elf
'Finished building: Gpio.elf.size'
' '
'Invoking: Xilinx ELF Check'
elfcheck Gpio.elf -hw ../../Gpio_hw_platform/system.xml -pe microblaze_0  |tee "Gpio.elf.elfcheck"
elfcheck
Xilinx EDK 14.7 Build EDK_P.20131013
Copyright (c) 1995-2012 Xilinx, Inc.  All rights reserved.

Command Line: elfcheck -hw ../../Gpio_hw_platform/system.xml -pe microblaze_0
Gpio.elf 

ELF file	: Gpio.elf
elfcheck passed.
'Finished building: Gpio.elf.elfcheck'
' '
14:31:28 **** Auto Build of configuration Debug for project Gpio ****
make all 
'Building file: ../src/helloworld.c'
'Invoking: MicroBlaze gcc compiler'
mb-gcc -Wall -O0 -g3 -c -fmessage-length=0 -I../../Gpio_bsp/microblaze_0/include -mxl-barrel-shift -mxl-pattern-compare -mcpu=v8.50.c -mno-xl-soft-mul -Wl,--no-relax -ffunction-sections -fdata-sections -MMD -MP -MF"src/helloworld.d" -MT"src/helloworld.d" -o "src/helloworld.o" "../src/helloworld.c"
'Finished building: ../src/helloworld.c'
' '
'Building target: Gpio.elf'
'Invoking: MicroBlaze gcc linker'
mb-gcc -Wl,-T -Wl,../src/lscript.ld -L../../Gpio_bsp/microblaze_0/lib -mxl-barrel-shift -mxl-pattern-compare -mcpu=v8.50.c -mno-xl-soft-mul -Wl,--no-relax -Wl,--gc-sections -o "Gpio.elf"  ./src/helloworld.o ./src/platform.o   -Wl,--start-group,-lxil,-lgcc,-lc,--end-group
'Finished building target: Gpio.elf'
' '
'Invoking: MicroBlaze Print Size'
mb-size Gpio.elf  |tee "Gpio.elf.size"
   text	   data	    bss	    dec	    hex	filename
   2654	    304	   2144	   5102	   13ee	Gpio.elf
'Finished building: Gpio.elf.size'
' '
'Invoking: Xilinx ELF Check'
elfcheck Gpio.elf -hw ../../Gpio_hw_platform/system.xml -pe microblaze_0  |tee "Gpio.elf.elfcheck"
elfcheck
Xilinx EDK 14.7 Build EDK_P.20131013
Copyright (c) 1995-2012 Xilinx, Inc.  All rights reserved.

Command Line: elfcheck -hw ../../Gpio_hw_platform/system.xml -pe microblaze_0
Gpio.elf 

ELF file	: Gpio.elf
elfcheck passed.
'Finished building: Gpio.elf.elfcheck'
' '
14:33:10 **** Auto Build of configuration Debug for project Gpio ****
make all 
'Building file: ../src/helloworld.c'
'Invoking: MicroBlaze gcc compiler'
mb-gcc -Wall -O0 -g3 -c -fmessage-length=0 -I../../Gpio_bsp/microblaze_0/include -mxl-barrel-shift -mxl-pattern-compare -mcpu=v8.50.c -mno-xl-soft-mul -Wl,--no-relax -ffunction-sections -fdata-sections -MMD -MP -MF"src/helloworld.d" -MT"src/helloworld.d" -o "src/helloworld.o" "../src/helloworld.c"
'Finished building: ../src/helloworld.c'
' '
'Building target: Gpio.elf'
'Invoking: MicroBlaze gcc linker'
mb-gcc -Wl,-T -Wl,../src/lscript.ld -L../../Gpio_bsp/microblaze_0/lib -mxl-barrel-shift -mxl-pattern-compare -mcpu=v8.50.c -mno-xl-soft-mul -Wl,--no-relax -Wl,--gc-sections -o "Gpio.elf"  ./src/helloworld.o ./src/platform.o   -Wl,--start-group,-lxil,-lgcc,-lc,--end-group
'Finished building target: Gpio.elf'
' '
'Invoking: MicroBlaze Print Size'
mb-size Gpio.elf  |tee "Gpio.elf.size"
   text	   data	    bss	    dec	    hex	filename
   2654	    304	   2144	   5102	   13ee	Gpio.elf
'Finished building: Gpio.elf.size'
' '
'Invoking: Xilinx ELF Check'
elfcheck Gpio.elf -hw ../../Gpio_hw_platform/system.xml -pe microblaze_0  |tee "Gpio.elf.elfcheck"
elfcheck
Xilinx EDK 14.7 Build EDK_P.20131013
Copyright (c) 1995-2012 Xilinx, Inc.  All rights reserved.

Command Line: elfcheck -hw ../../Gpio_hw_platform/system.xml -pe microblaze_0
Gpio.elf 

ELF file	: Gpio.elf
elfcheck passed.
'Finished building: Gpio.elf.elfcheck'
' '
14:33:45 **** Auto Build of configuration Debug for project Gpio ****
make all 
'Building file: ../src/helloworld.c'
'Invoking: MicroBlaze gcc compiler'
mb-gcc -Wall -O0 -g3 -c -fmessage-length=0 -I../../Gpio_bsp/microblaze_0/include -mxl-barrel-shift -mxl-pattern-compare -mcpu=v8.50.c -mno-xl-soft-mul -Wl,--no-relax -ffunction-sections -fdata-sections -MMD -MP -MF"src/helloworld.d" -MT"src/helloworld.d" -o "src/helloworld.o" "../src/helloworld.c"
'Finished building: ../src/helloworld.c'
' '
'Building target: Gpio.elf'
'Invoking: MicroBlaze gcc linker'
mb-gcc -Wl,-T -Wl,../src/lscript.ld -L../../Gpio_bsp/microblaze_0/lib -mxl-barrel-shift -mxl-pattern-compare -mcpu=v8.50.c -mno-xl-soft-mul -Wl,--no-relax -Wl,--gc-sections -o "Gpio.elf"  ./src/helloworld.o ./src/platform.o   -Wl,--start-group,-lxil,-lgcc,-lc,--end-group
'Finished building target: Gpio.elf'
' '
'Invoking: MicroBlaze Print Size'
mb-size Gpio.elf  |tee "Gpio.elf.size"
   text	   data	    bss	    dec	    hex	filename
   2662	    304	   2144	   5110	   13f6	Gpio.elf
'Finished building: Gpio.elf.size'
' '
'Invoking: Xilinx ELF Check'
elfcheck Gpio.elf -hw ../../Gpio_hw_platform/system.xml -pe microblaze_0  |tee "Gpio.elf.elfcheck"
elfcheck
Xilinx EDK 14.7 Build EDK_P.20131013
Copyright (c) 1995-2012 Xilinx, Inc.  All rights reserved.

Command Line: elfcheck -hw ../../Gpio_hw_platform/system.xml -pe microblaze_0
Gpio.elf 

ELF file	: Gpio.elf
elfcheck passed.
'Finished building: Gpio.elf.elfcheck'
' '
14:34:25 **** Auto Build of configuration Debug for project Gpio ****
make all 
'Building file: ../src/helloworld.c'
'Invoking: MicroBlaze gcc compiler'
mb-gcc -Wall -O0 -g3 -c -fmessage-length=0 -I../../Gpio_bsp/microblaze_0/include -mxl-barrel-shift -mxl-pattern-compare -mcpu=v8.50.c -mno-xl-soft-mul -Wl,--no-relax -ffunction-sections -fdata-sections -MMD -MP -MF"src/helloworld.d" -MT"src/helloworld.d" -o "src/helloworld.o" "../src/helloworld.c"
'Finished building: ../src/helloworld.c'
' '
'Building target: Gpio.elf'
'Invoking: MicroBlaze gcc linker'
mb-gcc -Wl,-T -Wl,../src/lscript.ld -L../../Gpio_bsp/microblaze_0/lib -mxl-barrel-shift -mxl-pattern-compare -mcpu=v8.50.c -mno-xl-soft-mul -Wl,--no-relax -Wl,--gc-sections -o "Gpio.elf"  ./src/helloworld.o ./src/platform.o   -Wl,--start-group,-lxil,-lgcc,-lc,--end-group
'Finished building target: Gpio.elf'
' '
'Invoking: MicroBlaze Print Size'
mb-size Gpio.elf  |tee "Gpio.elf.size"
   text	   data	    bss	    dec	    hex	filename
   2662	    304	   2144	   5110	   13f6	Gpio.elf
'Finished building: Gpio.elf.size'
' '
'Invoking: Xilinx ELF Check'
elfcheck Gpio.elf -hw ../../Gpio_hw_platform/system.xml -pe microblaze_0  |tee "Gpio.elf.elfcheck"
elfcheck
Xilinx EDK 14.7 Build EDK_P.20131013
Copyright (c) 1995-2012 Xilinx, Inc.  All rights reserved.

Command Line: elfcheck -hw ../../Gpio_hw_platform/system.xml -pe microblaze_0
Gpio.elf 

ELF file	: Gpio.elf
elfcheck passed.
'Finished building: Gpio.elf.elfcheck'
' '
