14:34:25 **** Auto Build of configuration Debug for project Gpio ****
make all 
'Building file: ../src/helloworld.c'
'Invoking: MicroBlaze gcc compiler'
mb-gcc -Wall -O0 -g3 -c -fmessage-length=0 -I../../Gpio_bsp/microblaze_0/include -mxl-barrel-shift -mxl-pattern-compare -mcpu=v8.50.c -mno-xl-soft-mul -Wl,--no-relax -ffunction-sections -fdata-sections -MMD -MP -MF"src/helloworld.d" -MT"src/helloworld.d" -o "src/helloworld.o" "../src/helloworld.c"
'Finished building: ../src/helloworld.c'
' '
'Building target: Gpio.elf'
'Invoking: MicroBlaze gcc linker'
mb-gcc -Wl,-T -Wl,../src/lscript.ld -L../../Gpio_bsp/microblaze_0/lib -mxl-barrel-shift -mxl-pattern-compare -mcpu=v8.50.c -mno-xl-soft-mul -Wl,--no-relax -Wl,--gc-sections -o "Gpio.elf"  ./src/helloworld.o ./src/platform.o   -Wl,--start-group,-lxil,-lgcc,-lc,--end-group
'Finished building target: Gpio.elf'
' '
'Invoking: MicroBlaze Print Size'
mb-size Gpio.elf  |tee "Gpio.elf.size"
   text	   data	    bss	    dec	    hex	filename
   2662	    304	   2144	   5110	   13f6	Gpio.elf
'Finished building: Gpio.elf.size'
' '
'Invoking: Xilinx ELF Check'
elfcheck Gpio.elf -hw ../../Gpio_hw_platform/system.xml -pe microblaze_0  |tee "Gpio.elf.elfcheck"
elfcheck
Xilinx EDK 14.7 Build EDK_P.20131013
Copyright (c) 1995-2012 Xilinx, Inc.  All rights reserved.

Command Line: elfcheck -hw ../../Gpio_hw_platform/system.xml -pe microblaze_0
Gpio.elf 

ELF file	: Gpio.elf
elfcheck passed.
'Finished building: Gpio.elf.elfcheck'
' '

14:34:28 Build Finished (took 2s.227ms)

