Archive member included to satisfy reference by file (symbol)

e:/quartusprime/nios2eds/bin/gnu/h-x86_64-mingw32/bin/../lib/gcc/nios2-elf/5.3.0/../../../../../H-x86_64-mingw32/nios2-elf/lib/mno-hw-mul\libsmallc.a(lib_a-puts.o)
                              obj/default/hello_world.o (puts)
e:/quartusprime/nios2eds/bin/gnu/h-x86_64-mingw32/bin/../lib/gcc/nios2-elf/5.3.0/../../../../../H-x86_64-mingw32/nios2-elf/lib/mno-hw-mul\libsmallc.a(lib_a-strlen.o)
                              e:/quartusprime/nios2eds/bin/gnu/h-x86_64-mingw32/bin/../lib/gcc/nios2-elf/5.3.0/../../../../../H-x86_64-mingw32/nios2-elf/lib/mno-hw-mul\libsmallc.a(lib_a-puts.o) (strlen)
e:/quartusprime/nios2eds/bin/gnu/h-x86_64-mingw32/bin/../lib/gcc/nios2-elf/5.3.0/../../../../../H-x86_64-mingw32/nios2-elf/lib/mno-hw-mul\libsmallc.a(lib_a-fvwrite_small_dev.o)
                              e:/quartusprime/nios2eds/bin/gnu/h-x86_64-mingw32/bin/../lib/gcc/nios2-elf/5.3.0/../../../../../H-x86_64-mingw32/nios2-elf/lib/mno-hw-mul\libsmallc.a(lib_a-puts.o) (__sfvwrite_small_dev)
e:/quartusprime/nios2eds/bin/gnu/h-x86_64-mingw32/bin/../lib/gcc/nios2-elf/5.3.0/../../../../../H-x86_64-mingw32/nios2-elf/lib/mno-hw-mul\libsmallc.a(lib_a-impure.o)
                              e:/quartusprime/nios2eds/bin/gnu/h-x86_64-mingw32/bin/../lib/gcc/nios2-elf/5.3.0/../../../../../H-x86_64-mingw32/nios2-elf/lib/mno-hw-mul\libsmallc.a(lib_a-puts.o) (_impure_ptr)
e:/quartusprime/nios2eds/bin/gnu/h-x86_64-mingw32/bin/../lib/gcc/nios2-elf/5.3.0/../../../../../H-x86_64-mingw32/nios2-elf/lib/mno-hw-mul\libsmallc.a(lib_a-writer.o)
                              e:/quartusprime/nios2eds/bin/gnu/h-x86_64-mingw32/bin/../lib/gcc/nios2-elf/5.3.0/../../../../../H-x86_64-mingw32/nios2-elf/lib/mno-hw-mul\libsmallc.a(lib_a-fvwrite_small_dev.o) (_write_r)
e:/quartusprime/nios2eds/bin/gnu/h-x86_64-mingw32/bin/../lib/gcc/nios2-elf/5.3.0/../../../../../H-x86_64-mingw32/nios2-elf/lib/mno-hw-mul\libsmallc.a(lib_a-int_errno.o)
                              e:/quartusprime/nios2eds/bin/gnu/h-x86_64-mingw32/bin/../lib/gcc/nios2-elf/5.3.0/../../../../../H-x86_64-mingw32/nios2-elf/lib/mno-hw-mul\libsmallc.a(lib_a-writer.o) (errno)
../gpio_bsp/\libhal_bsp.a(alt_load.o)
                              ../gpio_bsp//obj/HAL/src/crt0.o (alt_load)
../gpio_bsp/\libhal_bsp.a(alt_main.o)
                              ../gpio_bsp//obj/HAL/src/crt0.o (alt_main)
../gpio_bsp/\libhal_bsp.a(alt_write.o)
                              e:/quartusprime/nios2eds/bin/gnu/h-x86_64-mingw32/bin/../lib/gcc/nios2-elf/5.3.0/../../../../../H-x86_64-mingw32/nios2-elf/lib/mno-hw-mul\libsmallc.a(lib_a-writer.o) (write)
../gpio_bsp/\libhal_bsp.a(alt_sys_init.o)
                              ../gpio_bsp/\libhal_bsp.a(alt_main.o) (alt_irq_init)
../gpio_bsp/\libhal_bsp.a(altera_avalon_jtag_uart_fd.o)
                              ../gpio_bsp/\libhal_bsp.a(alt_sys_init.o) (altera_avalon_jtag_uart_read_fd)
../gpio_bsp/\libhal_bsp.a(altera_avalon_jtag_uart_init.o)
                              ../gpio_bsp/\libhal_bsp.a(alt_sys_init.o) (altera_avalon_jtag_uart_init)
../gpio_bsp/\libhal_bsp.a(altera_avalon_jtag_uart_ioctl.o)
                              ../gpio_bsp/\libhal_bsp.a(altera_avalon_jtag_uart_fd.o) (altera_avalon_jtag_uart_ioctl)
../gpio_bsp/\libhal_bsp.a(altera_avalon_jtag_uart_read.o)
                              ../gpio_bsp/\libhal_bsp.a(altera_avalon_jtag_uart_fd.o) (altera_avalon_jtag_uart_read)
../gpio_bsp/\libhal_bsp.a(altera_avalon_jtag_uart_write.o)
                              ../gpio_bsp/\libhal_bsp.a(altera_avalon_jtag_uart_fd.o) (altera_avalon_jtag_uart_write)
../gpio_bsp/\libhal_bsp.a(alt_alarm_start.o)
                              ../gpio_bsp/\libhal_bsp.a(altera_avalon_jtag_uart_init.o) (alt_alarm_start)
../gpio_bsp/\libhal_bsp.a(alt_close.o)
                              ../gpio_bsp/\libhal_bsp.a(alt_main.o) (close)
../gpio_bsp/\libhal_bsp.a(alt_dcache_flush_all.o)
                              ../gpio_bsp/\libhal_bsp.a(alt_load.o) (alt_dcache_flush_all)
../gpio_bsp/\libhal_bsp.a(alt_dev.o)
                              ../gpio_bsp/\libhal_bsp.a(alt_sys_init.o) (alt_dev_list)
../gpio_bsp/\libhal_bsp.a(alt_dev_llist_insert.o)
                              ../gpio_bsp/\libhal_bsp.a(alt_sys_init.o) (alt_dev_llist_insert)
../gpio_bsp/\libhal_bsp.a(alt_errno.o)
                              ../gpio_bsp/\libhal_bsp.a(alt_write.o) (alt_errno)
../gpio_bsp/\libhal_bsp.a(alt_icache_flush_all.o)
                              ../gpio_bsp/\libhal_bsp.a(alt_load.o) (alt_icache_flush_all)
../gpio_bsp/\libhal_bsp.a(alt_iic.o)
                              ../gpio_bsp/\libhal_bsp.a(altera_avalon_jtag_uart_init.o) (alt_ic_isr_register)
../gpio_bsp/\libhal_bsp.a(alt_iic_isr_register.o)
                              ../gpio_bsp/\libhal_bsp.a(alt_iic.o) (alt_iic_isr_register)
../gpio_bsp/\libhal_bsp.a(alt_io_redirect.o)
                              ../gpio_bsp/\libhal_bsp.a(alt_main.o) (alt_io_redirect)
../gpio_bsp/\libhal_bsp.a(alt_irq_entry.o)
                              ../gpio_bsp/\libhal_bsp.a(alt_iic_isr_register.o) (alt_irq_entry)
../gpio_bsp/\libhal_bsp.a(alt_irq_handler.o)
                              ../gpio_bsp/\libhal_bsp.a(alt_iic_isr_register.o) (alt_irq)
../gpio_bsp/\libhal_bsp.a(alt_irq_vars.o)
                              ../gpio_bsp/\libhal_bsp.a(alt_iic.o) (alt_irq_active)
../gpio_bsp/\libhal_bsp.a(alt_open.o)
                              ../gpio_bsp/\libhal_bsp.a(alt_io_redirect.o) (open)
../gpio_bsp/\libhal_bsp.a(alt_release_fd.o)
                              ../gpio_bsp/\libhal_bsp.a(alt_close.o) (alt_release_fd)
../gpio_bsp/\libhal_bsp.a(alt_tick.o)
                              ../gpio_bsp/\libhal_bsp.a(altera_avalon_jtag_uart_init.o) (_alt_tick_rate)
../gpio_bsp/\libhal_bsp.a(altera_nios2_qsys_irq.o)
                              ../gpio_bsp/\libhal_bsp.a(alt_sys_init.o) (altera_nios2_qsys_irq_init)
../gpio_bsp/\libhal_bsp.a(alt_exception_entry.o)
                              ../gpio_bsp/\libhal_bsp.a(alt_irq_entry.o) (alt_exception)
../gpio_bsp/\libhal_bsp.a(alt_find_dev.o)
                              ../gpio_bsp/\libhal_bsp.a(alt_open.o) (alt_find_dev)
../gpio_bsp/\libhal_bsp.a(alt_find_file.o)
                              ../gpio_bsp/\libhal_bsp.a(alt_open.o) (alt_find_file)
../gpio_bsp/\libhal_bsp.a(alt_get_fd.o)
                              ../gpio_bsp/\libhal_bsp.a(alt_open.o) (alt_get_fd)
e:/quartusprime/nios2eds/bin/gnu/h-x86_64-mingw32/bin/../lib/gcc/nios2-elf/5.3.0/../../../../../H-x86_64-mingw32/nios2-elf/lib/mno-hw-mul\libsmallc.a(lib_a-exit.o)
                              ../gpio_bsp/\libhal_bsp.a(alt_main.o) (exit)
e:/quartusprime/nios2eds/bin/gnu/h-x86_64-mingw32/bin/../lib/gcc/nios2-elf/5.3.0/../../../../../H-x86_64-mingw32/nios2-elf/lib/mno-hw-mul\libsmallc.a(lib_a-memcmp.o)
                              ../gpio_bsp/\libhal_bsp.a(alt_find_dev.o) (memcmp)
e:/quartusprime/nios2eds/bin/gnu/h-x86_64-mingw32/bin/../lib/gcc/nios2-elf/5.3.0/../../../../../H-x86_64-mingw32/nios2-elf/lib/mno-hw-mul\libsmallc.a(lib_a-memcpy.o)
                              ../gpio_bsp/\libhal_bsp.a(altera_avalon_jtag_uart_read.o) (memcpy)
e:/quartusprime/nios2eds/bin/gnu/h-x86_64-mingw32/bin/../lib/gcc/nios2-elf/5.3.0/../../../../../H-x86_64-mingw32/nios2-elf/lib/mno-hw-mul\libsmallc.a(lib_a-__call_atexit.o)
                              e:/quartusprime/nios2eds/bin/gnu/h-x86_64-mingw32/bin/../lib/gcc/nios2-elf/5.3.0/../../../../../H-x86_64-mingw32/nios2-elf/lib/mno-hw-mul\libsmallc.a(lib_a-exit.o) (__call_exitprocs)
e:/quartusprime/nios2eds/bin/gnu/h-x86_64-mingw32/bin/../lib/gcc/nios2-elf/5.3.0/mno-hw-mul\libgcc.a(lib2-mul.o)
                              ../gpio_bsp/\libhal_bsp.a(alt_write.o) (__mulsi3)
../gpio_bsp/\libhal_bsp.a(alt_exit.o)
                              e:/quartusprime/nios2eds/bin/gnu/h-x86_64-mingw32/bin/../lib/gcc/nios2-elf/5.3.0/../../../../../H-x86_64-mingw32/nios2-elf/lib/mno-hw-mul\libsmallc.a(lib_a-exit.o) (_exit)

Allocating common symbols
Common symbol       size              file

alt_irq             0x100             ../gpio_bsp/\libhal_bsp.a(alt_irq_handler.o)
j                   0x4               obj/default/hello_world.o
errno               0x4               e:/quartusprime/nios2eds/bin/gnu/h-x86_64-mingw32/bin/../lib/gcc/nios2-elf/5.3.0/../../../../../H-x86_64-mingw32/nios2-elf/lib/mno-hw-mul\libsmallc.a(lib_a-int_errno.o)
i                   0x4               obj/default/hello_world.o
a                   0x1               obj/default/hello_world.o

Memory Configuration

Name             Origin             Length             Attributes
reset            0x0000000000008000 0x0000000000000020
memory           0x0000000000008020 0x0000000000007510
*default*        0x0000000000000000 0xffffffffffffffff

Linker script and memory map

LOAD ../gpio_bsp//obj/HAL/src/crt0.o
LOAD obj/default/hello_world.o
LOAD e:/quartusprime/nios2eds/bin/gnu/h-x86_64-mingw32/bin/../lib/gcc/nios2-elf/5.3.0/../../../../../H-x86_64-mingw32/nios2-elf/lib/mno-hw-mul\libstdc++.a
LOAD e:/quartusprime/nios2eds/bin/gnu/h-x86_64-mingw32/bin/../lib/gcc/nios2-elf/5.3.0/../../../../../H-x86_64-mingw32/nios2-elf/lib/mno-hw-mul\libm.a
LOAD e:/quartusprime/nios2eds/bin/gnu/h-x86_64-mingw32/bin/../lib/gcc/nios2-elf/5.3.0/mno-hw-mul\libgcc.a
START GROUP
LOAD e:/quartusprime/nios2eds/bin/gnu/h-x86_64-mingw32/bin/../lib/gcc/nios2-elf/5.3.0/../../../../../H-x86_64-mingw32/nios2-elf/lib/mno-hw-mul\libsmallc.a
LOAD e:/quartusprime/nios2eds/bin/gnu/h-x86_64-mingw32/bin/../lib/gcc/nios2-elf/5.3.0/mno-hw-mul\libgcc.a
LOAD ../gpio_bsp/\libhal_bsp.a
LOAD e:/quartusprime/nios2eds/bin/gnu/h-x86_64-mingw32/bin/../lib/gcc/nios2-elf/5.3.0/../../../../../H-x86_64-mingw32/nios2-elf/lib/mno-hw-mul\libm.a
END GROUP
LOAD e:/quartusprime/nios2eds/bin/gnu/h-x86_64-mingw32/bin/../lib/gcc/nios2-elf/5.3.0/mno-hw-mul\libgcc.a
                0x0000000000008000                __alt_mem_memory = 0x8000

.entry          0x0000000000008000       0x20
 *(.entry)
 .entry         0x0000000000008000       0x20 ../gpio_bsp//obj/HAL/src/crt0.o
                0x0000000000008000                __reset

.exceptions     0x0000000000008020      0x1a0
                0x0000000000008020                PROVIDE (__ram_exceptions_start, ABSOLUTE (.))
                0x0000000000008020                . = ALIGN (0x20)
 *(.irq)
 *(.exceptions.entry.label)
 .exceptions.entry.label
                0x0000000000008020        0x0 ../gpio_bsp/\libhal_bsp.a(alt_irq_entry.o)
                0x0000000000008020                alt_irq_entry
 .exceptions.entry.label
                0x0000000000008020        0x0 ../gpio_bsp/\libhal_bsp.a(alt_exception_entry.o)
                0x0000000000008020                alt_exception
 *(.exceptions.entry.user)
 *(.exceptions.entry.ecc_fatal)
 *(.exceptions.entry)
 .exceptions.entry
                0x0000000000008020       0x54 ../gpio_bsp/\libhal_bsp.a(alt_exception_entry.o)
 *(.exceptions.irqtest.user)
 *(.exceptions.irqtest)
 .exceptions.irqtest
                0x0000000000008074       0x10 ../gpio_bsp/\libhal_bsp.a(alt_irq_entry.o)
 *(.exceptions.irqhandler.user)
 *(.exceptions.irqhandler)
 .exceptions.irqhandler
                0x0000000000008084        0x4 ../gpio_bsp/\libhal_bsp.a(alt_irq_entry.o)
 *(.exceptions.irqreturn.user)
 *(.exceptions.irqreturn)
 .exceptions.irqreturn
                0x0000000000008088        0x4 ../gpio_bsp/\libhal_bsp.a(alt_irq_entry.o)
 *(.exceptions.notirq.label)
 .exceptions.notirq.label
                0x000000000000808c        0x0 ../gpio_bsp/\libhal_bsp.a(alt_irq_entry.o)
 *(.exceptions.notirq.user)
 *(.exceptions.notirq)
 .exceptions.notirq
                0x000000000000808c        0x8 ../gpio_bsp/\libhal_bsp.a(alt_exception_entry.o)
 *(.exceptions.soft.user)
 *(.exceptions.soft)
 *(.exceptions.unknown.user)
 *(.exceptions.unknown)
 .exceptions.unknown
                0x0000000000008094        0x4 ../gpio_bsp/\libhal_bsp.a(alt_exception_entry.o)
 *(.exceptions.exit.label)
 .exceptions.exit.label
                0x0000000000008098        0x0 ../gpio_bsp/\libhal_bsp.a(alt_irq_entry.o)
 .exceptions.exit.label
                0x0000000000008098        0x0 ../gpio_bsp/\libhal_bsp.a(alt_exception_entry.o)
 *(.exceptions.exit.user)
 *(.exceptions.exit)
 .exceptions.exit
                0x0000000000008098       0x54 ../gpio_bsp/\libhal_bsp.a(alt_exception_entry.o)
 *(.exceptions)
 .exceptions    0x00000000000080ec       0xd4 ../gpio_bsp/\libhal_bsp.a(alt_irq_handler.o)
                0x00000000000080ec                alt_irq_handler
                0x00000000000081c0                PROVIDE (__ram_exceptions_end, ABSOLUTE (.))
                0x0000000000008020                PROVIDE (__flash_exceptions_start, LOADADDR (.exceptions))

.text           0x00000000000081c0     0x2270
                [!provide]                        PROVIDE (stext, ABSOLUTE (.))
 *(.interp)
 *(.hash)
 *(.dynsym)
 *(.dynstr)
 *(.gnu.version)
 *(.gnu.version_d)
 *(.gnu.version_r)
 *(.rel.init)
 *(.rela.init)
 *(.rel.text .rel.text.* .rel.gnu.linkonce.t.*)
 *(.rela.text .rela.text.* .rela.gnu.linkonce.t.*)
 *(.rel.fini)
 *(.rela.fini)
 *(.rel.rodata .rel.rodata.* .rel.gnu.linkonce.r.*)
 *(.rela.rodata .rela.rodata.* .rela.gnu.linkonce.r.*)
 *(.rel.data .rel.data.* .rel.gnu.linkonce.d.*)
 *(.rela.data .rela.data.* .rela.gnu.linkonce.d.*)
 *(.rel.tdata .rel.tdata.* .rel.gnu.linkonce.td.*)
 *(.rela.tdata .rela.tdata.* .rela.gnu.linkonce.td.*)
 *(.rel.tbss .rel.tbss.* .rel.gnu.linkonce.tb.*)
 *(.rela.tbss .rela.tbss.* .rela.gnu.linkonce.tb.*)
 *(.rel.ctors)
 *(.rela.ctors)
 *(.rel.dtors)
 *(.rela.dtors)
 *(.rel.got)
 *(.rela.got)
 *(.rel.sdata .rel.sdata.* .rel.gnu.linkonce.s.*)
 *(.rela.sdata .rela.sdata.* .rela.gnu.linkonce.s.*)
 *(.rel.sbss .rel.sbss.* .rel.gnu.linkonce.sb.*)
 *(.rela.sbss .rela.sbss.* .rela.gnu.linkonce.sb.*)
 *(.rel.sdata2 .rel.sdata2.* .rel.gnu.linkonce.s2.*)
 *(.rela.sdata2 .rela.sdata2.* .rela.gnu.linkonce.s2.*)
 *(.rel.sbss2 .rel.sbss2.* .rel.gnu.linkonce.sb2.*)
 *(.rela.sbss2 .rela.sbss2.* .rela.gnu.linkonce.sb2.*)
 *(.rel.bss .rel.bss.* .rel.gnu.linkonce.b.*)
 *(.rela.bss .rela.bss.* .rela.gnu.linkonce.b.*)
 *(.rel.plt)
 *(.rela.plt)
 *(.rel.dyn)
 *(.init)
 *(.plt)
 *(.text .stub .text.* .gnu.linkonce.t.*)
 .text          0x00000000000081c0       0x3c ../gpio_bsp//obj/HAL/src/crt0.o
                0x00000000000081c0                _start
 .text          0x00000000000081fc      0x1a4 obj/default/hello_world.o
                0x00000000000081fc                main
                0x00000000000082c0                Ejemplo1
 .text          0x00000000000083a0        0x0 e:/quartusprime/nios2eds/bin/gnu/h-x86_64-mingw32/bin/../lib/gcc/nios2-elf/5.3.0/../../../../../H-x86_64-mingw32/nios2-elf/lib/mno-hw-mul\libsmallc.a(lib_a-puts.o)
 .text._puts_r  0x00000000000083a0       0x80 e:/quartusprime/nios2eds/bin/gnu/h-x86_64-mingw32/bin/../lib/gcc/nios2-elf/5.3.0/../../../../../H-x86_64-mingw32/nios2-elf/lib/mno-hw-mul\libsmallc.a(lib_a-puts.o)
                0x00000000000083a0                _puts_r
 .text.puts     0x0000000000008420       0x14 e:/quartusprime/nios2eds/bin/gnu/h-x86_64-mingw32/bin/../lib/gcc/nios2-elf/5.3.0/../../../../../H-x86_64-mingw32/nios2-elf/lib/mno-hw-mul\libsmallc.a(lib_a-puts.o)
                0x0000000000008420                puts
 .text          0x0000000000008434        0x0 e:/quartusprime/nios2eds/bin/gnu/h-x86_64-mingw32/bin/../lib/gcc/nios2-elf/5.3.0/../../../../../H-x86_64-mingw32/nios2-elf/lib/mno-hw-mul\libsmallc.a(lib_a-strlen.o)
 .text.strlen   0x0000000000008434       0x1c e:/quartusprime/nios2eds/bin/gnu/h-x86_64-mingw32/bin/../lib/gcc/nios2-elf/5.3.0/../../../../../H-x86_64-mingw32/nios2-elf/lib/mno-hw-mul\libsmallc.a(lib_a-strlen.o)
                0x0000000000008434                strlen
 .text          0x0000000000008450        0x0 e:/quartusprime/nios2eds/bin/gnu/h-x86_64-mingw32/bin/../lib/gcc/nios2-elf/5.3.0/../../../../../H-x86_64-mingw32/nios2-elf/lib/mno-hw-mul\libsmallc.a(lib_a-fvwrite_small_dev.o)
 .text.__sfvwrite_small_dev
                0x0000000000008450       0xb8 e:/quartusprime/nios2eds/bin/gnu/h-x86_64-mingw32/bin/../lib/gcc/nios2-elf/5.3.0/../../../../../H-x86_64-mingw32/nios2-elf/lib/mno-hw-mul\libsmallc.a(lib_a-fvwrite_small_dev.o)
                0x0000000000008450                __sfvwrite_small_dev
 .text          0x0000000000008508        0x0 e:/quartusprime/nios2eds/bin/gnu/h-x86_64-mingw32/bin/../lib/gcc/nios2-elf/5.3.0/../../../../../H-x86_64-mingw32/nios2-elf/lib/mno-hw-mul\libsmallc.a(lib_a-impure.o)
 .text          0x0000000000008508        0x0 e:/quartusprime/nios2eds/bin/gnu/h-x86_64-mingw32/bin/../lib/gcc/nios2-elf/5.3.0/../../../../../H-x86_64-mingw32/nios2-elf/lib/mno-hw-mul\libsmallc.a(lib_a-writer.o)
 .text._write_r
                0x0000000000008508       0x58 e:/quartusprime/nios2eds/bin/gnu/h-x86_64-mingw32/bin/../lib/gcc/nios2-elf/5.3.0/../../../../../H-x86_64-mingw32/nios2-elf/lib/mno-hw-mul\libsmallc.a(lib_a-writer.o)
                0x0000000000008508                _write_r
 .text          0x0000000000008560        0x0 e:/quartusprime/nios2eds/bin/gnu/h-x86_64-mingw32/bin/../lib/gcc/nios2-elf/5.3.0/../../../../../H-x86_64-mingw32/nios2-elf/lib/mno-hw-mul\libsmallc.a(lib_a-int_errno.o)
 .text          0x0000000000008560       0xec ../gpio_bsp/\libhal_bsp.a(alt_load.o)
                0x00000000000085c8                alt_load
 .text          0x000000000000864c       0x6c ../gpio_bsp/\libhal_bsp.a(alt_main.o)
                0x000000000000864c                alt_main
 .text          0x00000000000086b8      0x13c ../gpio_bsp/\libhal_bsp.a(alt_write.o)
                0x00000000000086f4                write
 .text          0x00000000000087f4       0xb8 ../gpio_bsp/\libhal_bsp.a(alt_sys_init.o)
                0x0000000000008828                alt_irq_init
                0x0000000000008860                alt_sys_init
 .text          0x00000000000088ac      0x164 ../gpio_bsp/\libhal_bsp.a(altera_avalon_jtag_uart_fd.o)
                0x00000000000088ac                altera_avalon_jtag_uart_read_fd
                0x000000000000890c                altera_avalon_jtag_uart_write_fd
                0x000000000000896c                altera_avalon_jtag_uart_close_fd
                0x00000000000089bc                altera_avalon_jtag_uart_ioctl_fd
 .text          0x0000000000008a10      0x3d4 ../gpio_bsp/\libhal_bsp.a(altera_avalon_jtag_uart_init.o)
                0x0000000000008a10                altera_avalon_jtag_uart_init
                0x0000000000008d7c                altera_avalon_jtag_uart_close
 .text          0x0000000000008de4       0xf0 ../gpio_bsp/\libhal_bsp.a(altera_avalon_jtag_uart_ioctl.o)
                0x0000000000008de4                altera_avalon_jtag_uart_ioctl
 .text          0x0000000000008ed4      0x21c ../gpio_bsp/\libhal_bsp.a(altera_avalon_jtag_uart_read.o)
                0x0000000000008ed4                altera_avalon_jtag_uart_read
 .text          0x00000000000090f0      0x224 ../gpio_bsp/\libhal_bsp.a(altera_avalon_jtag_uart_write.o)
                0x00000000000090f0                altera_avalon_jtag_uart_write
 .text          0x0000000000009314      0x12c ../gpio_bsp/\libhal_bsp.a(alt_alarm_start.o)
                0x0000000000009314                alt_alarm_start
 .text          0x0000000000009440      0x114 ../gpio_bsp/\libhal_bsp.a(alt_close.o)
                0x000000000000947c                close
 .text          0x0000000000009554       0x20 ../gpio_bsp/\libhal_bsp.a(alt_dcache_flush_all.o)
                0x0000000000009554                alt_dcache_flush_all
 .text          0x0000000000009574       0x2c ../gpio_bsp/\libhal_bsp.a(alt_dev.o)
 .text          0x00000000000095a0       0xe0 ../gpio_bsp/\libhal_bsp.a(alt_dev_llist_insert.o)
                0x00000000000095dc                alt_dev_llist_insert
 .text          0x0000000000009680        0x0 ../gpio_bsp/\libhal_bsp.a(alt_errno.o)
 .text          0x0000000000009680       0x20 ../gpio_bsp/\libhal_bsp.a(alt_icache_flush_all.o)
                0x0000000000009680                alt_icache_flush_all
 .text          0x00000000000096a0      0x1b0 ../gpio_bsp/\libhal_bsp.a(alt_iic.o)
                0x00000000000096a0                alt_ic_isr_register
                0x00000000000096f0                alt_ic_irq_enable
                0x0000000000009778                alt_ic_irq_disable
                0x0000000000009804                alt_ic_irq_enabled
 .text          0x0000000000009850       0xf0 ../gpio_bsp/\libhal_bsp.a(alt_iic_isr_register.o)
                0x0000000000009850                alt_iic_isr_register
 .text          0x0000000000009940      0x160 ../gpio_bsp/\libhal_bsp.a(alt_io_redirect.o)
                0x0000000000009a24                alt_io_redirect
 .text          0x0000000000009aa0        0x0 ../gpio_bsp/\libhal_bsp.a(alt_irq_entry.o)
 .text          0x0000000000009aa0        0x0 ../gpio_bsp/\libhal_bsp.a(alt_irq_handler.o)
 .text          0x0000000000009aa0        0x0 ../gpio_bsp/\libhal_bsp.a(alt_irq_vars.o)
 .text          0x0000000000009aa0      0x284 ../gpio_bsp/\libhal_bsp.a(alt_open.o)
                0x0000000000009bc8                open
 .text          0x0000000000009d24       0x84 ../gpio_bsp/\libhal_bsp.a(alt_release_fd.o)
                0x0000000000009d24                alt_release_fd
 .text          0x0000000000009da8      0x1a4 ../gpio_bsp/\libhal_bsp.a(alt_tick.o)
                0x0000000000009da8                alt_alarm_stop
                0x0000000000009e44                alt_tick
 .text          0x0000000000009f4c       0x24 ../gpio_bsp/\libhal_bsp.a(altera_nios2_qsys_irq.o)
                0x0000000000009f4c                altera_nios2_qsys_irq_init
 .text          0x0000000000009f70        0x0 ../gpio_bsp/\libhal_bsp.a(alt_exception_entry.o)
 .text          0x0000000000009f70       0x90 ../gpio_bsp/\libhal_bsp.a(alt_find_dev.o)
                0x0000000000009f70                alt_find_dev
 .text          0x000000000000a000      0x108 ../gpio_bsp/\libhal_bsp.a(alt_find_file.o)
                0x000000000000a000                alt_find_file
 .text          0x000000000000a108       0xc4 ../gpio_bsp/\libhal_bsp.a(alt_get_fd.o)
                0x000000000000a108                alt_get_fd
 .text          0x000000000000a1cc        0x0 e:/quartusprime/nios2eds/bin/gnu/h-x86_64-mingw32/bin/../lib/gcc/nios2-elf/5.3.0/../../../../../H-x86_64-mingw32/nios2-elf/lib/mno-hw-mul\libsmallc.a(lib_a-exit.o)
 .text.exit     0x000000000000a1cc       0x20 e:/quartusprime/nios2eds/bin/gnu/h-x86_64-mingw32/bin/../lib/gcc/nios2-elf/5.3.0/../../../../../H-x86_64-mingw32/nios2-elf/lib/mno-hw-mul\libsmallc.a(lib_a-exit.o)
                0x000000000000a1cc                exit
 .text          0x000000000000a1ec        0x0 e:/quartusprime/nios2eds/bin/gnu/h-x86_64-mingw32/bin/../lib/gcc/nios2-elf/5.3.0/../../../../../H-x86_64-mingw32/nios2-elf/lib/mno-hw-mul\libsmallc.a(lib_a-memcmp.o)
 .text.memcmp   0x000000000000a1ec       0x30 e:/quartusprime/nios2eds/bin/gnu/h-x86_64-mingw32/bin/../lib/gcc/nios2-elf/5.3.0/../../../../../H-x86_64-mingw32/nios2-elf/lib/mno-hw-mul\libsmallc.a(lib_a-memcmp.o)
                0x000000000000a1ec                memcmp
 .text          0x000000000000a21c        0x0 e:/quartusprime/nios2eds/bin/gnu/h-x86_64-mingw32/bin/../lib/gcc/nios2-elf/5.3.0/../../../../../H-x86_64-mingw32/nios2-elf/lib/mno-hw-mul\libsmallc.a(lib_a-memcpy.o)
 .text.memcpy   0x000000000000a21c       0x28 e:/quartusprime/nios2eds/bin/gnu/h-x86_64-mingw32/bin/../lib/gcc/nios2-elf/5.3.0/../../../../../H-x86_64-mingw32/nios2-elf/lib/mno-hw-mul\libsmallc.a(lib_a-memcpy.o)
                0x000000000000a21c                memcpy
 .text          0x000000000000a244        0x0 e:/quartusprime/nios2eds/bin/gnu/h-x86_64-mingw32/bin/../lib/gcc/nios2-elf/5.3.0/../../../../../H-x86_64-mingw32/nios2-elf/lib/mno-hw-mul\libsmallc.a(lib_a-__call_atexit.o)
 .text.__call_exitprocs
                0x000000000000a244      0x190 e:/quartusprime/nios2eds/bin/gnu/h-x86_64-mingw32/bin/../lib/gcc/nios2-elf/5.3.0/../../../../../H-x86_64-mingw32/nios2-elf/lib/mno-hw-mul\libsmallc.a(lib_a-__call_atexit.o)
                0x000000000000a244                __call_exitprocs
 .text          0x000000000000a3d4       0x28 e:/quartusprime/nios2eds/bin/gnu/h-x86_64-mingw32/bin/../lib/gcc/nios2-elf/5.3.0/mno-hw-mul\libgcc.a(lib2-mul.o)
                0x000000000000a3d4                __mulsi3
 .text          0x000000000000a3fc       0x34 ../gpio_bsp/\libhal_bsp.a(alt_exit.o)
                0x000000000000a3fc                _exit
 *(.gnu.warning.*)
 *(.fini)
                [!provide]                        PROVIDE (__etext, ABSOLUTE (.))
                [!provide]                        PROVIDE (_etext, ABSOLUTE (.))
                [!provide]                        PROVIDE (etext, ABSOLUTE (.))
 *(.eh_frame_hdr)
                0x000000000000a430                . = ALIGN (0x4)
                [!provide]                        PROVIDE (__preinit_array_start, ABSOLUTE (.))
 *(.preinit_array)
                [!provide]                        PROVIDE (__preinit_array_end, ABSOLUTE (.))
                [!provide]                        PROVIDE (__init_array_start, ABSOLUTE (.))
 *(.init_array)
                [!provide]                        PROVIDE (__init_array_end, ABSOLUTE (.))
                [!provide]                        PROVIDE (__fini_array_start, ABSOLUTE (.))
 *(.fini_array)
                [!provide]                        PROVIDE (__fini_array_end, ABSOLUTE (.))
 *(.eh_frame)
 *(.gcc_except_table .gcc_except_table.*)
 *(.dynamic)
                [!provide]                        PROVIDE (__CTOR_LIST__, ABSOLUTE (.))
 *(.ctors)
 *(SORT(.ctors.*))
                [!provide]                        PROVIDE (__CTOR_END__, ABSOLUTE (.))
                [!provide]                        PROVIDE (__DTOR_LIST__, ABSOLUTE (.))
 *(.dtors)
 *(SORT(.dtors.*))
                [!provide]                        PROVIDE (__DTOR_END__, ABSOLUTE (.))
 *(.jcr)
                0x000000000000a430                . = ALIGN (0x4)

.rodata         0x000000000000a430       0x68
                0x000000000000a430                PROVIDE (__ram_rodata_start, ABSOLUTE (.))
                0x000000000000a430                . = ALIGN (0x4)
 *(.rodata .rodata.* .gnu.linkonce.r.*)
 .rodata        0x000000000000a430       0x36 obj/default/hello_world.o
 *fill*         0x000000000000a466        0x2 
 .rodata.str1.4
                0x000000000000a468        0x4 e:/quartusprime/nios2eds/bin/gnu/h-x86_64-mingw32/bin/../lib/gcc/nios2-elf/5.3.0/../../../../../H-x86_64-mingw32/nios2-elf/lib/mno-hw-mul\libsmallc.a(lib_a-puts.o)
                                          0x2 (size before relaxing)
 .rodata        0x000000000000a46c        0xf ../gpio_bsp/\libhal_bsp.a(alt_main.o)
 *fill*         0x000000000000a47b        0x1 
 .rodata        0x000000000000a47c        0xf ../gpio_bsp/\libhal_bsp.a(alt_sys_init.o)
 *fill*         0x000000000000a48b        0x1 
 .rodata        0x000000000000a48c        0xa ../gpio_bsp/\libhal_bsp.a(alt_dev.o)
 *(.rodata1)
                0x000000000000a498                . = ALIGN (0x4)
 *fill*         0x000000000000a496        0x2 
                0x000000000000a498                PROVIDE (__ram_rodata_end, ABSOLUTE (.))
                0x000000000000a430                PROVIDE (__flash_rodata_start, LOADADDR (.rodata))

.rwdata         0x000000000000a498     0x1314 load address 0x000000000000b7ac
                0x000000000000a498                PROVIDE (__ram_rwdata_start, ABSOLUTE (.))
                0x000000000000a498                . = ALIGN (0x4)
 *(.got.plt)
 *(.got)
 *(.data1)
 *(.data .data.* .gnu.linkonce.d.*)
 .data          0x000000000000a498        0x0 ../gpio_bsp//obj/HAL/src/crt0.o
 .data          0x000000000000a498        0x0 obj/default/hello_world.o
 .data          0x000000000000a498        0x0 e:/quartusprime/nios2eds/bin/gnu/h-x86_64-mingw32/bin/../lib/gcc/nios2-elf/5.3.0/../../../../../H-x86_64-mingw32/nios2-elf/lib/mno-hw-mul\libsmallc.a(lib_a-puts.o)
 .data          0x000000000000a498        0x0 e:/quartusprime/nios2eds/bin/gnu/h-x86_64-mingw32/bin/../lib/gcc/nios2-elf/5.3.0/../../../../../H-x86_64-mingw32/nios2-elf/lib/mno-hw-mul\libsmallc.a(lib_a-strlen.o)
 .data          0x000000000000a498        0x0 e:/quartusprime/nios2eds/bin/gnu/h-x86_64-mingw32/bin/../lib/gcc/nios2-elf/5.3.0/../../../../../H-x86_64-mingw32/nios2-elf/lib/mno-hw-mul\libsmallc.a(lib_a-fvwrite_small_dev.o)
 .data          0x000000000000a498        0x0 e:/quartusprime/nios2eds/bin/gnu/h-x86_64-mingw32/bin/../lib/gcc/nios2-elf/5.3.0/../../../../../H-x86_64-mingw32/nios2-elf/lib/mno-hw-mul\libsmallc.a(lib_a-impure.o)
 .data.impure_data
                0x000000000000a498       0xe0 e:/quartusprime/nios2eds/bin/gnu/h-x86_64-mingw32/bin/../lib/gcc/nios2-elf/5.3.0/../../../../../H-x86_64-mingw32/nios2-elf/lib/mno-hw-mul\libsmallc.a(lib_a-impure.o)
 .data          0x000000000000a578        0x0 e:/quartusprime/nios2eds/bin/gnu/h-x86_64-mingw32/bin/../lib/gcc/nios2-elf/5.3.0/../../../../../H-x86_64-mingw32/nios2-elf/lib/mno-hw-mul\libsmallc.a(lib_a-writer.o)
 .data          0x000000000000a578        0x0 e:/quartusprime/nios2eds/bin/gnu/h-x86_64-mingw32/bin/../lib/gcc/nios2-elf/5.3.0/../../../../../H-x86_64-mingw32/nios2-elf/lib/mno-hw-mul\libsmallc.a(lib_a-int_errno.o)
 .data          0x000000000000a578        0x0 ../gpio_bsp/\libhal_bsp.a(alt_load.o)
 .data          0x000000000000a578        0x0 ../gpio_bsp/\libhal_bsp.a(alt_main.o)
 .data          0x000000000000a578        0x0 ../gpio_bsp/\libhal_bsp.a(alt_write.o)
 .data          0x000000000000a578     0x1060 ../gpio_bsp/\libhal_bsp.a(alt_sys_init.o)
 .data          0x000000000000b5d8        0x0 ../gpio_bsp/\libhal_bsp.a(altera_avalon_jtag_uart_fd.o)
 .data          0x000000000000b5d8        0x0 ../gpio_bsp/\libhal_bsp.a(altera_avalon_jtag_uart_init.o)
 .data          0x000000000000b5d8        0x0 ../gpio_bsp/\libhal_bsp.a(altera_avalon_jtag_uart_ioctl.o)
 .data          0x000000000000b5d8        0x0 ../gpio_bsp/\libhal_bsp.a(altera_avalon_jtag_uart_read.o)
 .data          0x000000000000b5d8        0x0 ../gpio_bsp/\libhal_bsp.a(altera_avalon_jtag_uart_write.o)
 .data          0x000000000000b5d8        0x0 ../gpio_bsp/\libhal_bsp.a(alt_alarm_start.o)
 .data          0x000000000000b5d8        0x0 ../gpio_bsp/\libhal_bsp.a(alt_close.o)
 .data          0x000000000000b5d8        0x0 ../gpio_bsp/\libhal_bsp.a(alt_dcache_flush_all.o)
 .data          0x000000000000b5d8      0x1a8 ../gpio_bsp/\libhal_bsp.a(alt_dev.o)
                0x000000000000b5d8                alt_dev_null
                0x000000000000b600                alt_fd_list
 .data          0x000000000000b780        0x0 ../gpio_bsp/\libhal_bsp.a(alt_dev_llist_insert.o)
 .data          0x000000000000b780        0x0 ../gpio_bsp/\libhal_bsp.a(alt_errno.o)
 .data          0x000000000000b780        0x0 ../gpio_bsp/\libhal_bsp.a(alt_icache_flush_all.o)
 .data          0x000000000000b780        0x0 ../gpio_bsp/\libhal_bsp.a(alt_iic.o)
 .data          0x000000000000b780        0x0 ../gpio_bsp/\libhal_bsp.a(alt_iic_isr_register.o)
 .data          0x000000000000b780        0x0 ../gpio_bsp/\libhal_bsp.a(alt_io_redirect.o)
 .data          0x000000000000b780        0x0 ../gpio_bsp/\libhal_bsp.a(alt_irq_entry.o)
 .data          0x000000000000b780        0x0 ../gpio_bsp/\libhal_bsp.a(alt_irq_handler.o)
 .data          0x000000000000b780        0x0 ../gpio_bsp/\libhal_bsp.a(alt_irq_vars.o)
 .data          0x000000000000b780        0x0 ../gpio_bsp/\libhal_bsp.a(alt_open.o)
 .data          0x000000000000b780        0x0 ../gpio_bsp/\libhal_bsp.a(alt_release_fd.o)
 .data          0x000000000000b780        0x0 ../gpio_bsp/\libhal_bsp.a(alt_tick.o)
 .data          0x000000000000b780        0x0 ../gpio_bsp/\libhal_bsp.a(altera_nios2_qsys_irq.o)
 .data          0x000000000000b780        0x0 ../gpio_bsp/\libhal_bsp.a(alt_exception_entry.o)
 .data          0x000000000000b780        0x0 ../gpio_bsp/\libhal_bsp.a(alt_find_dev.o)
 .data          0x000000000000b780        0x0 ../gpio_bsp/\libhal_bsp.a(alt_find_file.o)
 .data          0x000000000000b780        0x0 ../gpio_bsp/\libhal_bsp.a(alt_get_fd.o)
 .data          0x000000000000b780        0x0 e:/quartusprime/nios2eds/bin/gnu/h-x86_64-mingw32/bin/../lib/gcc/nios2-elf/5.3.0/../../../../../H-x86_64-mingw32/nios2-elf/lib/mno-hw-mul\libsmallc.a(lib_a-exit.o)
 .data          0x000000000000b780        0x0 e:/quartusprime/nios2eds/bin/gnu/h-x86_64-mingw32/bin/../lib/gcc/nios2-elf/5.3.0/../../../../../H-x86_64-mingw32/nios2-elf/lib/mno-hw-mul\libsmallc.a(lib_a-memcmp.o)
 .data          0x000000000000b780        0x0 e:/quartusprime/nios2eds/bin/gnu/h-x86_64-mingw32/bin/../lib/gcc/nios2-elf/5.3.0/../../../../../H-x86_64-mingw32/nios2-elf/lib/mno-hw-mul\libsmallc.a(lib_a-memcpy.o)
 .data          0x000000000000b780        0x0 e:/quartusprime/nios2eds/bin/gnu/h-x86_64-mingw32/bin/../lib/gcc/nios2-elf/5.3.0/../../../../../H-x86_64-mingw32/nios2-elf/lib/mno-hw-mul\libsmallc.a(lib_a-__call_atexit.o)
 .data          0x000000000000b780        0x0 e:/quartusprime/nios2eds/bin/gnu/h-x86_64-mingw32/bin/../lib/gcc/nios2-elf/5.3.0/mno-hw-mul\libgcc.a(lib2-mul.o)
 .data          0x000000000000b780        0x0 ../gpio_bsp/\libhal_bsp.a(alt_exit.o)
                0x0000000000013780                _gp = ABSOLUTE ((. + 0x8000))
                [!provide]                        PROVIDE (gp, _gp)
 *(.rwdata .rwdata.*)
 *(.sdata .sdata.* .gnu.linkonce.s.*)
 .sdata._global_impure_ptr
                0x000000000000b780        0x4 e:/quartusprime/nios2eds/bin/gnu/h-x86_64-mingw32/bin/../lib/gcc/nios2-elf/5.3.0/../../../../../H-x86_64-mingw32/nios2-elf/lib/mno-hw-mul\libsmallc.a(lib_a-impure.o)
                0x000000000000b780                _global_impure_ptr
 .sdata._impure_ptr
                0x000000000000b784        0x4 e:/quartusprime/nios2eds/bin/gnu/h-x86_64-mingw32/bin/../lib/gcc/nios2-elf/5.3.0/../../../../../H-x86_64-mingw32/nios2-elf/lib/mno-hw-mul\libsmallc.a(lib_a-impure.o)
                0x000000000000b784                _impure_ptr
 .sdata         0x000000000000b788       0x14 ../gpio_bsp/\libhal_bsp.a(alt_dev.o)
                0x000000000000b788                alt_fs_list
                0x000000000000b790                alt_dev_list
                0x000000000000b798                alt_max_fd
 .sdata         0x000000000000b79c        0x4 ../gpio_bsp/\libhal_bsp.a(alt_errno.o)
                0x000000000000b79c                alt_errno
 .sdata         0x000000000000b7a0        0x4 ../gpio_bsp/\libhal_bsp.a(alt_irq_vars.o)
                0x000000000000b7a0                alt_priority_mask
 .sdata         0x000000000000b7a4        0x8 ../gpio_bsp/\libhal_bsp.a(alt_tick.o)
                0x000000000000b7a4                alt_alarm_list
 *(.sdata2 .sdata2.* .gnu.linkonce.s2.*)
                0x000000000000b7ac                . = ALIGN (0x4)
                0x000000000000b7ac                _edata = ABSOLUTE (.)
                [!provide]                        PROVIDE (edata, ABSOLUTE (.))
                0x000000000000b7ac                PROVIDE (__ram_rwdata_end, ABSOLUTE (.))
                0x000000000000b7ac                PROVIDE (__flash_rwdata_start, LOADADDR (.rwdata))

.bss            0x000000000000cac0      0x128
                0x000000000000cac0                __bss_start = ABSOLUTE (.)
                [!provide]                        PROVIDE (__sbss_start, ABSOLUTE (.))
                [!provide]                        PROVIDE (___sbss_start, ABSOLUTE (.))
 *(.dynsbss)
 *(.sbss .sbss.* .gnu.linkonce.sb.*)
 .sbss          0x000000000000cac0        0x9 obj/default/hello_world.o
                0x000000000000cac0                j
                0x000000000000cac4                i
                0x000000000000cac8                a
 *fill*         0x000000000000cac9        0x3 
 .sbss          0x000000000000cacc        0x4 e:/quartusprime/nios2eds/bin/gnu/h-x86_64-mingw32/bin/../lib/gcc/nios2-elf/5.3.0/../../../../../H-x86_64-mingw32/nios2-elf/lib/mno-hw-mul\libsmallc.a(lib_a-int_errno.o)
                0x000000000000cacc                errno
 .sbss          0x000000000000cad0        0xc ../gpio_bsp/\libhal_bsp.a(alt_main.o)
                0x000000000000cad0                alt_argc
                0x000000000000cad4                alt_argv
                0x000000000000cad8                alt_envp
 .sbss          0x000000000000cadc        0x4 ../gpio_bsp/\libhal_bsp.a(alt_irq_vars.o)
                0x000000000000cadc                alt_irq_active
 .sbss          0x000000000000cae0        0x8 ../gpio_bsp/\libhal_bsp.a(alt_tick.o)
                0x000000000000cae0                _alt_tick_rate
                0x000000000000cae4                _alt_nticks
 *(.sbss2 .sbss2.* .gnu.linkonce.sb2.*)
 *(.scommon)
                [!provide]                        PROVIDE (__sbss_end, ABSOLUTE (.))
                [!provide]                        PROVIDE (___sbss_end, ABSOLUTE (.))
 *(.dynbss)
 *(.bss .bss.* .gnu.linkonce.b.*)
 .bss           0x000000000000cae8        0x0 ../gpio_bsp//obj/HAL/src/crt0.o
 .bss           0x000000000000cae8        0x0 obj/default/hello_world.o
 .bss           0x000000000000cae8        0x0 e:/quartusprime/nios2eds/bin/gnu/h-x86_64-mingw32/bin/../lib/gcc/nios2-elf/5.3.0/../../../../../H-x86_64-mingw32/nios2-elf/lib/mno-hw-mul\libsmallc.a(lib_a-puts.o)
 .bss           0x000000000000cae8        0x0 e:/quartusprime/nios2eds/bin/gnu/h-x86_64-mingw32/bin/../lib/gcc/nios2-elf/5.3.0/../../../../../H-x86_64-mingw32/nios2-elf/lib/mno-hw-mul\libsmallc.a(lib_a-strlen.o)
 .bss           0x000000000000cae8        0x0 e:/quartusprime/nios2eds/bin/gnu/h-x86_64-mingw32/bin/../lib/gcc/nios2-elf/5.3.0/../../../../../H-x86_64-mingw32/nios2-elf/lib/mno-hw-mul\libsmallc.a(lib_a-fvwrite_small_dev.o)
 .bss           0x000000000000cae8        0x0 e:/quartusprime/nios2eds/bin/gnu/h-x86_64-mingw32/bin/../lib/gcc/nios2-elf/5.3.0/../../../../../H-x86_64-mingw32/nios2-elf/lib/mno-hw-mul\libsmallc.a(lib_a-impure.o)
 .bss           0x000000000000cae8        0x0 e:/quartusprime/nios2eds/bin/gnu/h-x86_64-mingw32/bin/../lib/gcc/nios2-elf/5.3.0/../../../../../H-x86_64-mingw32/nios2-elf/lib/mno-hw-mul\libsmallc.a(lib_a-writer.o)
 .bss           0x000000000000cae8        0x0 e:/quartusprime/nios2eds/bin/gnu/h-x86_64-mingw32/bin/../lib/gcc/nios2-elf/5.3.0/../../../../../H-x86_64-mingw32/nios2-elf/lib/mno-hw-mul\libsmallc.a(lib_a-int_errno.o)
 .bss           0x000000000000cae8        0x0 ../gpio_bsp/\libhal_bsp.a(alt_load.o)
 .bss           0x000000000000cae8        0x0 ../gpio_bsp/\libhal_bsp.a(alt_main.o)
 .bss           0x000000000000cae8        0x0 ../gpio_bsp/\libhal_bsp.a(alt_write.o)
 .bss           0x000000000000cae8        0x0 ../gpio_bsp/\libhal_bsp.a(alt_sys_init.o)
 .bss           0x000000000000cae8        0x0 ../gpio_bsp/\libhal_bsp.a(altera_avalon_jtag_uart_fd.o)
 .bss           0x000000000000cae8        0x0 ../gpio_bsp/\libhal_bsp.a(altera_avalon_jtag_uart_init.o)
 .bss           0x000000000000cae8        0x0 ../gpio_bsp/\libhal_bsp.a(altera_avalon_jtag_uart_ioctl.o)
 .bss           0x000000000000cae8        0x0 ../gpio_bsp/\libhal_bsp.a(altera_avalon_jtag_uart_read.o)
 .bss           0x000000000000cae8        0x0 ../gpio_bsp/\libhal_bsp.a(altera_avalon_jtag_uart_write.o)
 .bss           0x000000000000cae8        0x0 ../gpio_bsp/\libhal_bsp.a(alt_alarm_start.o)
 .bss           0x000000000000cae8        0x0 ../gpio_bsp/\libhal_bsp.a(alt_close.o)
 .bss           0x000000000000cae8        0x0 ../gpio_bsp/\libhal_bsp.a(alt_dcache_flush_all.o)
 .bss           0x000000000000cae8        0x0 ../gpio_bsp/\libhal_bsp.a(alt_dev.o)
 .bss           0x000000000000cae8        0x0 ../gpio_bsp/\libhal_bsp.a(alt_dev_llist_insert.o)
 .bss           0x000000000000cae8        0x0 ../gpio_bsp/\libhal_bsp.a(alt_errno.o)
 .bss           0x000000000000cae8        0x0 ../gpio_bsp/\libhal_bsp.a(alt_icache_flush_all.o)
 .bss           0x000000000000cae8        0x0 ../gpio_bsp/\libhal_bsp.a(alt_iic.o)
 .bss           0x000000000000cae8        0x0 ../gpio_bsp/\libhal_bsp.a(alt_iic_isr_register.o)
 .bss           0x000000000000cae8        0x0 ../gpio_bsp/\libhal_bsp.a(alt_io_redirect.o)
 .bss           0x000000000000cae8        0x0 ../gpio_bsp/\libhal_bsp.a(alt_irq_entry.o)
 .bss           0x000000000000cae8        0x0 ../gpio_bsp/\libhal_bsp.a(alt_irq_handler.o)
 .bss           0x000000000000cae8        0x0 ../gpio_bsp/\libhal_bsp.a(alt_irq_vars.o)
 .bss           0x000000000000cae8        0x0 ../gpio_bsp/\libhal_bsp.a(alt_open.o)
 .bss           0x000000000000cae8        0x0 ../gpio_bsp/\libhal_bsp.a(alt_release_fd.o)
 .bss           0x000000000000cae8        0x0 ../gpio_bsp/\libhal_bsp.a(alt_tick.o)
 .bss           0x000000000000cae8        0x0 ../gpio_bsp/\libhal_bsp.a(altera_nios2_qsys_irq.o)
 .bss           0x000000000000cae8        0x0 ../gpio_bsp/\libhal_bsp.a(alt_exception_entry.o)
 .bss           0x000000000000cae8        0x0 ../gpio_bsp/\libhal_bsp.a(alt_find_dev.o)
 .bss           0x000000000000cae8        0x0 ../gpio_bsp/\libhal_bsp.a(alt_find_file.o)
 .bss           0x000000000000cae8        0x0 ../gpio_bsp/\libhal_bsp.a(alt_get_fd.o)
 .bss           0x000000000000cae8        0x0 e:/quartusprime/nios2eds/bin/gnu/h-x86_64-mingw32/bin/../lib/gcc/nios2-elf/5.3.0/../../../../../H-x86_64-mingw32/nios2-elf/lib/mno-hw-mul\libsmallc.a(lib_a-exit.o)
 .bss           0x000000000000cae8        0x0 e:/quartusprime/nios2eds/bin/gnu/h-x86_64-mingw32/bin/../lib/gcc/nios2-elf/5.3.0/../../../../../H-x86_64-mingw32/nios2-elf/lib/mno-hw-mul\libsmallc.a(lib_a-memcmp.o)
 .bss           0x000000000000cae8        0x0 e:/quartusprime/nios2eds/bin/gnu/h-x86_64-mingw32/bin/../lib/gcc/nios2-elf/5.3.0/../../../../../H-x86_64-mingw32/nios2-elf/lib/mno-hw-mul\libsmallc.a(lib_a-memcpy.o)
 .bss           0x000000000000cae8        0x0 e:/quartusprime/nios2eds/bin/gnu/h-x86_64-mingw32/bin/../lib/gcc/nios2-elf/5.3.0/../../../../../H-x86_64-mingw32/nios2-elf/lib/mno-hw-mul\libsmallc.a(lib_a-__call_atexit.o)
 .bss           0x000000000000cae8        0x0 e:/quartusprime/nios2eds/bin/gnu/h-x86_64-mingw32/bin/../lib/gcc/nios2-elf/5.3.0/mno-hw-mul\libgcc.a(lib2-mul.o)
 .bss           0x000000000000cae8        0x0 ../gpio_bsp/\libhal_bsp.a(alt_exit.o)
 *(COMMON)
 COMMON         0x000000000000cae8      0x100 ../gpio_bsp/\libhal_bsp.a(alt_irq_handler.o)
                0x000000000000cae8                alt_irq
                0x000000000000cbe8                . = ALIGN (0x4)
                0x000000000000cbe8                __bss_end = ABSOLUTE (.)

.memory         0x000000000000cbe8        0x0
                [!provide]                        PROVIDE (_alt_partition_memory_start, ABSOLUTE (.))
 *(.memory .memory. memory.*)
                0x000000000000cbe8                . = ALIGN (0x4)
                [!provide]                        PROVIDE (_alt_partition_memory_end, ABSOLUTE (.))
                0x000000000000cbe8                _end = ABSOLUTE (.)
                0x000000000000cbe8                end = ABSOLUTE (.)
                0x000000000000cbe8                __alt_stack_base = ABSOLUTE (.)
                [!provide]                        PROVIDE (_alt_partition_memory_load_addr, LOADADDR (.memory))

.stab
 *(.stab)

.stabstr
 *(.stabstr)

.stab.excl
 *(.stab.excl)

.stab.exclstr
 *(.stab.exclstr)

.stab.index
 *(.stab.index)

.stab.indexstr
 *(.stab.indexstr)

.comment        0x0000000000000000       0x23
 *(.comment)
 .comment       0x0000000000000000       0x23 obj/default/hello_world.o
                                         0x24 (size before relaxing)
 .comment       0x0000000000000023       0x24 e:/quartusprime/nios2eds/bin/gnu/h-x86_64-mingw32/bin/../lib/gcc/nios2-elf/5.3.0/../../../../../H-x86_64-mingw32/nios2-elf/lib/mno-hw-mul\libsmallc.a(lib_a-puts.o)
 .comment       0x0000000000000023       0x24 e:/quartusprime/nios2eds/bin/gnu/h-x86_64-mingw32/bin/../lib/gcc/nios2-elf/5.3.0/../../../../../H-x86_64-mingw32/nios2-elf/lib/mno-hw-mul\libsmallc.a(lib_a-strlen.o)
 .comment       0x0000000000000023       0x24 e:/quartusprime/nios2eds/bin/gnu/h-x86_64-mingw32/bin/../lib/gcc/nios2-elf/5.3.0/../../../../../H-x86_64-mingw32/nios2-elf/lib/mno-hw-mul\libsmallc.a(lib_a-fvwrite_small_dev.o)
 .comment       0x0000000000000023       0x24 e:/quartusprime/nios2eds/bin/gnu/h-x86_64-mingw32/bin/../lib/gcc/nios2-elf/5.3.0/../../../../../H-x86_64-mingw32/nios2-elf/lib/mno-hw-mul\libsmallc.a(lib_a-impure.o)
 .comment       0x0000000000000023       0x24 e:/quartusprime/nios2eds/bin/gnu/h-x86_64-mingw32/bin/../lib/gcc/nios2-elf/5.3.0/../../../../../H-x86_64-mingw32/nios2-elf/lib/mno-hw-mul\libsmallc.a(lib_a-writer.o)
 .comment       0x0000000000000023       0x24 e:/quartusprime/nios2eds/bin/gnu/h-x86_64-mingw32/bin/../lib/gcc/nios2-elf/5.3.0/../../../../../H-x86_64-mingw32/nios2-elf/lib/mno-hw-mul\libsmallc.a(lib_a-int_errno.o)
 .comment       0x0000000000000023       0x24 ../gpio_bsp/\libhal_bsp.a(alt_load.o)
 .comment       0x0000000000000023       0x24 ../gpio_bsp/\libhal_bsp.a(alt_main.o)
 .comment       0x0000000000000023       0x24 ../gpio_bsp/\libhal_bsp.a(alt_write.o)
 .comment       0x0000000000000023       0x24 ../gpio_bsp/\libhal_bsp.a(alt_sys_init.o)
 .comment       0x0000000000000023       0x24 ../gpio_bsp/\libhal_bsp.a(altera_avalon_jtag_uart_fd.o)
 .comment       0x0000000000000023       0x24 ../gpio_bsp/\libhal_bsp.a(altera_avalon_jtag_uart_init.o)
 .comment       0x0000000000000023       0x24 ../gpio_bsp/\libhal_bsp.a(altera_avalon_jtag_uart_ioctl.o)
 .comment       0x0000000000000023       0x24 ../gpio_bsp/\libhal_bsp.a(altera_avalon_jtag_uart_read.o)
 .comment       0x0000000000000023       0x24 ../gpio_bsp/\libhal_bsp.a(altera_avalon_jtag_uart_write.o)
 .comment       0x0000000000000023       0x24 ../gpio_bsp/\libhal_bsp.a(alt_alarm_start.o)
 .comment       0x0000000000000023       0x24 ../gpio_bsp/\libhal_bsp.a(alt_close.o)
 .comment       0x0000000000000023       0x24 ../gpio_bsp/\libhal_bsp.a(alt_dcache_flush_all.o)
 .comment       0x0000000000000023       0x24 ../gpio_bsp/\libhal_bsp.a(alt_dev.o)
 .comment       0x0000000000000023       0x24 ../gpio_bsp/\libhal_bsp.a(alt_dev_llist_insert.o)
 .comment       0x0000000000000023       0x24 ../gpio_bsp/\libhal_bsp.a(alt_errno.o)
 .comment       0x0000000000000023       0x24 ../gpio_bsp/\libhal_bsp.a(alt_icache_flush_all.o)
 .comment       0x0000000000000023       0x24 ../gpio_bsp/\libhal_bsp.a(alt_iic.o)
 .comment       0x0000000000000023       0x24 ../gpio_bsp/\libhal_bsp.a(alt_iic_isr_register.o)
 .comment       0x0000000000000023       0x24 ../gpio_bsp/\libhal_bsp.a(alt_io_redirect.o)
 .comment       0x0000000000000023       0x24 ../gpio_bsp/\libhal_bsp.a(alt_irq_handler.o)
 .comment       0x0000000000000023       0x24 ../gpio_bsp/\libhal_bsp.a(alt_irq_vars.o)
 .comment       0x0000000000000023       0x24 ../gpio_bsp/\libhal_bsp.a(alt_open.o)
 .comment       0x0000000000000023       0x24 ../gpio_bsp/\libhal_bsp.a(alt_release_fd.o)
 .comment       0x0000000000000023       0x24 ../gpio_bsp/\libhal_bsp.a(alt_tick.o)
 .comment       0x0000000000000023       0x24 ../gpio_bsp/\libhal_bsp.a(altera_nios2_qsys_irq.o)
 .comment       0x0000000000000023       0x24 ../gpio_bsp/\libhal_bsp.a(alt_find_dev.o)
 .comment       0x0000000000000023       0x24 ../gpio_bsp/\libhal_bsp.a(alt_find_file.o)
 .comment       0x0000000000000023       0x24 ../gpio_bsp/\libhal_bsp.a(alt_get_fd.o)
 .comment       0x0000000000000023       0x24 e:/quartusprime/nios2eds/bin/gnu/h-x86_64-mingw32/bin/../lib/gcc/nios2-elf/5.3.0/../../../../../H-x86_64-mingw32/nios2-elf/lib/mno-hw-mul\libsmallc.a(lib_a-exit.o)
 .comment       0x0000000000000023       0x24 e:/quartusprime/nios2eds/bin/gnu/h-x86_64-mingw32/bin/../lib/gcc/nios2-elf/5.3.0/../../../../../H-x86_64-mingw32/nios2-elf/lib/mno-hw-mul\libsmallc.a(lib_a-memcmp.o)
 .comment       0x0000000000000023       0x24 e:/quartusprime/nios2eds/bin/gnu/h-x86_64-mingw32/bin/../lib/gcc/nios2-elf/5.3.0/../../../../../H-x86_64-mingw32/nios2-elf/lib/mno-hw-mul\libsmallc.a(lib_a-memcpy.o)
 .comment       0x0000000000000023       0x24 e:/quartusprime/nios2eds/bin/gnu/h-x86_64-mingw32/bin/../lib/gcc/nios2-elf/5.3.0/../../../../../H-x86_64-mingw32/nios2-elf/lib/mno-hw-mul\libsmallc.a(lib_a-__call_atexit.o)
 .comment       0x0000000000000023       0x24 e:/quartusprime/nios2eds/bin/gnu/h-x86_64-mingw32/bin/../lib/gcc/nios2-elf/5.3.0/mno-hw-mul\libgcc.a(lib2-mul.o)
 .comment       0x0000000000000023       0x24 ../gpio_bsp/\libhal_bsp.a(alt_exit.o)

.debug
 *(.debug)

.line
 *(.line)

.debug_srcinfo
 *(.debug_srcinfo)

.debug_sfnames
 *(.debug_sfnames)

.debug_aranges  0x0000000000000000      0x598
 *(.debug_aranges)
 .debug_aranges
                0x0000000000000000       0x28 ../gpio_bsp//obj/HAL/src/crt0.o
 .debug_aranges
                0x0000000000000028       0x20 obj/default/hello_world.o
 .debug_aranges
                0x0000000000000048       0x28 e:/quartusprime/nios2eds/bin/gnu/h-x86_64-mingw32/bin/../lib/gcc/nios2-elf/5.3.0/../../../../../H-x86_64-mingw32/nios2-elf/lib/mno-hw-mul\libsmallc.a(lib_a-puts.o)
 .debug_aranges
                0x0000000000000070       0x20 e:/quartusprime/nios2eds/bin/gnu/h-x86_64-mingw32/bin/../lib/gcc/nios2-elf/5.3.0/../../../../../H-x86_64-mingw32/nios2-elf/lib/mno-hw-mul\libsmallc.a(lib_a-strlen.o)
 .debug_aranges
                0x0000000000000090       0x20 e:/quartusprime/nios2eds/bin/gnu/h-x86_64-mingw32/bin/../lib/gcc/nios2-elf/5.3.0/../../../../../H-x86_64-mingw32/nios2-elf/lib/mno-hw-mul\libsmallc.a(lib_a-fvwrite_small_dev.o)
 .debug_aranges
                0x00000000000000b0       0x18 e:/quartusprime/nios2eds/bin/gnu/h-x86_64-mingw32/bin/../lib/gcc/nios2-elf/5.3.0/../../../../../H-x86_64-mingw32/nios2-elf/lib/mno-hw-mul\libsmallc.a(lib_a-impure.o)
 .debug_aranges
                0x00000000000000c8       0x20 e:/quartusprime/nios2eds/bin/gnu/h-x86_64-mingw32/bin/../lib/gcc/nios2-elf/5.3.0/../../../../../H-x86_64-mingw32/nios2-elf/lib/mno-hw-mul\libsmallc.a(lib_a-writer.o)
 .debug_aranges
                0x00000000000000e8       0x18 e:/quartusprime/nios2eds/bin/gnu/h-x86_64-mingw32/bin/../lib/gcc/nios2-elf/5.3.0/../../../../../H-x86_64-mingw32/nios2-elf/lib/mno-hw-mul\libsmallc.a(lib_a-int_errno.o)
 .debug_aranges
                0x0000000000000100       0x20 ../gpio_bsp/\libhal_bsp.a(alt_load.o)
 .debug_aranges
                0x0000000000000120       0x20 ../gpio_bsp/\libhal_bsp.a(alt_main.o)
 .debug_aranges
                0x0000000000000140       0x20 ../gpio_bsp/\libhal_bsp.a(alt_write.o)
 .debug_aranges
                0x0000000000000160       0x20 ../gpio_bsp/\libhal_bsp.a(alt_sys_init.o)
 .debug_aranges
                0x0000000000000180       0x20 ../gpio_bsp/\libhal_bsp.a(altera_avalon_jtag_uart_fd.o)
 .debug_aranges
                0x00000000000001a0       0x20 ../gpio_bsp/\libhal_bsp.a(altera_avalon_jtag_uart_init.o)
 .debug_aranges
                0x00000000000001c0       0x20 ../gpio_bsp/\libhal_bsp.a(altera_avalon_jtag_uart_ioctl.o)
 .debug_aranges
                0x00000000000001e0       0x20 ../gpio_bsp/\libhal_bsp.a(altera_avalon_jtag_uart_read.o)
 .debug_aranges
                0x0000000000000200       0x20 ../gpio_bsp/\libhal_bsp.a(altera_avalon_jtag_uart_write.o)
 .debug_aranges
                0x0000000000000220       0x20 ../gpio_bsp/\libhal_bsp.a(alt_alarm_start.o)
 .debug_aranges
                0x0000000000000240       0x20 ../gpio_bsp/\libhal_bsp.a(alt_close.o)
 .debug_aranges
                0x0000000000000260       0x20 ../gpio_bsp/\libhal_bsp.a(alt_dcache_flush_all.o)
 .debug_aranges
                0x0000000000000280       0x20 ../gpio_bsp/\libhal_bsp.a(alt_dev.o)
 .debug_aranges
                0x00000000000002a0       0x20 ../gpio_bsp/\libhal_bsp.a(alt_dev_llist_insert.o)
 .debug_aranges
                0x00000000000002c0       0x18 ../gpio_bsp/\libhal_bsp.a(alt_errno.o)
 .debug_aranges
                0x00000000000002d8       0x20 ../gpio_bsp/\libhal_bsp.a(alt_icache_flush_all.o)
 .debug_aranges
                0x00000000000002f8       0x20 ../gpio_bsp/\libhal_bsp.a(alt_iic.o)
 .debug_aranges
                0x0000000000000318       0x20 ../gpio_bsp/\libhal_bsp.a(alt_iic_isr_register.o)
 .debug_aranges
                0x0000000000000338       0x20 ../gpio_bsp/\libhal_bsp.a(alt_io_redirect.o)
 .debug_aranges
                0x0000000000000358       0x30 ../gpio_bsp/\libhal_bsp.a(alt_irq_entry.o)
 .debug_aranges
                0x0000000000000388       0x20 ../gpio_bsp/\libhal_bsp.a(alt_irq_handler.o)
 .debug_aranges
                0x00000000000003a8       0x18 ../gpio_bsp/\libhal_bsp.a(alt_irq_vars.o)
 .debug_aranges
                0x00000000000003c0       0x20 ../gpio_bsp/\libhal_bsp.a(alt_open.o)
 .debug_aranges
                0x00000000000003e0       0x20 ../gpio_bsp/\libhal_bsp.a(alt_release_fd.o)
 .debug_aranges
                0x0000000000000400       0x20 ../gpio_bsp/\libhal_bsp.a(alt_tick.o)
 .debug_aranges
                0x0000000000000420       0x20 ../gpio_bsp/\libhal_bsp.a(altera_nios2_qsys_irq.o)
 .debug_aranges
                0x0000000000000440       0x38 ../gpio_bsp/\libhal_bsp.a(alt_exception_entry.o)
 .debug_aranges
                0x0000000000000478       0x20 ../gpio_bsp/\libhal_bsp.a(alt_find_dev.o)
 .debug_aranges
                0x0000000000000498       0x20 ../gpio_bsp/\libhal_bsp.a(alt_find_file.o)
 .debug_aranges
                0x00000000000004b8       0x20 ../gpio_bsp/\libhal_bsp.a(alt_get_fd.o)
 .debug_aranges
                0x00000000000004d8       0x20 e:/quartusprime/nios2eds/bin/gnu/h-x86_64-mingw32/bin/../lib/gcc/nios2-elf/5.3.0/../../../../../H-x86_64-mingw32/nios2-elf/lib/mno-hw-mul\libsmallc.a(lib_a-exit.o)
 .debug_aranges
                0x00000000000004f8       0x20 e:/quartusprime/nios2eds/bin/gnu/h-x86_64-mingw32/bin/../lib/gcc/nios2-elf/5.3.0/../../../../../H-x86_64-mingw32/nios2-elf/lib/mno-hw-mul\libsmallc.a(lib_a-memcmp.o)
 .debug_aranges
                0x0000000000000518       0x20 e:/quartusprime/nios2eds/bin/gnu/h-x86_64-mingw32/bin/../lib/gcc/nios2-elf/5.3.0/../../../../../H-x86_64-mingw32/nios2-elf/lib/mno-hw-mul\libsmallc.a(lib_a-memcpy.o)
 .debug_aranges
                0x0000000000000538       0x20 e:/quartusprime/nios2eds/bin/gnu/h-x86_64-mingw32/bin/../lib/gcc/nios2-elf/5.3.0/../../../../../H-x86_64-mingw32/nios2-elf/lib/mno-hw-mul\libsmallc.a(lib_a-__call_atexit.o)
 .debug_aranges
                0x0000000000000558       0x20 e:/quartusprime/nios2eds/bin/gnu/h-x86_64-mingw32/bin/../lib/gcc/nios2-elf/5.3.0/mno-hw-mul\libgcc.a(lib2-mul.o)
 .debug_aranges
                0x0000000000000578       0x20 ../gpio_bsp/\libhal_bsp.a(alt_exit.o)

.debug_pubnames
 *(.debug_pubnames)

.debug_info     0x0000000000000000     0x7168
 *(.debug_info .gnu.linkonce.wi.*)
 .debug_info    0x0000000000000000       0x6f ../gpio_bsp//obj/HAL/src/crt0.o
 .debug_info    0x000000000000006f      0x10b obj/default/hello_world.o
 .debug_info    0x000000000000017a      0x66d e:/quartusprime/nios2eds/bin/gnu/h-x86_64-mingw32/bin/../lib/gcc/nios2-elf/5.3.0/../../../../../H-x86_64-mingw32/nios2-elf/lib/mno-hw-mul\libsmallc.a(lib_a-puts.o)
 .debug_info    0x00000000000007e7       0xc9 e:/quartusprime/nios2eds/bin/gnu/h-x86_64-mingw32/bin/../lib/gcc/nios2-elf/5.3.0/../../../../../H-x86_64-mingw32/nios2-elf/lib/mno-hw-mul\libsmallc.a(lib_a-strlen.o)
 .debug_info    0x00000000000008b0      0x62b e:/quartusprime/nios2eds/bin/gnu/h-x86_64-mingw32/bin/../lib/gcc/nios2-elf/5.3.0/../../../../../H-x86_64-mingw32/nios2-elf/lib/mno-hw-mul\libsmallc.a(lib_a-fvwrite_small_dev.o)
 .debug_info    0x0000000000000edb      0x5a9 e:/quartusprime/nios2eds/bin/gnu/h-x86_64-mingw32/bin/../lib/gcc/nios2-elf/5.3.0/../../../../../H-x86_64-mingw32/nios2-elf/lib/mno-hw-mul\libsmallc.a(lib_a-impure.o)
 .debug_info    0x0000000000001484      0x630 e:/quartusprime/nios2eds/bin/gnu/h-x86_64-mingw32/bin/../lib/gcc/nios2-elf/5.3.0/../../../../../H-x86_64-mingw32/nios2-elf/lib/mno-hw-mul\libsmallc.a(lib_a-writer.o)
 .debug_info    0x0000000000001ab4       0x8a e:/quartusprime/nios2eds/bin/gnu/h-x86_64-mingw32/bin/../lib/gcc/nios2-elf/5.3.0/../../../../../H-x86_64-mingw32/nios2-elf/lib/mno-hw-mul\libsmallc.a(lib_a-int_errno.o)
 .debug_info    0x0000000000001b3e      0x145 ../gpio_bsp/\libhal_bsp.a(alt_load.o)
 .debug_info    0x0000000000001c83      0x131 ../gpio_bsp/\libhal_bsp.a(alt_main.o)
 .debug_info    0x0000000000001db4      0x4b7 ../gpio_bsp/\libhal_bsp.a(alt_write.o)
 .debug_info    0x000000000000226b      0x4c3 ../gpio_bsp/\libhal_bsp.a(alt_sys_init.o)
 .debug_info    0x000000000000272e      0x52e ../gpio_bsp/\libhal_bsp.a(altera_avalon_jtag_uart_fd.o)
 .debug_info    0x0000000000002c5c      0x3a0 ../gpio_bsp/\libhal_bsp.a(altera_avalon_jtag_uart_init.o)
 .debug_info    0x0000000000002ffc      0x280 ../gpio_bsp/\libhal_bsp.a(altera_avalon_jtag_uart_ioctl.o)
 .debug_info    0x000000000000327c      0x345 ../gpio_bsp/\libhal_bsp.a(altera_avalon_jtag_uart_read.o)
 .debug_info    0x00000000000035c1      0x340 ../gpio_bsp/\libhal_bsp.a(altera_avalon_jtag_uart_write.o)
 .debug_info    0x0000000000003901      0x2cc ../gpio_bsp/\libhal_bsp.a(alt_alarm_start.o)
 .debug_info    0x0000000000003bcd      0x321 ../gpio_bsp/\libhal_bsp.a(alt_close.o)
 .debug_info    0x0000000000003eee       0x92 ../gpio_bsp/\libhal_bsp.a(alt_dcache_flush_all.o)
 .debug_info    0x0000000000003f80      0x49c ../gpio_bsp/\libhal_bsp.a(alt_dev.o)
 .debug_info    0x000000000000441c      0x1a9 ../gpio_bsp/\libhal_bsp.a(alt_dev_llist_insert.o)
 .debug_info    0x00000000000045c5       0xa6 ../gpio_bsp/\libhal_bsp.a(alt_errno.o)
 .debug_info    0x000000000000466b       0x92 ../gpio_bsp/\libhal_bsp.a(alt_icache_flush_all.o)
 .debug_info    0x00000000000046fd      0x350 ../gpio_bsp/\libhal_bsp.a(alt_iic.o)
 .debug_info    0x0000000000004a4d      0x1ef ../gpio_bsp/\libhal_bsp.a(alt_iic_isr_register.o)
 .debug_info    0x0000000000004c3c      0x4a5 ../gpio_bsp/\libhal_bsp.a(alt_io_redirect.o)
 .debug_info    0x00000000000050e1       0x78 ../gpio_bsp/\libhal_bsp.a(alt_irq_entry.o)
 .debug_info    0x0000000000005159      0x187 ../gpio_bsp/\libhal_bsp.a(alt_irq_handler.o)
 .debug_info    0x00000000000052e0       0x88 ../gpio_bsp/\libhal_bsp.a(alt_irq_vars.o)
 .debug_info    0x0000000000005368      0x3bb ../gpio_bsp/\libhal_bsp.a(alt_open.o)
 .debug_info    0x0000000000005723      0x2b0 ../gpio_bsp/\libhal_bsp.a(alt_release_fd.o)
 .debug_info    0x00000000000059d3      0x299 ../gpio_bsp/\libhal_bsp.a(alt_tick.o)
 .debug_info    0x0000000000005c6c       0x92 ../gpio_bsp/\libhal_bsp.a(altera_nios2_qsys_irq.o)
 .debug_info    0x0000000000005cfe       0x7e ../gpio_bsp/\libhal_bsp.a(alt_exception_entry.o)
 .debug_info    0x0000000000005d7c      0x2e9 ../gpio_bsp/\libhal_bsp.a(alt_find_dev.o)
 .debug_info    0x0000000000006065      0x2e6 ../gpio_bsp/\libhal_bsp.a(alt_find_file.o)
 .debug_info    0x000000000000634b      0x310 ../gpio_bsp/\libhal_bsp.a(alt_get_fd.o)
 .debug_info    0x000000000000665b       0xe5 e:/quartusprime/nios2eds/bin/gnu/h-x86_64-mingw32/bin/../lib/gcc/nios2-elf/5.3.0/../../../../../H-x86_64-mingw32/nios2-elf/lib/mno-hw-mul\libsmallc.a(lib_a-exit.o)
 .debug_info    0x0000000000006740       0xf4 e:/quartusprime/nios2eds/bin/gnu/h-x86_64-mingw32/bin/../lib/gcc/nios2-elf/5.3.0/../../../../../H-x86_64-mingw32/nios2-elf/lib/mno-hw-mul\libsmallc.a(lib_a-memcmp.o)
 .debug_info    0x0000000000006834      0x119 e:/quartusprime/nios2eds/bin/gnu/h-x86_64-mingw32/bin/../lib/gcc/nios2-elf/5.3.0/../../../../../H-x86_64-mingw32/nios2-elf/lib/mno-hw-mul\libsmallc.a(lib_a-memcpy.o)
 .debug_info    0x000000000000694d      0x67b e:/quartusprime/nios2eds/bin/gnu/h-x86_64-mingw32/bin/../lib/gcc/nios2-elf/5.3.0/../../../../../H-x86_64-mingw32/nios2-elf/lib/mno-hw-mul\libsmallc.a(lib_a-__call_atexit.o)
 .debug_info    0x0000000000006fc8       0xb4 e:/quartusprime/nios2eds/bin/gnu/h-x86_64-mingw32/bin/../lib/gcc/nios2-elf/5.3.0/mno-hw-mul\libgcc.a(lib2-mul.o)
 .debug_info    0x000000000000707c       0xec ../gpio_bsp/\libhal_bsp.a(alt_exit.o)

.debug_abbrev   0x0000000000000000     0x2912
 *(.debug_abbrev)
 .debug_abbrev  0x0000000000000000       0x12 ../gpio_bsp//obj/HAL/src/crt0.o
 .debug_abbrev  0x0000000000000012       0x78 obj/default/hello_world.o
 .debug_abbrev  0x000000000000008a      0x1d6 e:/quartusprime/nios2eds/bin/gnu/h-x86_64-mingw32/bin/../lib/gcc/nios2-elf/5.3.0/../../../../../H-x86_64-mingw32/nios2-elf/lib/mno-hw-mul\libsmallc.a(lib_a-puts.o)
 .debug_abbrev  0x0000000000000260       0x7f e:/quartusprime/nios2eds/bin/gnu/h-x86_64-mingw32/bin/../lib/gcc/nios2-elf/5.3.0/../../../../../H-x86_64-mingw32/nios2-elf/lib/mno-hw-mul\libsmallc.a(lib_a-strlen.o)
 .debug_abbrev  0x00000000000002df      0x1bc e:/quartusprime/nios2eds/bin/gnu/h-x86_64-mingw32/bin/../lib/gcc/nios2-elf/5.3.0/../../../../../H-x86_64-mingw32/nios2-elf/lib/mno-hw-mul\libsmallc.a(lib_a-fvwrite_small_dev.o)
 .debug_abbrev  0x000000000000049b      0x14a e:/quartusprime/nios2eds/bin/gnu/h-x86_64-mingw32/bin/../lib/gcc/nios2-elf/5.3.0/../../../../../H-x86_64-mingw32/nios2-elf/lib/mno-hw-mul\libsmallc.a(lib_a-impure.o)
 .debug_abbrev  0x00000000000005e5      0x1a6 e:/quartusprime/nios2eds/bin/gnu/h-x86_64-mingw32/bin/../lib/gcc/nios2-elf/5.3.0/../../../../../H-x86_64-mingw32/nios2-elf/lib/mno-hw-mul\libsmallc.a(lib_a-writer.o)
 .debug_abbrev  0x000000000000078b       0x37 e:/quartusprime/nios2eds/bin/gnu/h-x86_64-mingw32/bin/../lib/gcc/nios2-elf/5.3.0/../../../../../H-x86_64-mingw32/nios2-elf/lib/mno-hw-mul\libsmallc.a(lib_a-int_errno.o)
 .debug_abbrev  0x00000000000007c2       0x9f ../gpio_bsp/\libhal_bsp.a(alt_load.o)
 .debug_abbrev  0x0000000000000861       0xba ../gpio_bsp/\libhal_bsp.a(alt_main.o)
 .debug_abbrev  0x000000000000091b      0x133 ../gpio_bsp/\libhal_bsp.a(alt_write.o)
 .debug_abbrev  0x0000000000000a4e      0x187 ../gpio_bsp/\libhal_bsp.a(alt_sys_init.o)
 .debug_abbrev  0x0000000000000bd5      0x127 ../gpio_bsp/\libhal_bsp.a(altera_avalon_jtag_uart_fd.o)
 .debug_abbrev  0x0000000000000cfc      0x19e ../gpio_bsp/\libhal_bsp.a(altera_avalon_jtag_uart_init.o)
 .debug_abbrev  0x0000000000000e9a      0x111 ../gpio_bsp/\libhal_bsp.a(altera_avalon_jtag_uart_ioctl.o)
 .debug_abbrev  0x0000000000000fab      0x1aa ../gpio_bsp/\libhal_bsp.a(altera_avalon_jtag_uart_read.o)
 .debug_abbrev  0x0000000000001155      0x1a8 ../gpio_bsp/\libhal_bsp.a(altera_avalon_jtag_uart_write.o)
 .debug_abbrev  0x00000000000012fd      0x162 ../gpio_bsp/\libhal_bsp.a(alt_alarm_start.o)
 .debug_abbrev  0x000000000000145f      0x11f ../gpio_bsp/\libhal_bsp.a(alt_close.o)
 .debug_abbrev  0x000000000000157e       0x42 ../gpio_bsp/\libhal_bsp.a(alt_dcache_flush_all.o)
 .debug_abbrev  0x00000000000015c0       0xd9 ../gpio_bsp/\libhal_bsp.a(alt_dev.o)
 .debug_abbrev  0x0000000000001699      0x114 ../gpio_bsp/\libhal_bsp.a(alt_dev_llist_insert.o)
 .debug_abbrev  0x00000000000017ad       0x5a ../gpio_bsp/\libhal_bsp.a(alt_errno.o)
 .debug_abbrev  0x0000000000001807       0x42 ../gpio_bsp/\libhal_bsp.a(alt_icache_flush_all.o)
 .debug_abbrev  0x0000000000001849      0x163 ../gpio_bsp/\libhal_bsp.a(alt_iic.o)
 .debug_abbrev  0x00000000000019ac      0x169 ../gpio_bsp/\libhal_bsp.a(alt_iic_isr_register.o)
 .debug_abbrev  0x0000000000001b15      0x114 ../gpio_bsp/\libhal_bsp.a(alt_io_redirect.o)
 .debug_abbrev  0x0000000000001c29       0x12 ../gpio_bsp/\libhal_bsp.a(alt_irq_entry.o)
 .debug_abbrev  0x0000000000001c3b      0x122 ../gpio_bsp/\libhal_bsp.a(alt_irq_handler.o)
 .debug_abbrev  0x0000000000001d5d       0x40 ../gpio_bsp/\libhal_bsp.a(alt_irq_vars.o)
 .debug_abbrev  0x0000000000001d9d      0x148 ../gpio_bsp/\libhal_bsp.a(alt_open.o)
 .debug_abbrev  0x0000000000001ee5       0xde ../gpio_bsp/\libhal_bsp.a(alt_release_fd.o)
 .debug_abbrev  0x0000000000001fc3      0x15a ../gpio_bsp/\libhal_bsp.a(alt_tick.o)
 .debug_abbrev  0x000000000000211d       0x42 ../gpio_bsp/\libhal_bsp.a(altera_nios2_qsys_irq.o)
 .debug_abbrev  0x000000000000215f       0x12 ../gpio_bsp/\libhal_bsp.a(alt_exception_entry.o)
 .debug_abbrev  0x0000000000002171       0xf0 ../gpio_bsp/\libhal_bsp.a(alt_find_dev.o)
 .debug_abbrev  0x0000000000002261       0xf0 ../gpio_bsp/\libhal_bsp.a(alt_find_file.o)
 .debug_abbrev  0x0000000000002351      0x10d ../gpio_bsp/\libhal_bsp.a(alt_get_fd.o)
 .debug_abbrev  0x000000000000245e       0x8b e:/quartusprime/nios2eds/bin/gnu/h-x86_64-mingw32/bin/../lib/gcc/nios2-elf/5.3.0/../../../../../H-x86_64-mingw32/nios2-elf/lib/mno-hw-mul\libsmallc.a(lib_a-exit.o)
 .debug_abbrev  0x00000000000024e9       0x7f e:/quartusprime/nios2eds/bin/gnu/h-x86_64-mingw32/bin/../lib/gcc/nios2-elf/5.3.0/../../../../../H-x86_64-mingw32/nios2-elf/lib/mno-hw-mul\libsmallc.a(lib_a-memcmp.o)
 .debug_abbrev  0x0000000000002568       0x9c e:/quartusprime/nios2eds/bin/gnu/h-x86_64-mingw32/bin/../lib/gcc/nios2-elf/5.3.0/../../../../../H-x86_64-mingw32/nios2-elf/lib/mno-hw-mul\libsmallc.a(lib_a-memcpy.o)
 .debug_abbrev  0x0000000000002604      0x1f6 e:/quartusprime/nios2eds/bin/gnu/h-x86_64-mingw32/bin/../lib/gcc/nios2-elf/5.3.0/../../../../../H-x86_64-mingw32/nios2-elf/lib/mno-hw-mul\libsmallc.a(lib_a-__call_atexit.o)
 .debug_abbrev  0x00000000000027fa       0x6f e:/quartusprime/nios2eds/bin/gnu/h-x86_64-mingw32/bin/../lib/gcc/nios2-elf/5.3.0/mno-hw-mul\libgcc.a(lib2-mul.o)
 .debug_abbrev  0x0000000000002869       0xa9 ../gpio_bsp/\libhal_bsp.a(alt_exit.o)

.debug_line     0x0000000000000000     0x2c7e
 *(.debug_line)
 .debug_line    0x0000000000000000       0x66 ../gpio_bsp//obj/HAL/src/crt0.o
 .debug_line    0x0000000000000066      0x15a obj/default/hello_world.o
 .debug_line    0x00000000000001c0      0x206 e:/quartusprime/nios2eds/bin/gnu/h-x86_64-mingw32/bin/../lib/gcc/nios2-elf/5.3.0/../../../../../H-x86_64-mingw32/nios2-elf/lib/mno-hw-mul\libsmallc.a(lib_a-puts.o)
 .debug_line    0x00000000000003c6      0x15c e:/quartusprime/nios2eds/bin/gnu/h-x86_64-mingw32/bin/../lib/gcc/nios2-elf/5.3.0/../../../../../H-x86_64-mingw32/nios2-elf/lib/mno-hw-mul\libsmallc.a(lib_a-strlen.o)
 .debug_line    0x0000000000000522      0x1f0 e:/quartusprime/nios2eds/bin/gnu/h-x86_64-mingw32/bin/../lib/gcc/nios2-elf/5.3.0/../../../../../H-x86_64-mingw32/nios2-elf/lib/mno-hw-mul\libsmallc.a(lib_a-fvwrite_small_dev.o)
 .debug_line    0x0000000000000712      0x156 e:/quartusprime/nios2eds/bin/gnu/h-x86_64-mingw32/bin/../lib/gcc/nios2-elf/5.3.0/../../../../../H-x86_64-mingw32/nios2-elf/lib/mno-hw-mul\libsmallc.a(lib_a-impure.o)
 .debug_line    0x0000000000000868      0x1ed e:/quartusprime/nios2eds/bin/gnu/h-x86_64-mingw32/bin/../lib/gcc/nios2-elf/5.3.0/../../../../../H-x86_64-mingw32/nios2-elf/lib/mno-hw-mul\libsmallc.a(lib_a-writer.o)
 .debug_line    0x0000000000000a55       0x5f e:/quartusprime/nios2eds/bin/gnu/h-x86_64-mingw32/bin/../lib/gcc/nios2-elf/5.3.0/../../../../../H-x86_64-mingw32/nios2-elf/lib/mno-hw-mul\libsmallc.a(lib_a-int_errno.o)
 .debug_line    0x0000000000000ab4       0x8e ../gpio_bsp/\libhal_bsp.a(alt_load.o)
 .debug_line    0x0000000000000b42       0x9e ../gpio_bsp/\libhal_bsp.a(alt_main.o)
 .debug_line    0x0000000000000be0      0x1cd ../gpio_bsp/\libhal_bsp.a(alt_write.o)
 .debug_line    0x0000000000000dad      0x137 ../gpio_bsp/\libhal_bsp.a(alt_sys_init.o)
 .debug_line    0x0000000000000ee4      0x12f ../gpio_bsp/\libhal_bsp.a(altera_avalon_jtag_uart_fd.o)
 .debug_line    0x0000000000001013      0x18b ../gpio_bsp/\libhal_bsp.a(altera_avalon_jtag_uart_init.o)
 .debug_line    0x000000000000119e      0x131 ../gpio_bsp/\libhal_bsp.a(altera_avalon_jtag_uart_ioctl.o)
 .debug_line    0x00000000000012cf      0x171 ../gpio_bsp/\libhal_bsp.a(altera_avalon_jtag_uart_read.o)
 .debug_line    0x0000000000001440      0x170 ../gpio_bsp/\libhal_bsp.a(altera_avalon_jtag_uart_write.o)
 .debug_line    0x00000000000015b0       0xf9 ../gpio_bsp/\libhal_bsp.a(alt_alarm_start.o)
 .debug_line    0x00000000000016a9      0x15e ../gpio_bsp/\libhal_bsp.a(alt_close.o)
 .debug_line    0x0000000000001807       0x51 ../gpio_bsp/\libhal_bsp.a(alt_dcache_flush_all.o)
 .debug_line    0x0000000000001858       0xf1 ../gpio_bsp/\libhal_bsp.a(alt_dev.o)
 .debug_line    0x0000000000001949       0xcf ../gpio_bsp/\libhal_bsp.a(alt_dev_llist_insert.o)
 .debug_line    0x0000000000001a18       0x51 ../gpio_bsp/\libhal_bsp.a(alt_errno.o)
 .debug_line    0x0000000000001a69       0x4f ../gpio_bsp/\libhal_bsp.a(alt_icache_flush_all.o)
 .debug_line    0x0000000000001ab8       0xeb ../gpio_bsp/\libhal_bsp.a(alt_iic.o)
 .debug_line    0x0000000000001ba3       0xdb ../gpio_bsp/\libhal_bsp.a(alt_iic_isr_register.o)
 .debug_line    0x0000000000001c7e      0x12e ../gpio_bsp/\libhal_bsp.a(alt_io_redirect.o)
 .debug_line    0x0000000000001dac       0x6b ../gpio_bsp/\libhal_bsp.a(alt_irq_entry.o)
 .debug_line    0x0000000000001e17       0xaa ../gpio_bsp/\libhal_bsp.a(alt_irq_handler.o)
 .debug_line    0x0000000000001ec1       0x50 ../gpio_bsp/\libhal_bsp.a(alt_irq_vars.o)
 .debug_line    0x0000000000001f11      0x12b ../gpio_bsp/\libhal_bsp.a(alt_open.o)
 .debug_line    0x000000000000203c       0xb0 ../gpio_bsp/\libhal_bsp.a(alt_release_fd.o)
 .debug_line    0x00000000000020ec       0xff ../gpio_bsp/\libhal_bsp.a(alt_tick.o)
 .debug_line    0x00000000000021eb       0x51 ../gpio_bsp/\libhal_bsp.a(altera_nios2_qsys_irq.o)
 .debug_line    0x000000000000223c       0xab ../gpio_bsp/\libhal_bsp.a(alt_exception_entry.o)
 .debug_line    0x00000000000022e7       0xb5 ../gpio_bsp/\libhal_bsp.a(alt_find_dev.o)
 .debug_line    0x000000000000239c       0xd1 ../gpio_bsp/\libhal_bsp.a(alt_find_file.o)
 .debug_line    0x000000000000246d       0xd7 ../gpio_bsp/\libhal_bsp.a(alt_get_fd.o)
 .debug_line    0x0000000000002544      0x159 e:/quartusprime/nios2eds/bin/gnu/h-x86_64-mingw32/bin/../lib/gcc/nios2-elf/5.3.0/../../../../../H-x86_64-mingw32/nios2-elf/lib/mno-hw-mul\libsmallc.a(lib_a-exit.o)
 .debug_line    0x000000000000269d      0x160 e:/quartusprime/nios2eds/bin/gnu/h-x86_64-mingw32/bin/../lib/gcc/nios2-elf/5.3.0/../../../../../H-x86_64-mingw32/nios2-elf/lib/mno-hw-mul\libsmallc.a(lib_a-memcmp.o)
 .debug_line    0x00000000000027fd      0x15e e:/quartusprime/nios2eds/bin/gnu/h-x86_64-mingw32/bin/../lib/gcc/nios2-elf/5.3.0/../../../../../H-x86_64-mingw32/nios2-elf/lib/mno-hw-mul\libsmallc.a(lib_a-memcpy.o)
 .debug_line    0x000000000000295b      0x232 e:/quartusprime/nios2eds/bin/gnu/h-x86_64-mingw32/bin/../lib/gcc/nios2-elf/5.3.0/../../../../../H-x86_64-mingw32/nios2-elf/lib/mno-hw-mul\libsmallc.a(lib_a-__call_atexit.o)
 .debug_line    0x0000000000002b8d       0x80 e:/quartusprime/nios2eds/bin/gnu/h-x86_64-mingw32/bin/../lib/gcc/nios2-elf/5.3.0/mno-hw-mul\libgcc.a(lib2-mul.o)
 .debug_line    0x0000000000002c0d       0x71 ../gpio_bsp/\libhal_bsp.a(alt_exit.o)

.debug_frame    0x0000000000000000      0xac4
 *(.debug_frame)
 .debug_frame   0x0000000000000000       0x50 obj/default/hello_world.o
 .debug_frame   0x0000000000000050       0x48 e:/quartusprime/nios2eds/bin/gnu/h-x86_64-mingw32/bin/../lib/gcc/nios2-elf/5.3.0/../../../../../H-x86_64-mingw32/nios2-elf/lib/mno-hw-mul\libsmallc.a(lib_a-puts.o)
 .debug_frame   0x0000000000000098       0x20 e:/quartusprime/nios2eds/bin/gnu/h-x86_64-mingw32/bin/../lib/gcc/nios2-elf/5.3.0/../../../../../H-x86_64-mingw32/nios2-elf/lib/mno-hw-mul\libsmallc.a(lib_a-strlen.o)
 .debug_frame   0x00000000000000b8       0x58 e:/quartusprime/nios2eds/bin/gnu/h-x86_64-mingw32/bin/../lib/gcc/nios2-elf/5.3.0/../../../../../H-x86_64-mingw32/nios2-elf/lib/mno-hw-mul\libsmallc.a(lib_a-fvwrite_small_dev.o)
 .debug_frame   0x0000000000000110       0x38 e:/quartusprime/nios2eds/bin/gnu/h-x86_64-mingw32/bin/../lib/gcc/nios2-elf/5.3.0/../../../../../H-x86_64-mingw32/nios2-elf/lib/mno-hw-mul\libsmallc.a(lib_a-writer.o)
 .debug_frame   0x0000000000000148       0x5c ../gpio_bsp/\libhal_bsp.a(alt_load.o)
 .debug_frame   0x00000000000001a4       0x2c ../gpio_bsp/\libhal_bsp.a(alt_main.o)
 .debug_frame   0x00000000000001d0       0x60 ../gpio_bsp/\libhal_bsp.a(alt_write.o)
 .debug_frame   0x0000000000000230       0x88 ../gpio_bsp/\libhal_bsp.a(alt_sys_init.o)
 .debug_frame   0x00000000000002b8       0xb0 ../gpio_bsp/\libhal_bsp.a(altera_avalon_jtag_uart_fd.o)
 .debug_frame   0x0000000000000368       0xa4 ../gpio_bsp/\libhal_bsp.a(altera_avalon_jtag_uart_init.o)
 .debug_frame   0x000000000000040c       0x34 ../gpio_bsp/\libhal_bsp.a(altera_avalon_jtag_uart_ioctl.o)
 .debug_frame   0x0000000000000440       0x38 ../gpio_bsp/\libhal_bsp.a(altera_avalon_jtag_uart_read.o)
 .debug_frame   0x0000000000000478       0x38 ../gpio_bsp/\libhal_bsp.a(altera_avalon_jtag_uart_write.o)
 .debug_frame   0x00000000000004b0       0x34 ../gpio_bsp/\libhal_bsp.a(alt_alarm_start.o)
 .debug_frame   0x00000000000004e4       0x60 ../gpio_bsp/\libhal_bsp.a(alt_close.o)
 .debug_frame   0x0000000000000544       0x34 ../gpio_bsp/\libhal_bsp.a(alt_dcache_flush_all.o)
 .debug_frame   0x0000000000000578       0x34 ../gpio_bsp/\libhal_bsp.a(alt_dev.o)
 .debug_frame   0x00000000000005ac       0x60 ../gpio_bsp/\libhal_bsp.a(alt_dev_llist_insert.o)
 .debug_frame   0x000000000000060c       0x34 ../gpio_bsp/\libhal_bsp.a(alt_icache_flush_all.o)
 .debug_frame   0x0000000000000640       0xa4 ../gpio_bsp/\libhal_bsp.a(alt_iic.o)
 .debug_frame   0x00000000000006e4       0x38 ../gpio_bsp/\libhal_bsp.a(alt_iic_isr_register.o)
 .debug_frame   0x000000000000071c       0x64 ../gpio_bsp/\libhal_bsp.a(alt_io_redirect.o)
 .debug_frame   0x0000000000000780       0x38 ../gpio_bsp/\libhal_bsp.a(alt_irq_handler.o)
 .debug_frame   0x00000000000007b8       0x8c ../gpio_bsp/\libhal_bsp.a(alt_open.o)
 .debug_frame   0x0000000000000844       0x3c ../gpio_bsp/\libhal_bsp.a(alt_release_fd.o)
 .debug_frame   0x0000000000000880       0x5c ../gpio_bsp/\libhal_bsp.a(alt_tick.o)
 .debug_frame   0x00000000000008dc       0x34 ../gpio_bsp/\libhal_bsp.a(altera_nios2_qsys_irq.o)
 .debug_frame   0x0000000000000910       0x38 ../gpio_bsp/\libhal_bsp.a(alt_find_dev.o)
 .debug_frame   0x0000000000000948       0x38 ../gpio_bsp/\libhal_bsp.a(alt_find_file.o)
 .debug_frame   0x0000000000000980       0x3c ../gpio_bsp/\libhal_bsp.a(alt_get_fd.o)
 .debug_frame   0x00000000000009bc       0x28 e:/quartusprime/nios2eds/bin/gnu/h-x86_64-mingw32/bin/../lib/gcc/nios2-elf/5.3.0/../../../../../H-x86_64-mingw32/nios2-elf/lib/mno-hw-mul\libsmallc.a(lib_a-exit.o)
 .debug_frame   0x00000000000009e4       0x20 e:/quartusprime/nios2eds/bin/gnu/h-x86_64-mingw32/bin/../lib/gcc/nios2-elf/5.3.0/../../../../../H-x86_64-mingw32/nios2-elf/lib/mno-hw-mul\libsmallc.a(lib_a-memcmp.o)
 .debug_frame   0x0000000000000a04       0x20 e:/quartusprime/nios2eds/bin/gnu/h-x86_64-mingw32/bin/../lib/gcc/nios2-elf/5.3.0/../../../../../H-x86_64-mingw32/nios2-elf/lib/mno-hw-mul\libsmallc.a(lib_a-memcpy.o)
 .debug_frame   0x0000000000000a24       0x54 e:/quartusprime/nios2eds/bin/gnu/h-x86_64-mingw32/bin/../lib/gcc/nios2-elf/5.3.0/../../../../../H-x86_64-mingw32/nios2-elf/lib/mno-hw-mul\libsmallc.a(lib_a-__call_atexit.o)
 .debug_frame   0x0000000000000a78       0x20 e:/quartusprime/nios2eds/bin/gnu/h-x86_64-mingw32/bin/../lib/gcc/nios2-elf/5.3.0/mno-hw-mul\libgcc.a(lib2-mul.o)
 .debug_frame   0x0000000000000a98       0x2c ../gpio_bsp/\libhal_bsp.a(alt_exit.o)

.debug_str      0x0000000000000000     0x167a
 *(.debug_str)
 .debug_str     0x0000000000000000      0x118 obj/default/hello_world.o
                                        0x167 (size before relaxing)
 .debug_str     0x0000000000000118      0x3fb e:/quartusprime/nios2eds/bin/gnu/h-x86_64-mingw32/bin/../lib/gcc/nios2-elf/5.3.0/../../../../../H-x86_64-mingw32/nios2-elf/lib/mno-hw-mul\libsmallc.a(lib_a-puts.o)
                                        0x4cd (size before relaxing)
 .debug_str     0x0000000000000513       0xd2 e:/quartusprime/nios2eds/bin/gnu/h-x86_64-mingw32/bin/../lib/gcc/nios2-elf/5.3.0/../../../../../H-x86_64-mingw32/nios2-elf/lib/mno-hw-mul\libsmallc.a(lib_a-strlen.o)
                                        0x1e5 (size before relaxing)
 .debug_str     0x00000000000005e5       0x63 e:/quartusprime/nios2eds/bin/gnu/h-x86_64-mingw32/bin/../lib/gcc/nios2-elf/5.3.0/../../../../../H-x86_64-mingw32/nios2-elf/lib/mno-hw-mul\libsmallc.a(lib_a-fvwrite_small_dev.o)
                                        0x4d4 (size before relaxing)
 .debug_str     0x0000000000000648       0xef e:/quartusprime/nios2eds/bin/gnu/h-x86_64-mingw32/bin/../lib/gcc/nios2-elf/5.3.0/../../../../../H-x86_64-mingw32/nios2-elf/lib/mno-hw-mul\libsmallc.a(lib_a-impure.o)
                                        0x4be (size before relaxing)
 .debug_str     0x0000000000000737       0x45 e:/quartusprime/nios2eds/bin/gnu/h-x86_64-mingw32/bin/../lib/gcc/nios2-elf/5.3.0/../../../../../H-x86_64-mingw32/nios2-elf/lib/mno-hw-mul\libsmallc.a(lib_a-writer.o)
                                        0x4b8 (size before relaxing)
 .debug_str     0x000000000000077c       0x3f e:/quartusprime/nios2eds/bin/gnu/h-x86_64-mingw32/bin/../lib/gcc/nios2-elf/5.3.0/../../../../../H-x86_64-mingw32/nios2-elf/lib/mno-hw-mul\libsmallc.a(lib_a-int_errno.o)
                                        0x1d8 (size before relaxing)
 .debug_str     0x00000000000007bb      0x12c ../gpio_bsp/\libhal_bsp.a(alt_load.o)
                                        0x213 (size before relaxing)
 .debug_str     0x00000000000008e7       0x70 ../gpio_bsp/\libhal_bsp.a(alt_main.o)
                                        0x19e (size before relaxing)
 .debug_str     0x0000000000000957      0x153 ../gpio_bsp/\libhal_bsp.a(alt_write.o)
                                        0x2f9 (size before relaxing)
 .debug_str     0x0000000000000aaa      0x158 ../gpio_bsp/\libhal_bsp.a(alt_sys_init.o)
                                        0x357 (size before relaxing)
 .debug_str     0x0000000000000c02       0xb9 ../gpio_bsp/\libhal_bsp.a(altera_avalon_jtag_uart_fd.o)
                                        0x3a5 (size before relaxing)
 .debug_str     0x0000000000000cbb       0xd1 ../gpio_bsp/\libhal_bsp.a(altera_avalon_jtag_uart_init.o)
                                        0x339 (size before relaxing)
 .debug_str     0x0000000000000d8c       0x4a ../gpio_bsp/\libhal_bsp.a(altera_avalon_jtag_uart_ioctl.o)
                                        0x294 (size before relaxing)
 .debug_str     0x0000000000000dd6       0x7f ../gpio_bsp/\libhal_bsp.a(altera_avalon_jtag_uart_read.o)
                                        0x2e9 (size before relaxing)
 .debug_str     0x0000000000000e55       0x4a ../gpio_bsp/\libhal_bsp.a(altera_avalon_jtag_uart_write.o)
                                        0x2ea (size before relaxing)
 .debug_str     0x0000000000000e9f       0x5f ../gpio_bsp/\libhal_bsp.a(alt_alarm_start.o)
                                        0x27f (size before relaxing)
 .debug_str     0x0000000000000efe       0x1b ../gpio_bsp/\libhal_bsp.a(alt_close.o)
                                        0x20c (size before relaxing)
 .debug_str     0x0000000000000f19       0x34 ../gpio_bsp/\libhal_bsp.a(alt_dcache_flush_all.o)
                                        0x156 (size before relaxing)
 .debug_str     0x0000000000000f4d       0x50 ../gpio_bsp/\libhal_bsp.a(alt_dev.o)
                                        0x306 (size before relaxing)
 .debug_str     0x0000000000000f9d       0x34 ../gpio_bsp/\libhal_bsp.a(alt_dev_llist_insert.o)
                                        0x1cd (size before relaxing)
 .debug_str     0x0000000000000fd1       0x14 ../gpio_bsp/\libhal_bsp.a(alt_errno.o)
                                        0x146 (size before relaxing)
 .debug_str     0x0000000000000fe5       0x34 ../gpio_bsp/\libhal_bsp.a(alt_icache_flush_all.o)
                                        0x156 (size before relaxing)
 .debug_str     0x0000000000001019       0xc4 ../gpio_bsp/\libhal_bsp.a(alt_iic.o)
                                        0x23f (size before relaxing)
 .debug_str     0x00000000000010dd       0x4c ../gpio_bsp/\libhal_bsp.a(alt_iic_isr_register.o)
                                        0x1e9 (size before relaxing)
 .debug_str     0x0000000000001129       0x56 ../gpio_bsp/\libhal_bsp.a(alt_io_redirect.o)
                                        0x317 (size before relaxing)
 .debug_str     0x000000000000117f       0x3a ../gpio_bsp/\libhal_bsp.a(alt_irq_handler.o)
                                        0x198 (size before relaxing)
 .debug_str     0x00000000000011b9       0x17 ../gpio_bsp/\libhal_bsp.a(alt_irq_vars.o)
                                        0x13b (size before relaxing)
 .debug_str     0x00000000000011d0       0x2f ../gpio_bsp/\libhal_bsp.a(alt_open.o)
                                        0x24c (size before relaxing)
 .debug_str     0x00000000000011ff       0x28 ../gpio_bsp/\libhal_bsp.a(alt_release_fd.o)
                                        0x1d4 (size before relaxing)
 .debug_str     0x0000000000001227       0x4a ../gpio_bsp/\libhal_bsp.a(alt_tick.o)
                                        0x253 (size before relaxing)
 .debug_str     0x0000000000001271       0x3b ../gpio_bsp/\libhal_bsp.a(altera_nios2_qsys_irq.o)
                                        0x15d (size before relaxing)
 .debug_str     0x00000000000012ac       0x24 ../gpio_bsp/\libhal_bsp.a(alt_find_dev.o)
                                        0x1ed (size before relaxing)
 .debug_str     0x00000000000012d0       0x26 ../gpio_bsp/\libhal_bsp.a(alt_find_file.o)
                                        0x1fb (size before relaxing)
 .debug_str     0x00000000000012f6       0x30 ../gpio_bsp/\libhal_bsp.a(alt_get_fd.o)
                                        0x21d (size before relaxing)
 .debug_str     0x0000000000001326       0xe1 e:/quartusprime/nios2eds/bin/gnu/h-x86_64-mingw32/bin/../lib/gcc/nios2-elf/5.3.0/../../../../../H-x86_64-mingw32/nios2-elf/lib/mno-hw-mul\libsmallc.a(lib_a-exit.o)
                                        0x1f0 (size before relaxing)
 .debug_str     0x0000000000001407       0x44 e:/quartusprime/nios2eds/bin/gnu/h-x86_64-mingw32/bin/../lib/gcc/nios2-elf/5.3.0/../../../../../H-x86_64-mingw32/nios2-elf/lib/mno-hw-mul\libsmallc.a(lib_a-memcmp.o)
                                        0x1df (size before relaxing)
 .debug_str     0x000000000000144b       0x58 e:/quartusprime/nios2eds/bin/gnu/h-x86_64-mingw32/bin/../lib/gcc/nios2-elf/5.3.0/../../../../../H-x86_64-mingw32/nios2-elf/lib/mno-hw-mul\libsmallc.a(lib_a-memcpy.o)
                                        0x1f3 (size before relaxing)
 .debug_str     0x00000000000014a3       0x65 e:/quartusprime/nios2eds/bin/gnu/h-x86_64-mingw32/bin/../lib/gcc/nios2-elf/5.3.0/../../../../../H-x86_64-mingw32/nios2-elf/lib/mno-hw-mul\libsmallc.a(lib_a-__call_atexit.o)
                                        0x4eb (size before relaxing)
 .debug_str     0x0000000000001508      0x148 e:/quartusprime/nios2eds/bin/gnu/h-x86_64-mingw32/bin/../lib/gcc/nios2-elf/5.3.0/mno-hw-mul\libgcc.a(lib2-mul.o)
                                        0x193 (size before relaxing)
 .debug_str     0x0000000000001650       0x2a ../gpio_bsp/\libhal_bsp.a(alt_exit.o)
                                        0x152 (size before relaxing)

.debug_loc      0x0000000000000000      0x63b
 *(.debug_loc)
 .debug_loc     0x0000000000000000       0x97 e:/quartusprime/nios2eds/bin/gnu/h-x86_64-mingw32/bin/../lib/gcc/nios2-elf/5.3.0/../../../../../H-x86_64-mingw32/nios2-elf/lib/mno-hw-mul\libsmallc.a(lib_a-puts.o)
 .debug_loc     0x0000000000000097       0x1e e:/quartusprime/nios2eds/bin/gnu/h-x86_64-mingw32/bin/../lib/gcc/nios2-elf/5.3.0/../../../../../H-x86_64-mingw32/nios2-elf/lib/mno-hw-mul\libsmallc.a(lib_a-strlen.o)
 .debug_loc     0x00000000000000b5      0x110 e:/quartusprime/nios2eds/bin/gnu/h-x86_64-mingw32/bin/../lib/gcc/nios2-elf/5.3.0/../../../../../H-x86_64-mingw32/nios2-elf/lib/mno-hw-mul\libsmallc.a(lib_a-fvwrite_small_dev.o)
 .debug_loc     0x00000000000001c5       0xa5 e:/quartusprime/nios2eds/bin/gnu/h-x86_64-mingw32/bin/../lib/gcc/nios2-elf/5.3.0/../../../../../H-x86_64-mingw32/nios2-elf/lib/mno-hw-mul\libsmallc.a(lib_a-writer.o)
 .debug_loc     0x000000000000026a       0x1e e:/quartusprime/nios2eds/bin/gnu/h-x86_64-mingw32/bin/../lib/gcc/nios2-elf/5.3.0/../../../../../H-x86_64-mingw32/nios2-elf/lib/mno-hw-mul\libsmallc.a(lib_a-exit.o)
 .debug_loc     0x0000000000000288       0x94 e:/quartusprime/nios2eds/bin/gnu/h-x86_64-mingw32/bin/../lib/gcc/nios2-elf/5.3.0/../../../../../H-x86_64-mingw32/nios2-elf/lib/mno-hw-mul\libsmallc.a(lib_a-memcmp.o)
 .debug_loc     0x000000000000031c      0x135 e:/quartusprime/nios2eds/bin/gnu/h-x86_64-mingw32/bin/../lib/gcc/nios2-elf/5.3.0/../../../../../H-x86_64-mingw32/nios2-elf/lib/mno-hw-mul\libsmallc.a(lib_a-memcpy.o)
 .debug_loc     0x0000000000000451      0x157 e:/quartusprime/nios2eds/bin/gnu/h-x86_64-mingw32/bin/../lib/gcc/nios2-elf/5.3.0/../../../../../H-x86_64-mingw32/nios2-elf/lib/mno-hw-mul\libsmallc.a(lib_a-__call_atexit.o)
 .debug_loc     0x00000000000005a8       0x93 e:/quartusprime/nios2eds/bin/gnu/h-x86_64-mingw32/bin/../lib/gcc/nios2-elf/5.3.0/mno-hw-mul\libgcc.a(lib2-mul.o)

.debug_macinfo
 *(.debug_macinfo)

.debug_weaknames
 *(.debug_weaknames)

.debug_funcnames
 *(.debug_funcnames)

.debug_typenames
 *(.debug_typenames)

.debug_varnames
 *(.debug_varnames)

.debug_alt_sim_info
                0x0000000000000000       0x10
 *(.debug_alt_sim_info)
 .debug_alt_sim_info
                0x0000000000000000       0x10 ../gpio_bsp//obj/HAL/src/crt0.o
                0x000000000000f530                __alt_data_end = 0xf530
                0x000000000000f530                PROVIDE (__alt_stack_pointer, __alt_data_end)
                [!provide]                        PROVIDE (__alt_stack_limit, __alt_stack_base)
                [!provide]                        PROVIDE (__alt_heap_start, end)
                [!provide]                        PROVIDE (__alt_heap_limit, 0xf530)
OUTPUT(gpio.elf elf32-littlenios2)

.debug_ranges   0x0000000000000000      0x188
 .debug_ranges  0x0000000000000000       0x20 ../gpio_bsp//obj/HAL/src/crt0.o
 .debug_ranges  0x0000000000000020       0x18 e:/quartusprime/nios2eds/bin/gnu/h-x86_64-mingw32/bin/../lib/gcc/nios2-elf/5.3.0/../../../../../H-x86_64-mingw32/nios2-elf/lib/mno-hw-mul\libsmallc.a(lib_a-puts.o)
 .debug_ranges  0x0000000000000038       0x10 e:/quartusprime/nios2eds/bin/gnu/h-x86_64-mingw32/bin/../lib/gcc/nios2-elf/5.3.0/../../../../../H-x86_64-mingw32/nios2-elf/lib/mno-hw-mul\libsmallc.a(lib_a-strlen.o)
 .debug_ranges  0x0000000000000048       0x28 e:/quartusprime/nios2eds/bin/gnu/h-x86_64-mingw32/bin/../lib/gcc/nios2-elf/5.3.0/../../../../../H-x86_64-mingw32/nios2-elf/lib/mno-hw-mul\libsmallc.a(lib_a-fvwrite_small_dev.o)
 .debug_ranges  0x0000000000000070       0x10 e:/quartusprime/nios2eds/bin/gnu/h-x86_64-mingw32/bin/../lib/gcc/nios2-elf/5.3.0/../../../../../H-x86_64-mingw32/nios2-elf/lib/mno-hw-mul\libsmallc.a(lib_a-writer.o)
 .debug_ranges  0x0000000000000080       0x30 ../gpio_bsp/\libhal_bsp.a(altera_avalon_jtag_uart_init.o)
 .debug_ranges  0x00000000000000b0       0x18 ../gpio_bsp/\libhal_bsp.a(altera_avalon_jtag_uart_read.o)
 .debug_ranges  0x00000000000000c8       0x28 ../gpio_bsp/\libhal_bsp.a(alt_irq_entry.o)
 .debug_ranges  0x00000000000000f0       0x10 ../gpio_bsp/\libhal_bsp.a(alt_irq_handler.o)
 .debug_ranges  0x0000000000000100       0x30 ../gpio_bsp/\libhal_bsp.a(alt_exception_entry.o)
 .debug_ranges  0x0000000000000130       0x10 e:/quartusprime/nios2eds/bin/gnu/h-x86_64-mingw32/bin/../lib/gcc/nios2-elf/5.3.0/../../../../../H-x86_64-mingw32/nios2-elf/lib/mno-hw-mul\libsmallc.a(lib_a-exit.o)
 .debug_ranges  0x0000000000000140       0x10 e:/quartusprime/nios2eds/bin/gnu/h-x86_64-mingw32/bin/../lib/gcc/nios2-elf/5.3.0/../../../../../H-x86_64-mingw32/nios2-elf/lib/mno-hw-mul\libsmallc.a(lib_a-memcmp.o)
 .debug_ranges  0x0000000000000150       0x10 e:/quartusprime/nios2eds/bin/gnu/h-x86_64-mingw32/bin/../lib/gcc/nios2-elf/5.3.0/../../../../../H-x86_64-mingw32/nios2-elf/lib/mno-hw-mul\libsmallc.a(lib_a-memcpy.o)
 .debug_ranges  0x0000000000000160       0x28 e:/quartusprime/nios2eds/bin/gnu/h-x86_64-mingw32/bin/../lib/gcc/nios2-elf/5.3.0/../../../../../H-x86_64-mingw32/nios2-elf/lib/mno-hw-mul\libsmallc.a(lib_a-__call_atexit.o)
