E:\Project\Modulo3_FPGA\Clase3\IIC\implementation\system.ngc 1641764773
E:/Project/Modulo3_FPGA/Clase3/IIC/implementation/system_clock_generator_0_wrapper.ngc 1641764594
E:/Project/Modulo3_FPGA/Clase3/IIC/implementation/system_proc_sys_reset_0_wrapper.ngc 1641764292
E:/Project/Modulo3_FPGA/Clase3/IIC/implementation/system_microblaze_0_wrapper.ngc 1641764422
E:/Project/Modulo3_FPGA/Clase3/IIC/implementation/system_mb_plb_wrapper.ngc 1641763648
E:/Project/Modulo3_FPGA/Clase3/IIC/implementation/system_ilmb_wrapper.ngc 1641764524
E:/Project/Modulo3_FPGA/Clase3/IIC/implementation/system_dlmb_wrapper.ngc 1641764561
E:/Project/Modulo3_FPGA/Clase3/IIC/implementation/system_dlmb_cntlr_wrapper.ngc 1641763785
E:/Project/Modulo3_FPGA/Clase3/IIC/implementation/system_ilmb_cntlr_wrapper.ngc 1641763830
E:/Project/Modulo3_FPGA/Clase3/IIC/implementation/system_generic_iic_bus_wrapper.ngc 1641764041
E:/Project/Modulo3_FPGA/Clase3/IIC/implementation/system_leds_wrapper.ngc 1641764143
E:/Project/Modulo3_FPGA/Clase3/IIC/implementation/system_mdm_0_wrapper.ngc 1641764244
E:/Project/Modulo3_FPGA/Clase3/IIC/implementation/system_xps_intc_0_wrapper.ngc 1641764629
E:/Project/Modulo3_FPGA/Clase3/IIC/implementation/system_lmb_bram_wrapper.ngc 1641763901
OK
