F:\Project\Modulo3_FPGA\Clase2\Uart\implementation\system.ngc 1639251851
F:/Project/Modulo3_FPGA/Clase2/Uart/implementation/system_rs232_wrapper.ngc 1639251774
F:/Project/Modulo3_FPGA/Clase2/Uart/implementation/system_clock_generator_0_wrapper.ngc 1639251830
F:/Project/Modulo3_FPGA/Clase2/Uart/implementation/system_proc_sys_reset_0_wrapper.ngc 1639251805
F:/Project/Modulo3_FPGA/Clase2/Uart/implementation/system_xps_intc_0_wrapper.ngc 1639251834
F:/Project/Modulo3_FPGA/Clase2/Uart/implementation/system_microblaze_0_wrapper.ngc 1639251818
F:/Project/Modulo3_FPGA/Clase2/Uart/implementation/system_mb_plb_wrapper.ngc 1639251732
F:/Project/Modulo3_FPGA/Clase2/Uart/implementation/system_ilmb_wrapper.ngc 1639251822
F:/Project/Modulo3_FPGA/Clase2/Uart/implementation/system_dlmb_wrapper.ngc 1639251826
F:/Project/Modulo3_FPGA/Clase2/Uart/implementation/system_dlmb_cntlr_wrapper.ngc 1639251750
F:/Project/Modulo3_FPGA/Clase2/Uart/implementation/system_ilmb_cntlr_wrapper.ngc 1639251757
F:/Project/Modulo3_FPGA/Clase2/Uart/implementation/system_leds_wrapper.ngc 1639251784
F:/Project/Modulo3_FPGA/Clase2/Uart/implementation/system_mdm_0_wrapper.ngc 1639251799
F:/Project/Modulo3_FPGA/Clase2/Uart/implementation/system_lmb_bram_wrapper.ngc 1639251765
OK
