14:47:45 **** Build of project uart_bsp ****
make -k all 
libgen -hw ../Uart_hw_platform/system.xml\
	       \
	       -pe microblaze_0 \
	       -log libgen.log \
	       system.mss
libgen
Xilinx EDK 14.7 Build EDK_P.20131013
Copyright (c) 1995-2012 Xilinx, Inc.  All rights reserved.

Command Line: libgen -hw ../Uart_hw_platform/system.xml -pe microblaze_0 -log
libgen.log system.mss 


Staging source files.
Running DRCs.
Running generate.
Running post_generate.
Running include - 'make -s include "COMPILER=mb-gcc" "ARCHIVER=mb-ar"
"COMPILER_FLAGS=-mno-xl-soft-mul -mxl-barrel-shift -mxl-pattern-compare
-mcpu=v8.50.c  -O2 -c" "EXTRA_COMPILER_FLAGS=-g -ffunction-sections
-fdata-sections"'.

Running libs - 'make -s libs "COMPILER=mb-gcc" "ARCHIVER=mb-ar"
"COMPILER_FLAGS=-mno-xl-soft-mul -mxl-barrel-shift -mxl-pattern-compare
-mcpu=v8.50.c  -O2 -c" "EXTRA_COMPILER_FLAGS=-g -ffunction-sections
-fdata-sections"'.
"Compiling common"
"Compiling standalone";
"Compiling bram"
"Compiling gpio"
"Compiling uartlite"
"Compiling intc"
"Compiling cpu"
Running execs_generate.
'Finished building libraries'
14:48:00 **** Build of configuration Debug for project uart ****
make all 
'Building file: ../src/helloworld.c'
'Invoking: MicroBlaze gcc compiler'
mb-gcc -Wall -O0 -g3 -c -fmessage-length=0 -I../../uart_bsp/microblaze_0/include -mxl-barrel-shift -mxl-pattern-compare -mcpu=v8.50.c -mno-xl-soft-mul -Wl,--no-relax -ffunction-sections -fdata-sections -MMD -MP -MF"src/helloworld.d" -MT"src/helloworld.d" -o "src/helloworld.o" "../src/helloworld.c"
'Finished building: ../src/helloworld.c'
' '
'Building file: ../src/platform.c'
'Invoking: MicroBlaze gcc compiler'
mb-gcc -Wall -O0 -g3 -c -fmessage-length=0 -I../../uart_bsp/microblaze_0/include -mxl-barrel-shift -mxl-pattern-compare -mcpu=v8.50.c -mno-xl-soft-mul -Wl,--no-relax -ffunction-sections -fdata-sections -MMD -MP -MF"src/platform.d" -MT"src/platform.d" -o "src/platform.o" "../src/platform.c"
'Finished building: ../src/platform.c'
' '
'Building target: uart.elf'
'Invoking: MicroBlaze gcc linker'
mb-gcc -Wl,-T -Wl,../src/lscript.ld -L../../uart_bsp/microblaze_0/lib -mxl-barrel-shift -mxl-pattern-compare -mcpu=v8.50.c -mno-xl-soft-mul -Wl,--no-relax -Wl,--gc-sections -o "uart.elf"  ./src/helloworld.o ./src/platform.o   -Wl,--start-group,-lxil,-lgcc,-lc,--end-group
'Finished building target: uart.elf'
' '
'Invoking: MicroBlaze Print Size'
mb-size uart.elf  |tee "uart.elf.size"
   text	   data	    bss	    dec	    hex	filename
   2430	    308	   2084	   4822	   12d6	uart.elf
'Finished building: uart.elf.size'
' '
'Invoking: Xilinx ELF Check'
elfcheck uart.elf -hw ../../Uart_hw_platform/system.xml -pe microblaze_0  |tee "uart.elf.elfcheck"
elfcheck
Xilinx EDK 14.7 Build EDK_P.20131013
Copyright (c) 1995-2012 Xilinx, Inc.  All rights reserved.

Command Line: elfcheck -hw ../../Uart_hw_platform/system.xml -pe microblaze_0
uart.elf 

ELF file	: uart.elf
elfcheck passed.
'Finished building: uart.elf.elfcheck'
' '
14:49:51 **** Auto Build of configuration Debug for project uart ****
make all 
'Building file: ../src/helloworld.c'
'Invoking: MicroBlaze gcc compiler'
mb-gcc -Wall -O0 -g3 -c -fmessage-length=0 -I../../uart_bsp/microblaze_0/include -mxl-barrel-shift -mxl-pattern-compare -mcpu=v8.50.c -mno-xl-soft-mul -Wl,--no-relax -ffunction-sections -fdata-sections -MMD -MP -MF"src/helloworld.d" -MT"src/helloworld.d" -o "src/helloworld.o" "../src/helloworld.c"
../src/helloworld.c: In function 'main':
../src/helloworld.c:30:23: error: 'XPAR_DIP_SWITCHES_DEVICE_ID' undeclared (first use in this function)
../src/helloworld.c:30:23: note: each undeclared identifier is reported only once for each function it appears in
make: *** [src/helloworld.o] Error 1
14:49:59 **** Auto Build of configuration Debug for project uart ****
make all 
'Building file: ../src/helloworld.c'
'Invoking: MicroBlaze gcc compiler'
mb-gcc -Wall -O0 -g3 -c -fmessage-length=0 -I../../uart_bsp/microblaze_0/include -mxl-barrel-shift -mxl-pattern-compare -mcpu=v8.50.c -mno-xl-soft-mul -Wl,--no-relax -ffunction-sections -fdata-sections -MMD -MP -MF"src/helloworld.d" -MT"src/helloworld.d" -o "src/helloworld.o" "../src/helloworld.c"
'Finished building: ../src/helloworld.c'
' '
'Building target: uart.elf'
'Invoking: MicroBlaze gcc linker'
mb-gcc -Wl,-T -Wl,../src/lscript.ld -L../../uart_bsp/microblaze_0/lib -mxl-barrel-shift -mxl-pattern-compare -mcpu=v8.50.c -mno-xl-soft-mul -Wl,--no-relax -Wl,--gc-sections -o "uart.elf"  ./src/helloworld.o ./src/platform.o   -Wl,--start-group,-lxil,-lgcc,-lc,--end-group
'Finished building target: uart.elf'
' '
'Invoking: MicroBlaze Print Size'
mb-size uart.elf  |tee "uart.elf.size"
   text	   data	    bss	    dec	    hex	filename
   2358	    328	   2136	   4822	   12d6	uart.elf
'Finished building: uart.elf.size'
' '
'Invoking: Xilinx ELF Check'
elfcheck uart.elf -hw ../../Uart_hw_platform/system.xml -pe microblaze_0  |tee "uart.elf.elfcheck"
elfcheck
Xilinx EDK 14.7 Build EDK_P.20131013
Copyright (c) 1995-2012 Xilinx, Inc.  All rights reserved.

Command Line: elfcheck -hw ../../Uart_hw_platform/system.xml -pe microblaze_0
uart.elf 

ELF file	: uart.elf
elfcheck passed.
'Finished building: uart.elf.elfcheck'
' '
14:50:10 **** Auto Build of configuration Debug for project uart ****
make all 
'Building file: ../src/helloworld.c'
'Invoking: MicroBlaze gcc compiler'
mb-gcc -Wall -O0 -g3 -c -fmessage-length=0 -I../../uart_bsp/microblaze_0/include -mxl-barrel-shift -mxl-pattern-compare -mcpu=v8.50.c -mno-xl-soft-mul -Wl,--no-relax -ffunction-sections -fdata-sections -MMD -MP -MF"src/helloworld.d" -MT"src/helloworld.d" -o "src/helloworld.o" "../src/helloworld.c"
'Finished building: ../src/helloworld.c'
' '
'Building target: uart.elf'
'Invoking: MicroBlaze gcc linker'
mb-gcc -Wl,-T -Wl,../src/lscript.ld -L../../uart_bsp/microblaze_0/lib -mxl-barrel-shift -mxl-pattern-compare -mcpu=v8.50.c -mno-xl-soft-mul -Wl,--no-relax -Wl,--gc-sections -o "uart.elf"  ./src/helloworld.o ./src/platform.o   -Wl,--start-group,-lxil,-lgcc,-lc,--end-group
'Finished building target: uart.elf'
' '
'Invoking: MicroBlaze Print Size'
mb-size uart.elf  |tee "uart.elf.size"
   text	   data	    bss	    dec	    hex	filename
   2798	    328	   2136	   5262	   148e	uart.elf
'Finished building: uart.elf.size'
' '
'Invoking: Xilinx ELF Check'
elfcheck uart.elf -hw ../../Uart_hw_platform/system.xml -pe microblaze_0  |tee "uart.elf.elfcheck"
elfcheck
Xilinx EDK 14.7 Build EDK_P.20131013
Copyright (c) 1995-2012 Xilinx, Inc.  All rights reserved.

Command Line: elfcheck -hw ../../Uart_hw_platform/system.xml -pe microblaze_0
uart.elf 

ELF file	: uart.elf
elfcheck passed.
'Finished building: uart.elf.elfcheck'
' '
14:53:19 **** Auto Build of configuration Debug for project uart ****
make all 
'Building file: ../src/helloworld.c'
'Invoking: MicroBlaze gcc compiler'
mb-gcc -Wall -O0 -g3 -c -fmessage-length=0 -I../../uart_bsp/microblaze_0/include -mxl-barrel-shift -mxl-pattern-compare -mcpu=v8.50.c -mno-xl-soft-mul -Wl,--no-relax -ffunction-sections -fdata-sections -MMD -MP -MF"src/helloworld.d" -MT"src/helloworld.d" -o "src/helloworld.o" "../src/helloworld.c"
'Finished building: ../src/helloworld.c'
' '
'Building target: uart.elf'
'Invoking: MicroBlaze gcc linker'
mb-gcc -Wl,-T -Wl,../src/lscript.ld -L../../uart_bsp/microblaze_0/lib -mxl-barrel-shift -mxl-pattern-compare -mcpu=v8.50.c -mno-xl-soft-mul -Wl,--no-relax -Wl,--gc-sections -o "uart.elf"  ./src/helloworld.o ./src/platform.o   -Wl,--start-group,-lxil,-lgcc,-lc,--end-group
'Finished building target: uart.elf'
' '
'Invoking: MicroBlaze Print Size'
mb-size uart.elf  |tee "uart.elf.size"
   text	   data	    bss	    dec	    hex	filename
   2798	    328	   2208	   5334	   14d6	uart.elf
'Finished building: uart.elf.size'
' '
'Invoking: Xilinx ELF Check'
elfcheck uart.elf -hw ../../Uart_hw_platform/system.xml -pe microblaze_0  |tee "uart.elf.elfcheck"
elfcheck
Xilinx EDK 14.7 Build EDK_P.20131013
Copyright (c) 1995-2012 Xilinx, Inc.  All rights reserved.

Command Line: elfcheck -hw ../../Uart_hw_platform/system.xml -pe microblaze_0
uart.elf 

ELF file	: uart.elf
elfcheck passed.
'Finished building: uart.elf.elfcheck'
' '
14:54:50 **** Auto Build of configuration Debug for project uart ****
make all 
'Building file: ../src/helloworld.c'
'Invoking: MicroBlaze gcc compiler'
mb-gcc -Wall -O0 -g3 -c -fmessage-length=0 -I../../uart_bsp/microblaze_0/include -mxl-barrel-shift -mxl-pattern-compare -mcpu=v8.50.c -mno-xl-soft-mul -Wl,--no-relax -ffunction-sections -fdata-sections -MMD -MP -MF"src/helloworld.d" -MT"src/helloworld.d" -o "src/helloworld.o" "../src/helloworld.c"
'Finished building: ../src/helloworld.c'
' '
'Building target: uart.elf'
'Invoking: MicroBlaze gcc linker'
mb-gcc -Wl,-T -Wl,../src/lscript.ld -L../../uart_bsp/microblaze_0/lib -mxl-barrel-shift -mxl-pattern-compare -mcpu=v8.50.c -mno-xl-soft-mul -Wl,--no-relax -Wl,--gc-sections -o "uart.elf"  ./src/helloworld.o ./src/platform.o   -Wl,--start-group,-lxil,-lgcc,-lc,--end-group
'Finished building target: uart.elf'
' '
'Invoking: MicroBlaze Print Size'
mb-size uart.elf  |tee "uart.elf.size"
   text	   data	    bss	    dec	    hex	filename
   3406	    360	   2208	   5974	   1756	uart.elf
'Finished building: uart.elf.size'
' '
'Invoking: Xilinx ELF Check'
elfcheck uart.elf -hw ../../Uart_hw_platform/system.xml -pe microblaze_0  |tee "uart.elf.elfcheck"
elfcheck
Xilinx EDK 14.7 Build EDK_P.20131013
Copyright (c) 1995-2012 Xilinx, Inc.  All rights reserved.

Command Line: elfcheck -hw ../../Uart_hw_platform/system.xml -pe microblaze_0
uart.elf 

ELF file	: uart.elf
elfcheck passed.
'Finished building: uart.elf.elfcheck'
' '
15:06:42 **** Auto Build of configuration Debug for project uart ****
make all 
'Building file: ../src/helloworld.c'
'Invoking: MicroBlaze gcc compiler'
mb-gcc -Wall -O0 -g3 -c -fmessage-length=0 -I../../uart_bsp/microblaze_0/include -mxl-barrel-shift -mxl-pattern-compare -mcpu=v8.50.c -mno-xl-soft-mul -Wl,--no-relax -ffunction-sections -fdata-sections -MMD -MP -MF"src/helloworld.d" -MT"src/helloworld.d" -o "src/helloworld.o" "../src/helloworld.c"
../src/helloworld.c:26:19: warning: initializer-string for array of chars is too long [enabled by default]
../src/helloworld.c: In function 'main':
../src/helloworld.c:37:3: warning: pointer targets in passing argument 1 of 'strlen' differ in signedness [-Wpointer-sign]
e:\xilinx\14.7\ise_ds\edk\gnu\microblaze\nt\bin\../lib/gcc/microblaze-xilinx-elf/4.6.4/../../../../microblaze-xilinx-elf/include/string.h:35:9: note: expected 'const char *' but argument is of type 'u8 *'
'Finished building: ../src/helloworld.c'
' '
'Building target: uart.elf'
'Invoking: MicroBlaze gcc linker'
mb-gcc -Wl,-T -Wl,../src/lscript.ld -L../../uart_bsp/microblaze_0/lib -mxl-barrel-shift -mxl-pattern-compare -mcpu=v8.50.c -mno-xl-soft-mul -Wl,--no-relax -Wl,--gc-sections -o "uart.elf"  ./src/helloworld.o ./src/platform.o   -Wl,--start-group,-lxil,-lgcc,-lc,--end-group
'Finished building target: uart.elf'
' '
'Invoking: MicroBlaze Print Size'
mb-size uart.elf  |tee "uart.elf.size"
   text	   data	    bss	    dec	    hex	filename
   4054	    392	   2208	   6654	   19fe	uart.elf
'Finished building: uart.elf.size'
' '
'Invoking: Xilinx ELF Check'
elfcheck uart.elf -hw ../../Uart_hw_platform/system.xml -pe microblaze_0  |tee "uart.elf.elfcheck"
elfcheck
Xilinx EDK 14.7 Build EDK_P.20131013
Copyright (c) 1995-2012 Xilinx, Inc.  All rights reserved.

Command Line: elfcheck -hw ../../Uart_hw_platform/system.xml -pe microblaze_0
uart.elf 

ELF file	: uart.elf
elfcheck passed.
'Finished building: uart.elf.elfcheck'
' '
15:08:19 **** Auto Build of configuration Debug for project uart ****
make all 
'Building file: ../src/helloworld.c'
'Invoking: MicroBlaze gcc compiler'
mb-gcc -Wall -O0 -g3 -c -fmessage-length=0 -I../../uart_bsp/microblaze_0/include -mxl-barrel-shift -mxl-pattern-compare -mcpu=v8.50.c -mno-xl-soft-mul -Wl,--no-relax -ffunction-sections -fdata-sections -MMD -MP -MF"src/helloworld.d" -MT"src/helloworld.d" -o "src/helloworld.o" "../src/helloworld.c"
../src/helloworld.c: In function 'main':
../src/helloworld.c:37:3: warning: pointer targets in passing argument 1 of 'strlen' differ in signedness [-Wpointer-sign]
e:\xilinx\14.7\ise_ds\edk\gnu\microblaze\nt\bin\../lib/gcc/microblaze-xilinx-elf/4.6.4/../../../../microblaze-xilinx-elf/include/string.h:35:9: note: expected 'const char *' but argument is of type 'u8 *'
'Finished building: ../src/helloworld.c'
' '
'Building target: uart.elf'
'Invoking: MicroBlaze gcc linker'
mb-gcc -Wl,-T -Wl,../src/lscript.ld -L../../uart_bsp/microblaze_0/lib -mxl-barrel-shift -mxl-pattern-compare -mcpu=v8.50.c -mno-xl-soft-mul -Wl,--no-relax -Wl,--gc-sections -o "uart.elf"  ./src/helloworld.o ./src/platform.o   -Wl,--start-group,-lxil,-lgcc,-lc,--end-group
'Finished building target: uart.elf'
' '
'Invoking: MicroBlaze Print Size'
mb-size uart.elf  |tee "uart.elf.size"
   text	   data	    bss	    dec	    hex	filename
   4054	    412	   2212	   6678	   1a16	uart.elf
'Finished building: uart.elf.size'
' '
'Invoking: Xilinx ELF Check'
elfcheck uart.elf -hw ../../Uart_hw_platform/system.xml -pe microblaze_0  |tee "uart.elf.elfcheck"
elfcheck
Xilinx EDK 14.7 Build EDK_P.20131013
Copyright (c) 1995-2012 Xilinx, Inc.  All rights reserved.

Command Line: elfcheck -hw ../../Uart_hw_platform/system.xml -pe microblaze_0
uart.elf 

ELF file	: uart.elf
elfcheck passed.
'Finished building: uart.elf.elfcheck'
' '
15:09:24 **** Auto Build of configuration Debug for project uart ****
make all 
'Building file: ../src/helloworld.c'
'Invoking: MicroBlaze gcc compiler'
mb-gcc -Wall -O0 -g3 -c -fmessage-length=0 -I../../uart_bsp/microblaze_0/include -mxl-barrel-shift -mxl-pattern-compare -mcpu=v8.50.c -mno-xl-soft-mul -Wl,--no-relax -ffunction-sections -fdata-sections -MMD -MP -MF"src/helloworld.d" -MT"src/helloworld.d" -o "src/helloworld.o" "../src/helloworld.c"
'Finished building: ../src/helloworld.c'
' '
'Building target: uart.elf'
'Invoking: MicroBlaze gcc linker'
mb-gcc -Wl,-T -Wl,../src/lscript.ld -L../../uart_bsp/microblaze_0/lib -mxl-barrel-shift -mxl-pattern-compare -mcpu=v8.50.c -mno-xl-soft-mul -Wl,--no-relax -Wl,--gc-sections -o "uart.elf"  ./src/helloworld.o ./src/platform.o   -Wl,--start-group,-lxil,-lgcc,-lc,--end-group
'Finished building target: uart.elf'
' '
'Invoking: MicroBlaze Print Size'
mb-size uart.elf  |tee "uart.elf.size"
   text	   data	    bss	    dec	    hex	filename
   3942	    412	   2212	   6566	   19a6	uart.elf
'Finished building: uart.elf.size'
' '
'Invoking: Xilinx ELF Check'
elfcheck uart.elf -hw ../../Uart_hw_platform/system.xml -pe microblaze_0  |tee "uart.elf.elfcheck"
elfcheck
Xilinx EDK 14.7 Build EDK_P.20131013
Copyright (c) 1995-2012 Xilinx, Inc.  All rights reserved.

Command Line: elfcheck -hw ../../Uart_hw_platform/system.xml -pe microblaze_0
uart.elf 

ELF file	: uart.elf
elfcheck passed.
'Finished building: uart.elf.elfcheck'
' '
15:10:11 **** Auto Build of configuration Debug for project uart ****
make all 
'Building file: ../src/helloworld.c'
'Invoking: MicroBlaze gcc compiler'
mb-gcc -Wall -O0 -g3 -c -fmessage-length=0 -I../../uart_bsp/microblaze_0/include -mxl-barrel-shift -mxl-pattern-compare -mcpu=v8.50.c -mno-xl-soft-mul -Wl,--no-relax -ffunction-sections -fdata-sections -MMD -MP -MF"src/helloworld.d" -MT"src/helloworld.d" -o "src/helloworld.o" "../src/helloworld.c"
'Finished building: ../src/helloworld.c'
' '
'Building target: uart.elf'
'Invoking: MicroBlaze gcc linker'
mb-gcc -Wl,-T -Wl,../src/lscript.ld -L../../uart_bsp/microblaze_0/lib -mxl-barrel-shift -mxl-pattern-compare -mcpu=v8.50.c -mno-xl-soft-mul -Wl,--no-relax -Wl,--gc-sections -o "uart.elf"  ./src/helloworld.o ./src/platform.o   -Wl,--start-group,-lxil,-lgcc,-lc,--end-group
'Finished building target: uart.elf'
' '
'Invoking: MicroBlaze Print Size'
mb-size uart.elf  |tee "uart.elf.size"
   text	   data	    bss	    dec	    hex	filename
   3558	    412	   2212	   6182	   1826	uart.elf
'Finished building: uart.elf.size'
' '
'Invoking: Xilinx ELF Check'
elfcheck uart.elf -hw ../../Uart_hw_platform/system.xml -pe microblaze_0  |tee "uart.elf.elfcheck"
elfcheck
Xilinx EDK 14.7 Build EDK_P.20131013
Copyright (c) 1995-2012 Xilinx, Inc.  All rights reserved.

Command Line: elfcheck -hw ../../Uart_hw_platform/system.xml -pe microblaze_0
uart.elf 

ELF file	: uart.elf
elfcheck passed.
'Finished building: uart.elf.elfcheck'
' '
15:11:05 **** Auto Build of configuration Debug for project uart ****
make all 
'Building file: ../src/helloworld.c'
'Invoking: MicroBlaze gcc compiler'
mb-gcc -Wall -O0 -g3 -c -fmessage-length=0 -I../../uart_bsp/microblaze_0/include -mxl-barrel-shift -mxl-pattern-compare -mcpu=v8.50.c -mno-xl-soft-mul -Wl,--no-relax -ffunction-sections -fdata-sections -MMD -MP -MF"src/helloworld.d" -MT"src/helloworld.d" -o "src/helloworld.o" "../src/helloworld.c"
../src/helloworld.c: In function 'main':
../src/helloworld.c:37:3: warning: pointer targets in passing argument 1 of 'strlen' differ in signedness [-Wpointer-sign]
e:\xilinx\14.7\ise_ds\edk\gnu\microblaze\nt\bin\../lib/gcc/microblaze-xilinx-elf/4.6.4/../../../../microblaze-xilinx-elf/include/string.h:35:9: note: expected 'const char *' but argument is of type 'u8 *'
'Finished building: ../src/helloworld.c'
' '
'Building target: uart.elf'
'Invoking: MicroBlaze gcc linker'
mb-gcc -Wl,-T -Wl,../src/lscript.ld -L../../uart_bsp/microblaze_0/lib -mxl-barrel-shift -mxl-pattern-compare -mcpu=v8.50.c -mno-xl-soft-mul -Wl,--no-relax -Wl,--gc-sections -o "uart.elf"  ./src/helloworld.o ./src/platform.o   -Wl,--start-group,-lxil,-lgcc,-lc,--end-group
'Finished building target: uart.elf'
' '
'Invoking: MicroBlaze Print Size'
mb-size uart.elf  |tee "uart.elf.size"
   text	   data	    bss	    dec	    hex	filename
   3670	    412	   2212	   6294	   1896	uart.elf
'Finished building: uart.elf.size'
' '
'Invoking: Xilinx ELF Check'
elfcheck uart.elf -hw ../../Uart_hw_platform/system.xml -pe microblaze_0  |tee "uart.elf.elfcheck"
elfcheck
Xilinx EDK 14.7 Build EDK_P.20131013
Copyright (c) 1995-2012 Xilinx, Inc.  All rights reserved.

Command Line: elfcheck -hw ../../Uart_hw_platform/system.xml -pe microblaze_0
uart.elf 

ELF file	: uart.elf
elfcheck passed.
'Finished building: uart.elf.elfcheck'
' '
15:21:52 **** Auto Build of configuration Debug for project uart ****
make all 
'Building file: ../src/helloworld.c'
'Invoking: MicroBlaze gcc compiler'
mb-gcc -Wall -O0 -g3 -c -fmessage-length=0 -I../../uart_bsp/microblaze_0/include -mxl-barrel-shift -mxl-pattern-compare -mcpu=v8.50.c -mno-xl-soft-mul -Wl,--no-relax -ffunction-sections -fdata-sections -MMD -MP -MF"src/helloworld.d" -MT"src/helloworld.d" -o "src/helloworld.o" "../src/helloworld.c"
../src/helloworld.c: In function 'main':
../src/helloworld.c:35:68: error: 'Xil_ExceptionHandler' undeclared (first use in this function)
../src/helloworld.c:35:68: note: each undeclared identifier is reported only once for each function it appears in
../src/helloworld.c:35:89: error: expected ')' before 'RS232_Interrupcion'
../src/helloworld.c:35:89: error: too few arguments to function 'XIntc_Connect'
../../uart_bsp/microblaze_0/include/xintc.h:307:5: note: declared here
../src/helloworld.c:39:3: warning: pointer targets in passing argument 1 of 'strlen' differ in signedness [-Wpointer-sign]
e:\xilinx\14.7\ise_ds\edk\gnu\microblaze\nt\bin\../lib/gcc/microblaze-xilinx-elf/4.6.4/../../../../microblaze-xilinx-elf/include/string.h:35:9: note: expected 'const char *' but argument is of type 'u8 *'
make: *** [src/helloworld.o] Error 1
15:23:34 **** Auto Build of configuration Debug for project uart ****
make all 
'Building file: ../src/helloworld.c'
'Invoking: MicroBlaze gcc compiler'
mb-gcc -Wall -O0 -g3 -c -fmessage-length=0 -I../../uart_bsp/microblaze_0/include -mxl-barrel-shift -mxl-pattern-compare -mcpu=v8.50.c -mno-xl-soft-mul -Wl,--no-relax -ffunction-sections -fdata-sections -MMD -MP -MF"src/helloworld.d" -MT"src/helloworld.d" -o "src/helloworld.o" "../src/helloworld.c"
../src/helloworld.c:17:27: warning: extra tokens at end of #include directive [enabled by default]
../src/helloworld.c: In function 'main':
../src/helloworld.c:39:3: warning: pointer targets in passing argument 1 of 'strlen' differ in signedness [-Wpointer-sign]
e:\xilinx\14.7\ise_ds\edk\gnu\microblaze\nt\bin\../lib/gcc/microblaze-xilinx-elf/4.6.4/../../../../microblaze-xilinx-elf/include/string.h:35:9: note: expected 'const char *' but argument is of type 'u8 *'
'Finished building: ../src/helloworld.c'
' '
'Building target: uart.elf'
'Invoking: MicroBlaze gcc linker'
mb-gcc -Wl,-T -Wl,../src/lscript.ld -L../../uart_bsp/microblaze_0/lib -mxl-barrel-shift -mxl-pattern-compare -mcpu=v8.50.c -mno-xl-soft-mul -Wl,--no-relax -Wl,--gc-sections -o "uart.elf"  ./src/helloworld.o ./src/platform.o   -Wl,--start-group,-lxil,-lgcc,-lc,--end-group
./src/helloworld.o: In function `main':
F:\Project\Modulo3_FPGA\Clase2\Uart\uart\Debug/../src/helloworld.c:35: undefined reference to `RS232_Interrupcion'
collect2: ld returned 1 exit status
make: *** [uart.elf] Error 1
15:23:55 **** Auto Build of configuration Debug for project uart ****
make all 
'Building file: ../src/helloworld.c'
'Invoking: MicroBlaze gcc compiler'
mb-gcc -Wall -O0 -g3 -c -fmessage-length=0 -I../../uart_bsp/microblaze_0/include -mxl-barrel-shift -mxl-pattern-compare -mcpu=v8.50.c -mno-xl-soft-mul -Wl,--no-relax -ffunction-sections -fdata-sections -MMD -MP -MF"src/helloworld.d" -MT"src/helloworld.d" -o "src/helloworld.o" "../src/helloworld.c"
../src/helloworld.c:17:27: warning: extra tokens at end of #include directive [enabled by default]
../src/helloworld.c: In function 'main':
../src/helloworld.c:39:3: warning: pointer targets in passing argument 1 of 'strlen' differ in signedness [-Wpointer-sign]
e:\xilinx\14.7\ise_ds\edk\gnu\microblaze\nt\bin\../lib/gcc/microblaze-xilinx-elf/4.6.4/../../../../microblaze-xilinx-elf/include/string.h:35:9: note: expected 'const char *' but argument is of type 'u8 *'
'Finished building: ../src/helloworld.c'
' '
'Building target: uart.elf'
'Invoking: MicroBlaze gcc linker'
mb-gcc -Wl,-T -Wl,../src/lscript.ld -L../../uart_bsp/microblaze_0/lib -mxl-barrel-shift -mxl-pattern-compare -mcpu=v8.50.c -mno-xl-soft-mul -Wl,--no-relax -Wl,--gc-sections -o "uart.elf"  ./src/helloworld.o ./src/platform.o   -Wl,--start-group,-lxil,-lgcc,-lc,--end-group
'Finished building target: uart.elf'
' '
'Invoking: MicroBlaze Print Size'
mb-size uart.elf  |tee "uart.elf.size"
   text	   data	    bss	    dec	    hex	filename
   4534	    412	   2364	   7310	   1c8e	uart.elf
'Finished building: uart.elf.size'
' '
'Invoking: Xilinx ELF Check'
elfcheck uart.elf -hw ../../Uart_hw_platform/system.xml -pe microblaze_0  |tee "uart.elf.elfcheck"
elfcheck
Xilinx EDK 14.7 Build EDK_P.20131013
Copyright (c) 1995-2012 Xilinx, Inc.  All rights reserved.

Command Line: elfcheck -hw ../../Uart_hw_platform/system.xml -pe microblaze_0
uart.elf 

ELF file	: uart.elf
elfcheck passed.
'Finished building: uart.elf.elfcheck'
' '
15:29:12 **** Auto Build of configuration Debug for project uart ****
make all 
'Building file: ../src/helloworld.c'
'Invoking: MicroBlaze gcc compiler'
mb-gcc -Wall -O0 -g3 -c -fmessage-length=0 -I../../uart_bsp/microblaze_0/include -mxl-barrel-shift -mxl-pattern-compare -mcpu=v8.50.c -mno-xl-soft-mul -Wl,--no-relax -ffunction-sections -fdata-sections -MMD -MP -MF"src/helloworld.d" -MT"src/helloworld.d" -o "src/helloworld.o" "../src/helloworld.c"
../src/helloworld.c:17:27: warning: extra tokens at end of #include directive [enabled by default]
../src/helloworld.c: In function 'main':
../src/helloworld.c:48:3: warning: pointer targets in passing argument 1 of 'strlen' differ in signedness [-Wpointer-sign]
e:\xilinx\14.7\ise_ds\edk\gnu\microblaze\nt\bin\../lib/gcc/microblaze-xilinx-elf/4.6.4/../../../../microblaze-xilinx-elf/include/string.h:35:9: note: expected 'const char *' but argument is of type 'u8 *'
'Finished building: ../src/helloworld.c'
' '
'Building target: uart.elf'
'Invoking: MicroBlaze gcc linker'
mb-gcc -Wl,-T -Wl,../src/lscript.ld -L../../uart_bsp/microblaze_0/lib -mxl-barrel-shift -mxl-pattern-compare -mcpu=v8.50.c -mno-xl-soft-mul -Wl,--no-relax -Wl,--gc-sections -o "uart.elf"  ./src/helloworld.o ./src/platform.o   -Wl,--start-group,-lxil,-lgcc,-lc,--end-group
'Finished building target: uart.elf'
' '
'Invoking: MicroBlaze Print Size'
mb-size uart.elf  |tee "uart.elf.size"
   text	   data	    bss	    dec	    hex	filename
   5422	    412	   2364	   8198	   2006	uart.elf
'Finished building: uart.elf.size'
' '
'Invoking: Xilinx ELF Check'
elfcheck uart.elf -hw ../../Uart_hw_platform/system.xml -pe microblaze_0  |tee "uart.elf.elfcheck"
elfcheck
Xilinx EDK 14.7 Build EDK_P.20131013
Copyright (c) 1995-2012 Xilinx, Inc.  All rights reserved.

Command Line: elfcheck -hw ../../Uart_hw_platform/system.xml -pe microblaze_0
uart.elf 

ELF file	: uart.elf
elfcheck passed.
'Finished building: uart.elf.elfcheck'
' '
15:32:35 **** Auto Build of configuration Debug for project uart ****
make all 
'Building file: ../src/helloworld.c'
'Invoking: MicroBlaze gcc compiler'
mb-gcc -Wall -O0 -g3 -c -fmessage-length=0 -I../../uart_bsp/microblaze_0/include -mxl-barrel-shift -mxl-pattern-compare -mcpu=v8.50.c -mno-xl-soft-mul -Wl,--no-relax -ffunction-sections -fdata-sections -MMD -MP -MF"src/helloworld.d" -MT"src/helloworld.d" -o "src/helloworld.o" "../src/helloworld.c"
../src/helloworld.c:17:27: warning: extra tokens at end of #include directive [enabled by default]
../src/helloworld.c: In function 'main':
../src/helloworld.c:48:3: warning: pointer targets in passing argument 1 of 'strlen' differ in signedness [-Wpointer-sign]
e:\xilinx\14.7\ise_ds\edk\gnu\microblaze\nt\bin\../lib/gcc/microblaze-xilinx-elf/4.6.4/../../../../microblaze-xilinx-elf/include/string.h:35:9: note: expected 'const char *' but argument is of type 'u8 *'
../src/helloworld.c: In function 'RS232_Interrupcion':
../src/helloworld.c:58:1: warning: passing argument 2 of 'XUartLite_Recv' makes pointer from integer without a cast [enabled by default]
../../uart_bsp/microblaze_0/include/xuartlite.h:250:14: note: expected 'u8 *' but argument is of type 'u8'
../src/helloworld.c:59:36: error: subscripted value is neither array nor pointer nor vector
../src/helloworld.c:61:35: error: '_' undeclared (first use in this function)
../src/helloworld.c:61:35: note: each undeclared identifier is reported only once for each function it appears in
../src/helloworld.c:63:1: error: expected ';' before '}' token
make: *** [src/helloworld.o] Error 1
15:33:32 **** Auto Build of configuration Debug for project uart ****
make all 
'Building file: ../src/helloworld.c'
'Invoking: MicroBlaze gcc compiler'
mb-gcc -Wall -O0 -g3 -c -fmessage-length=0 -I../../uart_bsp/microblaze_0/include -mxl-barrel-shift -mxl-pattern-compare -mcpu=v8.50.c -mno-xl-soft-mul -Wl,--no-relax -ffunction-sections -fdata-sections -MMD -MP -MF"src/helloworld.d" -MT"src/helloworld.d" -o "src/helloworld.o" "../src/helloworld.c"
../src/helloworld.c:17:27: warning: extra tokens at end of #include directive [enabled by default]
../src/helloworld.c: In function 'main':
../src/helloworld.c:48:3: warning: pointer targets in passing argument 1 of 'strlen' differ in signedness [-Wpointer-sign]
e:\xilinx\14.7\ise_ds\edk\gnu\microblaze\nt\bin\../lib/gcc/microblaze-xilinx-elf/4.6.4/../../../../microblaze-xilinx-elf/include/string.h:35:9: note: expected 'const char *' but argument is of type 'u8 *'
../src/helloworld.c: In function 'RS232_Interrupcion':
../src/helloworld.c:58:1: warning: passing argument 2 of 'XUartLite_Recv' makes pointer from integer without a cast [enabled by default]
../../uart_bsp/microblaze_0/include/xuartlite.h:250:14: note: expected 'u8 *' but argument is of type 'u8'
../src/helloworld.c:59:36: error: subscripted value is neither array nor pointer nor vector
../src/helloworld.c:61:35: error: '_' undeclared (first use in this function)
../src/helloworld.c:61:35: note: each undeclared identifier is reported only once for each function it appears in
../src/helloworld.c:63:1: error: expected ';' before '}' token
make: *** [src/helloworld.o] Error 1
15:33:41 **** Auto Build of configuration Debug for project uart ****
make all 
'Building file: ../src/helloworld.c'
'Invoking: MicroBlaze gcc compiler'
mb-gcc -Wall -O0 -g3 -c -fmessage-length=0 -I../../uart_bsp/microblaze_0/include -mxl-barrel-shift -mxl-pattern-compare -mcpu=v8.50.c -mno-xl-soft-mul -Wl,--no-relax -ffunction-sections -fdata-sections -MMD -MP -MF"src/helloworld.d" -MT"src/helloworld.d" -o "src/helloworld.o" "../src/helloworld.c"
../src/helloworld.c:17:27: warning: extra tokens at end of #include directive [enabled by default]
../src/helloworld.c: In function 'main':
../src/helloworld.c:48:3: warning: pointer targets in passing argument 1 of 'strlen' differ in signedness [-Wpointer-sign]
e:\xilinx\14.7\ise_ds\edk\gnu\microblaze\nt\bin\../lib/gcc/microblaze-xilinx-elf/4.6.4/../../../../microblaze-xilinx-elf/include/string.h:35:9: note: expected 'const char *' but argument is of type 'u8 *'
../src/helloworld.c: In function 'RS232_Interrupcion':
../src/helloworld.c:58:1: warning: passing argument 2 of 'XUartLite_Recv' makes pointer from integer without a cast [enabled by default]
../../uart_bsp/microblaze_0/include/xuartlite.h:250:14: note: expected 'u8 *' but argument is of type 'u8'
../src/helloworld.c:59:36: error: subscripted value is neither array nor pointer nor vector
make: *** [src/helloworld.o] Error 1
15:34:48 **** Auto Build of configuration Debug for project uart ****
make all 
'Building file: ../src/helloworld.c'
'Invoking: MicroBlaze gcc compiler'
mb-gcc -Wall -O0 -g3 -c -fmessage-length=0 -I../../uart_bsp/microblaze_0/include -mxl-barrel-shift -mxl-pattern-compare -mcpu=v8.50.c -mno-xl-soft-mul -Wl,--no-relax -ffunction-sections -fdata-sections -MMD -MP -MF"src/helloworld.d" -MT"src/helloworld.d" -o "src/helloworld.o" "../src/helloworld.c"
../src/helloworld.c:17:27: warning: extra tokens at end of #include directive [enabled by default]
../src/helloworld.c: In function 'main':
../src/helloworld.c:48:3: warning: pointer targets in passing argument 1 of 'strlen' differ in signedness [-Wpointer-sign]
e:\xilinx\14.7\ise_ds\edk\gnu\microblaze\nt\bin\../lib/gcc/microblaze-xilinx-elf/4.6.4/../../../../microblaze-xilinx-elf/include/string.h:35:9: note: expected 'const char *' but argument is of type 'u8 *'
../src/helloworld.c: In function 'RS232_Interrupcion':
../src/helloworld.c:58:2: warning: passing argument 2 of 'XUartLite_Recv' makes pointer from integer without a cast [enabled by default]
../../uart_bsp/microblaze_0/include/xuartlite.h:250:14: note: expected 'u8 *' but argument is of type 'u8'
../src/helloworld.c:59:39: error: subscripted value is neither array nor pointer nor vector
make: *** [src/helloworld.o] Error 1
15:35:16 **** Auto Build of configuration Debug for project uart ****
make all 
'Building file: ../src/helloworld.c'
'Invoking: MicroBlaze gcc compiler'
mb-gcc -Wall -O0 -g3 -c -fmessage-length=0 -I../../uart_bsp/microblaze_0/include -mxl-barrel-shift -mxl-pattern-compare -mcpu=v8.50.c -mno-xl-soft-mul -Wl,--no-relax -ffunction-sections -fdata-sections -MMD -MP -MF"src/helloworld.d" -MT"src/helloworld.d" -o "src/helloworld.o" "../src/helloworld.c"
../src/helloworld.c:17:27: warning: extra tokens at end of #include directive [enabled by default]
../src/helloworld.c: In function 'main':
../src/helloworld.c:50:3: warning: pointer targets in passing argument 1 of 'strlen' differ in signedness [-Wpointer-sign]
e:\xilinx\14.7\ise_ds\edk\gnu\microblaze\nt\bin\../lib/gcc/microblaze-xilinx-elf/4.6.4/../../../../microblaze-xilinx-elf/include/string.h:35:9: note: expected 'const char *' but argument is of type 'u8 *'
'Finished building: ../src/helloworld.c'
' '
'Building target: uart.elf'
'Invoking: MicroBlaze gcc linker'
mb-gcc -Wl,-T -Wl,../src/lscript.ld -L../../uart_bsp/microblaze_0/lib -mxl-barrel-shift -mxl-pattern-compare -mcpu=v8.50.c -mno-xl-soft-mul -Wl,--no-relax -Wl,--gc-sections -o "uart.elf"  ./src/helloworld.o ./src/platform.o   -Wl,--start-group,-lxil,-lgcc,-lc,--end-group
'Finished building target: uart.elf'
' '
'Invoking: MicroBlaze Print Size'
mb-size uart.elf  |tee "uart.elf.size"
   text	   data	    bss	    dec	    hex	filename
   6442	    412	   2378	   9232	   2410	uart.elf
'Finished building: uart.elf.size'
' '
'Invoking: Xilinx ELF Check'
elfcheck uart.elf -hw ../../Uart_hw_platform/system.xml -pe microblaze_0  |tee "uart.elf.elfcheck"
elfcheck
Xilinx EDK 14.7 Build EDK_P.20131013
Copyright (c) 1995-2012 Xilinx, Inc.  All rights reserved.

Command Line: elfcheck -hw ../../Uart_hw_platform/system.xml -pe microblaze_0
uart.elf 

ELF file	: uart.elf
elfcheck passed.
'Finished building: uart.elf.elfcheck'
' '
15:46:59 **** Auto Build of configuration Debug for project uart ****
make all 
'Building file: ../src/helloworld.c'
'Invoking: MicroBlaze gcc compiler'
mb-gcc -Wall -O0 -g3 -c -fmessage-length=0 -I../../uart_bsp/microblaze_0/include -mxl-barrel-shift -mxl-pattern-compare -mcpu=v8.50.c -mno-xl-soft-mul -Wl,--no-relax -ffunction-sections -fdata-sections -MMD -MP -MF"src/helloworld.d" -MT"src/helloworld.d" -o "src/helloworld.o" "../src/helloworld.c"
../src/helloworld.c:17:27: warning: extra tokens at end of #include directive [enabled by default]
../src/helloworld.c: In function 'main':
../src/helloworld.c:50:3: warning: pointer targets in passing argument 1 of 'strlen' differ in signedness [-Wpointer-sign]
e:\xilinx\14.7\ise_ds\edk\gnu\microblaze\nt\bin\../lib/gcc/microblaze-xilinx-elf/4.6.4/../../../../microblaze-xilinx-elf/include/string.h:35:9: note: expected 'const char *' but argument is of type 'u8 *'
'Finished building: ../src/helloworld.c'
' '
'Building target: uart.elf'
'Invoking: MicroBlaze gcc linker'
mb-gcc -Wl,-T -Wl,../src/lscript.ld -L../../uart_bsp/microblaze_0/lib -mxl-barrel-shift -mxl-pattern-compare -mcpu=v8.50.c -mno-xl-soft-mul -Wl,--no-relax -Wl,--gc-sections -o "uart.elf"  ./src/helloworld.o ./src/platform.o   -Wl,--start-group,-lxil,-lgcc,-lc,--end-group
'Finished building target: uart.elf'
' '
'Invoking: MicroBlaze Print Size'
mb-size uart.elf  |tee "uart.elf.size"
   text	   data	    bss	    dec	    hex	filename
   6442	    412	   2378	   9232	   2410	uart.elf
'Finished building: uart.elf.size'
' '
'Invoking: Xilinx ELF Check'
elfcheck uart.elf -hw ../../Uart_hw_platform/system.xml -pe microblaze_0  |tee "uart.elf.elfcheck"
elfcheck
Xilinx EDK 14.7 Build EDK_P.20131013
Copyright (c) 1995-2012 Xilinx, Inc.  All rights reserved.

Command Line: elfcheck -hw ../../Uart_hw_platform/system.xml -pe microblaze_0
uart.elf 

ELF file	: uart.elf
elfcheck passed.
'Finished building: uart.elf.elfcheck'
' '
